1. Train + Interpret
2. Interpret
3. Smoke Test
Type 1 or 2 or 3:
Loaded 203 valid homes.
Loaded 25 valid homes.
Loaded 26 valid homes.
/userhome/cs/u3566665/urban-electricity-load-forecasting/src/PytorchDataset/IdealPytorchDataset.py:119: UserWarning: The given NumPy array is not writable, and PyTorch does not support non-writable tensors. This means writing to this tensor will result in undefined behavior. You may want to copy the array to protect its data or make it writable before converting it to a tensor. This type of warning will be suppressed for the rest of this program. (Triggered internally at /pytorch/torch/csrc/utils/tensor_numpy.cpp:213.)
  x_past_power = torch.from_numpy(input_seq["value"].values).float().unsqueeze(-1)
Epoch 0 | Train Loss: 0.0541 | Val Loss: 0.0707 | LR: 1e-06
Validation loss decreased (inf --> 0.070679).  Saving model ...
Epoch 1 | Train Loss: 0.0519 | Val Loss: 0.0697 | LR: 1e-06
Validation loss decreased (0.070679 --> 0.069707).  Saving model ...
Epoch 2 | Train Loss: 0.0533 | Val Loss: 0.0374 | LR: 1e-06
Validation loss decreased (0.069707 --> 0.037376).  Saving model ...
Epoch 3 | Train Loss: 0.0576 | Val Loss: 0.0546 | LR: 1e-06
EarlyStopping counter: 1 out of 100
Epoch 4 | Train Loss: 0.0591 | Val Loss: 0.1040 | LR: 1e-06
EarlyStopping counter: 2 out of 100
Epoch 5 | Train Loss: 0.0606 | Val Loss: 0.0636 | LR: 1e-06
EarlyStopping counter: 3 out of 100
Epoch 6 | Train Loss: 0.0572 | Val Loss: 0.0656 | LR: 1e-06
EarlyStopping counter: 4 out of 100
Epoch 7 | Train Loss: 0.0536 | Val Loss: 0.0555 | LR: 1e-06
EarlyStopping counter: 5 out of 100
Epoch 8 | Train Loss: 0.0585 | Val Loss: 0.0652 | LR: 1e-06
EarlyStopping counter: 6 out of 100
Epoch 9 | Train Loss: 0.0552 | Val Loss: 0.0811 | LR: 1e-06
EarlyStopping counter: 7 out of 100
Epoch 10 | Train Loss: 0.0528 | Val Loss: 0.0610 | LR: 1e-06
EarlyStopping counter: 8 out of 100
Epoch 11 | Train Loss: 0.0564 | Val Loss: 0.1001 | LR: 1e-06
EarlyStopping counter: 9 out of 100
Epoch 12 | Train Loss: 0.0581 | Val Loss: 0.0955 | LR: 1e-06
EarlyStopping counter: 10 out of 100
Epoch 13 | Train Loss: 0.0589 | Val Loss: 0.0596 | LR: 1e-06
EarlyStopping counter: 11 out of 100
Epoch 14 | Train Loss: 0.0546 | Val Loss: 0.0931 | LR: 1e-06
EarlyStopping counter: 12 out of 100
Epoch 15 | Train Loss: 0.0527 | Val Loss: 0.0842 | LR: 1e-06
EarlyStopping counter: 13 out of 100
Epoch 16 | Train Loss: 0.0515 | Val Loss: 0.0966 | LR: 1e-06
EarlyStopping counter: 14 out of 100
Epoch 17 | Train Loss: 0.0541 | Val Loss: 0.0895 | LR: 1e-06
EarlyStopping counter: 15 out of 100
Epoch 18 | Train Loss: 0.0520 | Val Loss: 0.0426 | LR: 1e-06
EarlyStopping counter: 16 out of 100
Epoch 19 | Train Loss: 0.0544 | Val Loss: 0.0456 | LR: 1e-06
EarlyStopping counter: 17 out of 100
Epoch 20 | Train Loss: 0.0599 | Val Loss: 0.0700 | LR: 1e-06
EarlyStopping counter: 18 out of 100
Epoch 21 | Train Loss: 0.0525 | Val Loss: 0.0454 | LR: 1e-06
EarlyStopping counter: 19 out of 100
Epoch 22 | Train Loss: 0.0510 | Val Loss: 0.0434 | LR: 1e-06
EarlyStopping counter: 20 out of 100
Epoch 23 | Train Loss: 0.0545 | Val Loss: 0.0506 | LR: 1e-06
EarlyStopping counter: 21 out of 100
Epoch 24 | Train Loss: 0.0576 | Val Loss: 0.0612 | LR: 1e-06
EarlyStopping counter: 22 out of 100
Epoch 25 | Train Loss: 0.0503 | Val Loss: 0.0630 | LR: 1e-06
EarlyStopping counter: 23 out of 100
Epoch 26 | Train Loss: 0.0514 | Val Loss: 0.0327 | LR: 1e-06
Validation loss decreased (0.037376 --> 0.032735).  Saving model ...
Epoch 27 | Train Loss: 0.0593 | Val Loss: 0.0397 | LR: 1e-06
EarlyStopping counter: 1 out of 100
Epoch 28 | Train Loss: 0.0504 | Val Loss: 0.0667 | LR: 1e-06
EarlyStopping counter: 2 out of 100
Epoch 29 | Train Loss: 0.0502 | Val Loss: 0.0452 | LR: 1e-06
EarlyStopping counter: 3 out of 100
Epoch 30 | Train Loss: 0.0465 | Val Loss: 0.0739 | LR: 1e-06
EarlyStopping counter: 4 out of 100
Epoch 31 | Train Loss: 0.0474 | Val Loss: 0.0752 | LR: 1e-06
EarlyStopping counter: 5 out of 100
Epoch 32 | Train Loss: 0.0495 | Val Loss: 0.0493 | LR: 1e-06
EarlyStopping counter: 6 out of 100
Epoch 33 | Train Loss: 0.0476 | Val Loss: 0.0978 | LR: 1e-06
EarlyStopping counter: 7 out of 100
Epoch 34 | Train Loss: 0.0545 | Val Loss: 0.0457 | LR: 1e-06
EarlyStopping counter: 8 out of 100
Epoch 35 | Train Loss: 0.0503 | Val Loss: 0.0635 | LR: 1e-06
EarlyStopping counter: 9 out of 100
Epoch 36 | Train Loss: 0.0501 | Val Loss: 0.0554 | LR: 1e-06
EarlyStopping counter: 10 out of 100
Epoch 37 | Train Loss: 0.0510 | Val Loss: 0.0364 | LR: 1e-06
EarlyStopping counter: 11 out of 100
Epoch 38 | Train Loss: 0.0557 | Val Loss: 0.0404 | LR: 1e-06
EarlyStopping counter: 12 out of 100
Epoch 39 | Train Loss: 0.0486 | Val Loss: 0.0588 | LR: 1e-06
EarlyStopping counter: 13 out of 100
Epoch 40 | Train Loss: 0.0450 | Val Loss: 0.0439 | LR: 1e-06
EarlyStopping counter: 14 out of 100
Epoch 41 | Train Loss: 0.0504 | Val Loss: 0.0279 | LR: 1e-06
Validation loss decreased (0.032735 --> 0.027855).  Saving model ...
Epoch 42 | Train Loss: 0.0463 | Val Loss: 0.0508 | LR: 1e-06
EarlyStopping counter: 1 out of 100
Epoch 43 | Train Loss: 0.0474 | Val Loss: 0.0450 | LR: 1e-06
EarlyStopping counter: 2 out of 100
Epoch 44 | Train Loss: 0.0405 | Val Loss: 0.0494 | LR: 1e-06
EarlyStopping counter: 3 out of 100
Epoch 45 | Train Loss: 0.0436 | Val Loss: 0.0660 | LR: 1e-06
EarlyStopping counter: 4 out of 100
Epoch 46 | Train Loss: 0.0486 | Val Loss: 0.0813 | LR: 1e-06
EarlyStopping counter: 5 out of 100
Epoch 47 | Train Loss: 0.0408 | Val Loss: 0.0394 | LR: 1e-06
EarlyStopping counter: 6 out of 100
Epoch 48 | Train Loss: 0.0464 | Val Loss: 0.0600 | LR: 1e-06
EarlyStopping counter: 7 out of 100
Epoch 49 | Train Loss: 0.0472 | Val Loss: 0.0447 | LR: 1e-06
EarlyStopping counter: 8 out of 100
Epoch 50 | Train Loss: 0.0442 | Val Loss: 0.0725 | LR: 1e-06
EarlyStopping counter: 9 out of 100
Epoch 51 | Train Loss: 0.0410 | Val Loss: 0.0436 | LR: 1e-06
EarlyStopping counter: 10 out of 100
Epoch 52 | Train Loss: 0.0475 | Val Loss: 0.0435 | LR: 1e-06
EarlyStopping counter: 11 out of 100
Epoch 53 | Train Loss: 0.0372 | Val Loss: 0.0358 | LR: 1e-06
EarlyStopping counter: 12 out of 100
Epoch 54 | Train Loss: 0.0510 | Val Loss: 0.0370 | LR: 1e-06
EarlyStopping counter: 13 out of 100
Epoch 55 | Train Loss: 0.0455 | Val Loss: 0.0550 | LR: 1e-06
EarlyStopping counter: 14 out of 100
Epoch 56 | Train Loss: 0.0518 | Val Loss: 0.0652 | LR: 1e-06
EarlyStopping counter: 15 out of 100
Epoch 57 | Train Loss: 0.0385 | Val Loss: 0.0683 | LR: 1e-06
EarlyStopping counter: 16 out of 100
Epoch 58 | Train Loss: 0.0427 | Val Loss: 0.0631 | LR: 1e-06
EarlyStopping counter: 17 out of 100
Epoch 59 | Train Loss: 0.0450 | Val Loss: 0.0443 | LR: 1e-06
EarlyStopping counter: 18 out of 100
Epoch 60 | Train Loss: 0.0457 | Val Loss: 0.0638 | LR: 1e-06
EarlyStopping counter: 19 out of 100
Epoch 61 | Train Loss: 0.0426 | Val Loss: 0.0503 | LR: 1e-06
EarlyStopping counter: 20 out of 100
Epoch 62 | Train Loss: 0.0371 | Val Loss: 0.0662 | LR: 1e-06
EarlyStopping counter: 21 out of 100
Epoch 63 | Train Loss: 0.0400 | Val Loss: 0.0729 | LR: 1e-06
EarlyStopping counter: 22 out of 100
Epoch 64 | Train Loss: 0.0363 | Val Loss: 0.0493 | LR: 1e-06
EarlyStopping counter: 23 out of 100
Epoch 65 | Train Loss: 0.0418 | Val Loss: 0.0553 | LR: 1e-06
EarlyStopping counter: 24 out of 100
Epoch 66 | Train Loss: 0.0358 | Val Loss: 0.0703 | LR: 1e-06
EarlyStopping counter: 25 out of 100
Epoch 67 | Train Loss: 0.0373 | Val Loss: 0.0528 | LR: 1e-06
EarlyStopping counter: 26 out of 100
Epoch 68 | Train Loss: 0.0369 | Val Loss: 0.0387 | LR: 1e-06
EarlyStopping counter: 27 out of 100
Epoch 69 | Train Loss: 0.0403 | Val Loss: 0.0460 | LR: 1e-06
EarlyStopping counter: 28 out of 100
Epoch 70 | Train Loss: 0.0396 | Val Loss: 0.0477 | LR: 1e-06
EarlyStopping counter: 29 out of 100
Epoch 71 | Train Loss: 0.0359 | Val Loss: 0.0471 | LR: 1e-06
EarlyStopping counter: 30 out of 100
Epoch 72 | Train Loss: 0.0371 | Val Loss: 0.0590 | LR: 1e-06
EarlyStopping counter: 31 out of 100
Epoch 73 | Train Loss: 0.0422 | Val Loss: 0.0497 | LR: 1e-06
EarlyStopping counter: 32 out of 100
Epoch 74 | Train Loss: 0.0357 | Val Loss: 0.0410 | LR: 1e-06
EarlyStopping counter: 33 out of 100
Epoch 75 | Train Loss: 0.0412 | Val Loss: 0.0454 | LR: 1e-06
EarlyStopping counter: 34 out of 100
Epoch 76 | Train Loss: 0.0425 | Val Loss: 0.0281 | LR: 1e-06
EarlyStopping counter: 35 out of 100
Epoch 77 | Train Loss: 0.0360 | Val Loss: 0.0742 | LR: 1e-06
EarlyStopping counter: 36 out of 100
Epoch 78 | Train Loss: 0.0350 | Val Loss: 0.0431 | LR: 1e-06
EarlyStopping counter: 37 out of 100
Epoch 79 | Train Loss: 0.0391 | Val Loss: 0.0578 | LR: 1e-06
EarlyStopping counter: 38 out of 100
Epoch 80 | Train Loss: 0.0378 | Val Loss: 0.0534 | LR: 1e-06
EarlyStopping counter: 39 out of 100
Epoch 81 | Train Loss: 0.0393 | Val Loss: 0.0416 | LR: 1e-06
EarlyStopping counter: 40 out of 100
Epoch 82 | Train Loss: 0.0335 | Val Loss: 0.0363 | LR: 1e-06
EarlyStopping counter: 41 out of 100
Epoch 83 | Train Loss: 0.0383 | Val Loss: 0.0407 | LR: 1e-06
EarlyStopping counter: 42 out of 100
Epoch 84 | Train Loss: 0.0349 | Val Loss: 0.0850 | LR: 1e-06
EarlyStopping counter: 43 out of 100
Epoch 85 | Train Loss: 0.0442 | Val Loss: 0.0390 | LR: 1e-06
EarlyStopping counter: 44 out of 100
Epoch 86 | Train Loss: 0.0317 | Val Loss: 0.0367 | LR: 1e-06
EarlyStopping counter: 45 out of 100
Epoch 87 | Train Loss: 0.0393 | Val Loss: 0.0372 | LR: 1e-06
EarlyStopping counter: 46 out of 100
Epoch 88 | Train Loss: 0.0370 | Val Loss: 0.0378 | LR: 1e-06
EarlyStopping counter: 47 out of 100
Epoch 89 | Train Loss: 0.0415 | Val Loss: 0.0355 | LR: 1e-06
EarlyStopping counter: 48 out of 100
Epoch 90 | Train Loss: 0.0373 | Val Loss: 0.0344 | LR: 1e-06
EarlyStopping counter: 49 out of 100
Epoch 91 | Train Loss: 0.0384 | Val Loss: 0.0828 | LR: 1e-06
EarlyStopping counter: 50 out of 100
Epoch 92 | Train Loss: 0.0332 | Val Loss: 0.0515 | LR: 1e-06
EarlyStopping counter: 51 out of 100
Epoch 93 | Train Loss: 0.0382 | Val Loss: 0.0442 | LR: 1e-07
EarlyStopping counter: 52 out of 100
Epoch 94 | Train Loss: 0.0365 | Val Loss: 0.0310 | LR: 1e-07
EarlyStopping counter: 53 out of 100
Epoch 95 | Train Loss: 0.0395 | Val Loss: 0.0455 | LR: 1e-07
EarlyStopping counter: 54 out of 100
Epoch 96 | Train Loss: 0.0387 | Val Loss: 0.0275 | LR: 1e-07
Validation loss decreased (0.027855 --> 0.027526).  Saving model ...
Epoch 97 | Train Loss: 0.0336 | Val Loss: 0.0905 | LR: 1e-07
EarlyStopping counter: 1 out of 100
Epoch 98 | Train Loss: 0.0437 | Val Loss: 0.0681 | LR: 1e-07
EarlyStopping counter: 2 out of 100
Epoch 99 | Train Loss: 0.0339 | Val Loss: 0.0321 | LR: 1e-07
EarlyStopping counter: 3 out of 100
Epoch 100 | Train Loss: 0.0381 | Val Loss: 0.0332 | LR: 1e-07
EarlyStopping counter: 4 out of 100
Epoch 101 | Train Loss: 0.0378 | Val Loss: 0.0333 | LR: 1e-07
EarlyStopping counter: 5 out of 100
Epoch 102 | Train Loss: 0.0395 | Val Loss: 0.0417 | LR: 1e-07
EarlyStopping counter: 6 out of 100
Epoch 103 | Train Loss: 0.0411 | Val Loss: 0.0554 | LR: 1e-07
EarlyStopping counter: 7 out of 100
Epoch 104 | Train Loss: 0.0431 | Val Loss: 0.0641 | LR: 1e-07
EarlyStopping counter: 8 out of 100
Epoch 105 | Train Loss: 0.0381 | Val Loss: 0.0362 | LR: 1e-07
EarlyStopping counter: 9 out of 100
Epoch 106 | Train Loss: 0.0307 | Val Loss: 0.0656 | LR: 1e-07
EarlyStopping counter: 10 out of 100
Epoch 107 | Train Loss: 0.0440 | Val Loss: 0.0697 | LR: 1e-07
EarlyStopping counter: 11 out of 100
Epoch 108 | Train Loss: 0.0350 | Val Loss: 0.0761 | LR: 1e-07
EarlyStopping counter: 12 out of 100
Epoch 109 | Train Loss: 0.0330 | Val Loss: 0.0347 | LR: 1e-07
EarlyStopping counter: 13 out of 100
Epoch 110 | Train Loss: 0.0348 | Val Loss: 0.0336 | LR: 1e-07
EarlyStopping counter: 14 out of 100
Epoch 111 | Train Loss: 0.0317 | Val Loss: 0.0462 | LR: 1e-07
EarlyStopping counter: 15 out of 100
Epoch 112 | Train Loss: 0.0417 | Val Loss: 0.0266 | LR: 1e-07
Validation loss decreased (0.027526 --> 0.026604).  Saving model ...
Epoch 113 | Train Loss: 0.0414 | Val Loss: 0.0465 | LR: 1e-07
EarlyStopping counter: 1 out of 100
Epoch 114 | Train Loss: 0.0322 | Val Loss: 0.0294 | LR: 1e-07
EarlyStopping counter: 2 out of 100
Epoch 115 | Train Loss: 0.0389 | Val Loss: 0.0390 | LR: 1e-07
EarlyStopping counter: 3 out of 100
Epoch 116 | Train Loss: 0.0321 | Val Loss: 0.0636 | LR: 1e-07
EarlyStopping counter: 4 out of 100
Epoch 117 | Train Loss: 0.0367 | Val Loss: 0.0247 | LR: 1e-07
Validation loss decreased (0.026604 --> 0.024667).  Saving model ...
Epoch 118 | Train Loss: 0.0357 | Val Loss: 0.0454 | LR: 1e-07
EarlyStopping counter: 1 out of 100
Epoch 119 | Train Loss: 0.0386 | Val Loss: 0.0262 | LR: 1e-07
EarlyStopping counter: 2 out of 100
Epoch 120 | Train Loss: 0.0331 | Val Loss: 0.0610 | LR: 1e-07
EarlyStopping counter: 3 out of 100
Epoch 121 | Train Loss: 0.0299 | Val Loss: 0.0284 | LR: 1e-07
EarlyStopping counter: 4 out of 100
Epoch 122 | Train Loss: 0.0405 | Val Loss: 0.0305 | LR: 1e-07
EarlyStopping counter: 5 out of 100
Epoch 123 | Train Loss: 0.0401 | Val Loss: 0.0297 | LR: 1e-07
EarlyStopping counter: 6 out of 100
Epoch 124 | Train Loss: 0.0339 | Val Loss: 0.0476 | LR: 1e-07
EarlyStopping counter: 7 out of 100
Epoch 125 | Train Loss: 0.0343 | Val Loss: 0.0421 | LR: 1e-07
EarlyStopping counter: 8 out of 100
Epoch 126 | Train Loss: 0.0363 | Val Loss: 0.0340 | LR: 1e-07
EarlyStopping counter: 9 out of 100
Epoch 127 | Train Loss: 0.0333 | Val Loss: 0.0322 | LR: 1e-07
EarlyStopping counter: 10 out of 100
Epoch 128 | Train Loss: 0.0331 | Val Loss: 0.0473 | LR: 1e-07
EarlyStopping counter: 11 out of 100
Epoch 129 | Train Loss: 0.0342 | Val Loss: 0.0483 | LR: 1e-07
EarlyStopping counter: 12 out of 100
Epoch 130 | Train Loss: 0.0381 | Val Loss: 0.0335 | LR: 1e-07
EarlyStopping counter: 13 out of 100
Epoch 131 | Train Loss: 0.0274 | Val Loss: 0.0156 | LR: 1e-07
Validation loss decreased (0.024667 --> 0.015570).  Saving model ...
Epoch 132 | Train Loss: 0.0404 | Val Loss: 0.0399 | LR: 1e-07
EarlyStopping counter: 1 out of 100
Epoch 133 | Train Loss: 0.0368 | Val Loss: 0.0551 | LR: 1e-07
EarlyStopping counter: 2 out of 100
Epoch 134 | Train Loss: 0.0359 | Val Loss: 0.0352 | LR: 1e-07
EarlyStopping counter: 3 out of 100
Epoch 135 | Train Loss: 0.0358 | Val Loss: 0.0715 | LR: 1e-07
EarlyStopping counter: 4 out of 100
Epoch 136 | Train Loss: 0.0366 | Val Loss: 0.0625 | LR: 1e-07
EarlyStopping counter: 5 out of 100
Epoch 137 | Train Loss: 0.0396 | Val Loss: 0.0513 | LR: 1e-07
EarlyStopping counter: 6 out of 100
Epoch 138 | Train Loss: 0.0475 | Val Loss: 0.0835 | LR: 1e-07
EarlyStopping counter: 7 out of 100
Epoch 139 | Train Loss: 0.0449 | Val Loss: 0.0618 | LR: 1e-07
EarlyStopping counter: 8 out of 100
Epoch 140 | Train Loss: 0.0384 | Val Loss: 0.0947 | LR: 1e-07
EarlyStopping counter: 9 out of 100
Epoch 141 | Train Loss: 0.0320 | Val Loss: 0.0569 | LR: 1e-07
EarlyStopping counter: 10 out of 100
Epoch 142 | Train Loss: 0.0356 | Val Loss: 0.0477 | LR: 1e-07
EarlyStopping counter: 11 out of 100
Epoch 143 | Train Loss: 0.0327 | Val Loss: 0.0984 | LR: 1e-07
EarlyStopping counter: 12 out of 100
Epoch 144 | Train Loss: 0.0305 | Val Loss: 0.0453 | LR: 1e-07
EarlyStopping counter: 13 out of 100
Epoch 145 | Train Loss: 0.0355 | Val Loss: 0.0542 | LR: 1e-07
EarlyStopping counter: 14 out of 100
Epoch 146 | Train Loss: 0.0346 | Val Loss: 0.0658 | LR: 1e-07
EarlyStopping counter: 15 out of 100
Epoch 147 | Train Loss: 0.0325 | Val Loss: 0.0208 | LR: 1e-07
EarlyStopping counter: 16 out of 100
Epoch 148 | Train Loss: 0.0471 | Val Loss: 0.0262 | LR: 1e-07
EarlyStopping counter: 17 out of 100
Epoch 149 | Train Loss: 0.0438 | Val Loss: 0.0393 | LR: 1e-07
EarlyStopping counter: 18 out of 100
Epoch 150 | Train Loss: 0.0516 | Val Loss: 0.0583 | LR: 1e-07
EarlyStopping counter: 19 out of 100
Epoch 151 | Train Loss: 0.0438 | Val Loss: 0.0254 | LR: 1e-07
EarlyStopping counter: 20 out of 100
Epoch 152 | Train Loss: 0.0411 | Val Loss: 0.0294 | LR: 1e-07
EarlyStopping counter: 21 out of 100
Epoch 153 | Train Loss: 0.0390 | Val Loss: 0.0271 | LR: 1e-07
EarlyStopping counter: 22 out of 100
Epoch 154 | Train Loss: 0.0421 | Val Loss: 0.0775 | LR: 1e-07
EarlyStopping counter: 23 out of 100
Epoch 155 | Train Loss: 0.0409 | Val Loss: 0.0406 | LR: 1e-07
EarlyStopping counter: 24 out of 100
Epoch 156 | Train Loss: 0.0326 | Val Loss: 0.0252 | LR: 1e-07
EarlyStopping counter: 25 out of 100
Epoch 157 | Train Loss: 0.0372 | Val Loss: 0.0338 | LR: 1e-07
EarlyStopping counter: 26 out of 100
Epoch 158 | Train Loss: 0.0368 | Val Loss: 0.0570 | LR: 1e-07
EarlyStopping counter: 27 out of 100
Epoch 159 | Train Loss: 0.0380 | Val Loss: 0.0496 | LR: 1e-07
EarlyStopping counter: 28 out of 100
Epoch 160 | Train Loss: 0.0419 | Val Loss: 0.0322 | LR: 1e-07
EarlyStopping counter: 29 out of 100
Epoch 161 | Train Loss: 0.0424 | Val Loss: 0.0502 | LR: 1e-07
EarlyStopping counter: 30 out of 100
Epoch 162 | Train Loss: 0.0400 | Val Loss: 0.0441 | LR: 1e-07
EarlyStopping counter: 31 out of 100
Epoch 163 | Train Loss: 0.0326 | Val Loss: 0.0274 | LR: 1e-07
EarlyStopping counter: 32 out of 100
Epoch 164 | Train Loss: 0.0444 | Val Loss: 0.0623 | LR: 1e-07
EarlyStopping counter: 33 out of 100
Epoch 165 | Train Loss: 0.0301 | Val Loss: 0.0441 | LR: 1e-07
EarlyStopping counter: 34 out of 100
Epoch 166 | Train Loss: 0.0340 | Val Loss: 0.0765 | LR: 1e-07
EarlyStopping counter: 35 out of 100
Epoch 167 | Train Loss: 0.0406 | Val Loss: 0.0468 | LR: 1e-07
EarlyStopping counter: 36 out of 100
Epoch 168 | Train Loss: 0.0356 | Val Loss: 0.0703 | LR: 1e-07
EarlyStopping counter: 37 out of 100
Epoch 169 | Train Loss: 0.0372 | Val Loss: 0.0323 | LR: 1e-07
EarlyStopping counter: 38 out of 100
Epoch 170 | Train Loss: 0.0356 | Val Loss: 0.0712 | LR: 1e-07
EarlyStopping counter: 39 out of 100
Epoch 171 | Train Loss: 0.0360 | Val Loss: 0.0262 | LR: 1e-07
EarlyStopping counter: 40 out of 100
Epoch 172 | Train Loss: 0.0378 | Val Loss: 0.0411 | LR: 1e-07
EarlyStopping counter: 41 out of 100
Epoch 173 | Train Loss: 0.0422 | Val Loss: 0.0151 | LR: 1e-07
Validation loss decreased (0.015570 --> 0.015097).  Saving model ...
Epoch 174 | Train Loss: 0.0398 | Val Loss: 0.1057 | LR: 1e-07
EarlyStopping counter: 1 out of 100
Epoch 175 | Train Loss: 0.0424 | Val Loss: 0.0506 | LR: 1e-07
EarlyStopping counter: 2 out of 100
Epoch 176 | Train Loss: 0.0368 | Val Loss: 0.0392 | LR: 1e-07
EarlyStopping counter: 3 out of 100
Epoch 177 | Train Loss: 0.0430 | Val Loss: 0.0590 | LR: 1e-07
EarlyStopping counter: 4 out of 100
Epoch 178 | Train Loss: 0.0357 | Val Loss: 0.0444 | LR: 1e-07
EarlyStopping counter: 5 out of 100
Epoch 179 | Train Loss: 0.0448 | Val Loss: 0.0720 | LR: 1e-07
EarlyStopping counter: 6 out of 100
Epoch 180 | Train Loss: 0.0368 | Val Loss: 0.0382 | LR: 1e-07
EarlyStopping counter: 7 out of 100
Epoch 181 | Train Loss: 0.0417 | Val Loss: 0.0753 | LR: 1e-07
EarlyStopping counter: 8 out of 100
Epoch 182 | Train Loss: 0.0390 | Val Loss: 0.0834 | LR: 1e-07
EarlyStopping counter: 9 out of 100
Epoch 183 | Train Loss: 0.0357 | Val Loss: 0.0525 | LR: 1e-07
EarlyStopping counter: 10 out of 100
Epoch 184 | Train Loss: 0.0373 | Val Loss: 0.0615 | LR: 1e-07
EarlyStopping counter: 11 out of 100
Epoch 185 | Train Loss: 0.0312 | Val Loss: 0.0309 | LR: 1e-07
EarlyStopping counter: 12 out of 100
Epoch 186 | Train Loss: 0.0346 | Val Loss: 0.0665 | LR: 1e-07
EarlyStopping counter: 13 out of 100
Epoch 187 | Train Loss: 0.0363 | Val Loss: 0.0383 | LR: 1e-07
EarlyStopping counter: 14 out of 100
Epoch 188 | Train Loss: 0.0357 | Val Loss: 0.0668 | LR: 1e-07
EarlyStopping counter: 15 out of 100
Epoch 189 | Train Loss: 0.0349 | Val Loss: 0.0322 | LR: 1e-07
EarlyStopping counter: 16 out of 100
Epoch 190 | Train Loss: 0.0269 | Val Loss: 0.0654 | LR: 1e-07
EarlyStopping counter: 17 out of 100
Epoch 191 | Train Loss: 0.0352 | Val Loss: 0.0381 | LR: 1e-07
EarlyStopping counter: 18 out of 100
Epoch 192 | Train Loss: 0.0334 | Val Loss: 0.0638 | LR: 1e-07
EarlyStopping counter: 19 out of 100
Epoch 193 | Train Loss: 0.0363 | Val Loss: 0.0376 | LR: 1e-07
EarlyStopping counter: 20 out of 100
Epoch 194 | Train Loss: 0.0370 | Val Loss: 0.0517 | LR: 1e-07
EarlyStopping counter: 21 out of 100
Epoch 195 | Train Loss: 0.0304 | Val Loss: 0.0318 | LR: 1e-07
EarlyStopping counter: 22 out of 100
Epoch 196 | Train Loss: 0.0357 | Val Loss: 0.0313 | LR: 1e-07
EarlyStopping counter: 23 out of 100
Epoch 197 | Train Loss: 0.0409 | Val Loss: 0.0301 | LR: 1e-07
EarlyStopping counter: 24 out of 100
Epoch 198 | Train Loss: 0.0344 | Val Loss: 0.0482 | LR: 1e-07
EarlyStopping counter: 25 out of 100
Epoch 199 | Train Loss: 0.0277 | Val Loss: 0.0606 | LR: 1e-07
EarlyStopping counter: 26 out of 100
Epoch 200 | Train Loss: 0.0297 | Val Loss: 0.0964 | LR: 1e-07
EarlyStopping counter: 27 out of 100
Epoch 201 | Train Loss: 0.0367 | Val Loss: 0.0428 | LR: 1e-07
EarlyStopping counter: 28 out of 100
Epoch 202 | Train Loss: 0.0362 | Val Loss: 0.0676 | LR: 1e-07
EarlyStopping counter: 29 out of 100
Epoch 203 | Train Loss: 0.0364 | Val Loss: 0.0674 | LR: 1e-07
EarlyStopping counter: 30 out of 100
Epoch 204 | Train Loss: 0.0338 | Val Loss: 0.0382 | LR: 1e-07
EarlyStopping counter: 31 out of 100
Epoch 205 | Train Loss: 0.0356 | Val Loss: 0.0363 | LR: 1e-07
EarlyStopping counter: 32 out of 100
Epoch 206 | Train Loss: 0.0472 | Val Loss: 0.0338 | LR: 1e-07
EarlyStopping counter: 33 out of 100
Epoch 207 | Train Loss: 0.0384 | Val Loss: 0.0320 | LR: 1e-07
EarlyStopping counter: 34 out of 100
Epoch 208 | Train Loss: 0.0272 | Val Loss: 0.0517 | LR: 1e-07
EarlyStopping counter: 35 out of 100
Epoch 209 | Train Loss: 0.0383 | Val Loss: 0.0384 | LR: 1e-07
EarlyStopping counter: 36 out of 100
Epoch 210 | Train Loss: 0.0359 | Val Loss: 0.0312 | LR: 1e-07
EarlyStopping counter: 37 out of 100
Epoch 211 | Train Loss: 0.0344 | Val Loss: 0.0622 | LR: 1e-07
EarlyStopping counter: 38 out of 100
Epoch 212 | Train Loss: 0.0378 | Val Loss: 0.0314 | LR: 1e-07
EarlyStopping counter: 39 out of 100
Epoch 213 | Train Loss: 0.0304 | Val Loss: 0.0271 | LR: 1e-07
EarlyStopping counter: 40 out of 100
Epoch 214 | Train Loss: 0.0339 | Val Loss: 0.0362 | LR: 1e-07
EarlyStopping counter: 41 out of 100
Epoch 215 | Train Loss: 0.0297 | Val Loss: 0.0349 | LR: 1e-07
EarlyStopping counter: 42 out of 100
Epoch 216 | Train Loss: 0.0327 | Val Loss: 0.0149 | LR: 1e-07
Validation loss decreased (0.015097 --> 0.014927).  Saving model ...
Epoch 217 | Train Loss: 0.0383 | Val Loss: 0.0315 | LR: 1e-07
EarlyStopping counter: 1 out of 100
Epoch 218 | Train Loss: 0.0389 | Val Loss: 0.0712 | LR: 1e-07
EarlyStopping counter: 2 out of 100
Epoch 219 | Train Loss: 0.0381 | Val Loss: 0.0365 | LR: 1e-07
EarlyStopping counter: 3 out of 100
Epoch 220 | Train Loss: 0.0491 | Val Loss: 0.0482 | LR: 1e-07
EarlyStopping counter: 4 out of 100
Epoch 221 | Train Loss: 0.0382 | Val Loss: 0.0373 | LR: 1e-07
EarlyStopping counter: 5 out of 100
Epoch 222 | Train Loss: 0.0358 | Val Loss: 0.0725 | LR: 1e-07
EarlyStopping counter: 6 out of 100
Epoch 223 | Train Loss: 0.0362 | Val Loss: 0.0445 | LR: 1e-07
EarlyStopping counter: 7 out of 100
Epoch 224 | Train Loss: 0.0377 | Val Loss: 0.0272 | LR: 1e-07
EarlyStopping counter: 8 out of 100
Epoch 225 | Train Loss: 0.0389 | Val Loss: 0.0339 | LR: 1e-07
EarlyStopping counter: 9 out of 100
Epoch 226 | Train Loss: 0.0279 | Val Loss: 0.0245 | LR: 1e-07
EarlyStopping counter: 10 out of 100
Epoch 227 | Train Loss: 0.0453 | Val Loss: 0.0335 | LR: 1e-07
EarlyStopping counter: 11 out of 100
Epoch 228 | Train Loss: 0.0403 | Val Loss: 0.0281 | LR: 1e-07
EarlyStopping counter: 12 out of 100
Epoch 229 | Train Loss: 0.0361 | Val Loss: 0.0569 | LR: 1e-07
EarlyStopping counter: 13 out of 100
Epoch 230 | Train Loss: 0.0354 | Val Loss: 0.0507 | LR: 1e-07
EarlyStopping counter: 14 out of 100
Epoch 231 | Train Loss: 0.0280 | Val Loss: 0.0247 | LR: 1e-07
EarlyStopping counter: 15 out of 100
Epoch 232 | Train Loss: 0.0297 | Val Loss: 0.0291 | LR: 1e-07
EarlyStopping counter: 16 out of 100
Epoch 233 | Train Loss: 0.0318 | Val Loss: 0.0302 | LR: 1e-07
EarlyStopping counter: 17 out of 100
Epoch 234 | Train Loss: 0.0294 | Val Loss: 0.0770 | LR: 1e-07
EarlyStopping counter: 18 out of 100
Epoch 235 | Train Loss: 0.0362 | Val Loss: 0.0260 | LR: 1e-07
EarlyStopping counter: 19 out of 100
Epoch 236 | Train Loss: 0.0339 | Val Loss: 0.0350 | LR: 1e-07
EarlyStopping counter: 20 out of 100
Epoch 237 | Train Loss: 0.0357 | Val Loss: 0.0586 | LR: 1e-07
EarlyStopping counter: 21 out of 100
Epoch 238 | Train Loss: 0.0437 | Val Loss: 0.0549 | LR: 1e-07
EarlyStopping counter: 22 out of 100
Epoch 239 | Train Loss: 0.0298 | Val Loss: 0.0640 | LR: 1e-07
EarlyStopping counter: 23 out of 100
Epoch 240 | Train Loss: 0.0314 | Val Loss: 0.0393 | LR: 1e-07
EarlyStopping counter: 24 out of 100
Epoch 241 | Train Loss: 0.0365 | Val Loss: 0.0604 | LR: 1e-07
EarlyStopping counter: 25 out of 100
Epoch 242 | Train Loss: 0.0348 | Val Loss: 0.0442 | LR: 1e-07
EarlyStopping counter: 26 out of 100
Epoch 243 | Train Loss: 0.0372 | Val Loss: 0.1035 | LR: 1e-07
EarlyStopping counter: 27 out of 100
Epoch 244 | Train Loss: 0.0323 | Val Loss: 0.0263 | LR: 1e-07
EarlyStopping counter: 28 out of 100
Epoch 245 | Train Loss: 0.0377 | Val Loss: 0.0394 | LR: 1e-07
EarlyStopping counter: 29 out of 100
Epoch 246 | Train Loss: 0.0397 | Val Loss: 0.0210 | LR: 1e-07
EarlyStopping counter: 30 out of 100
Epoch 247 | Train Loss: 0.0368 | Val Loss: 0.0452 | LR: 1e-07
EarlyStopping counter: 31 out of 100
Epoch 248 | Train Loss: 0.0346 | Val Loss: 0.0339 | LR: 1e-07
EarlyStopping counter: 32 out of 100
Epoch 249 | Train Loss: 0.0389 | Val Loss: 0.0207 | LR: 1e-07
EarlyStopping counter: 33 out of 100
Epoch 250 | Train Loss: 0.0412 | Val Loss: 0.0407 | LR: 1e-07
EarlyStopping counter: 34 out of 100
Epoch 251 | Train Loss: 0.0453 | Val Loss: 0.0599 | LR: 1e-07
EarlyStopping counter: 35 out of 100
Epoch 252 | Train Loss: 0.0374 | Val Loss: 0.0783 | LR: 1e-07
EarlyStopping counter: 36 out of 100
Epoch 253 | Train Loss: 0.0392 | Val Loss: 0.0349 | LR: 1e-07
EarlyStopping counter: 37 out of 100
Epoch 254 | Train Loss: 0.0306 | Val Loss: 0.0360 | LR: 1e-07
EarlyStopping counter: 38 out of 100
Epoch 255 | Train Loss: 0.0365 | Val Loss: 0.0295 | LR: 1e-07
EarlyStopping counter: 39 out of 100
Epoch 256 | Train Loss: 0.0408 | Val Loss: 0.0793 | LR: 1e-07
EarlyStopping counter: 40 out of 100
Epoch 257 | Train Loss: 0.0352 | Val Loss: 0.0596 | LR: 1e-07
EarlyStopping counter: 41 out of 100
Epoch 258 | Train Loss: 0.0353 | Val Loss: 0.0253 | LR: 1e-07
EarlyStopping counter: 42 out of 100
Epoch 259 | Train Loss: 0.0389 | Val Loss: 0.0406 | LR: 1e-07
EarlyStopping counter: 43 out of 100
Epoch 260 | Train Loss: 0.0368 | Val Loss: 0.0421 | LR: 1e-07
EarlyStopping counter: 44 out of 100
Epoch 261 | Train Loss: 0.0419 | Val Loss: 0.0230 | LR: 1e-07
EarlyStopping counter: 45 out of 100
Epoch 262 | Train Loss: 0.0466 | Val Loss: 0.0435 | LR: 1e-07
EarlyStopping counter: 46 out of 100
Epoch 263 | Train Loss: 0.0310 | Val Loss: 0.0287 | LR: 1e-07
EarlyStopping counter: 47 out of 100
Epoch 264 | Train Loss: 0.0377 | Val Loss: 0.0352 | LR: 1e-07
EarlyStopping counter: 48 out of 100
Epoch 265 | Train Loss: 0.0361 | Val Loss: 0.0576 | LR: 1e-07
EarlyStopping counter: 49 out of 100
Epoch 266 | Train Loss: 0.0349 | Val Loss: 0.0283 | LR: 1e-07
EarlyStopping counter: 50 out of 100
Epoch 267 | Train Loss: 0.0396 | Val Loss: 0.0493 | LR: 1e-07
EarlyStopping counter: 51 out of 100
Epoch 268 | Train Loss: 0.0311 | Val Loss: 0.0180 | LR: 1e-08
EarlyStopping counter: 52 out of 100
Epoch 269 | Train Loss: 0.0322 | Val Loss: 0.0339 | LR: 1e-08
EarlyStopping counter: 53 out of 100
Epoch 270 | Train Loss: 0.0370 | Val Loss: 0.0306 | LR: 1e-08
EarlyStopping counter: 54 out of 100
Epoch 271 | Train Loss: 0.0422 | Val Loss: 0.0762 | LR: 1e-08
EarlyStopping counter: 55 out of 100
Epoch 272 | Train Loss: 0.0366 | Val Loss: 0.0334 | LR: 1e-08
EarlyStopping counter: 56 out of 100
Epoch 273 | Train Loss: 0.0426 | Val Loss: 0.0629 | LR: 1e-08
EarlyStopping counter: 57 out of 100
Epoch 274 | Train Loss: 0.0299 | Val Loss: 0.0274 | LR: 1e-08
EarlyStopping counter: 58 out of 100
Epoch 275 | Train Loss: 0.0354 | Val Loss: 0.0329 | LR: 1e-08
EarlyStopping counter: 59 out of 100
Epoch 276 | Train Loss: 0.0331 | Val Loss: 0.0399 | LR: 1e-08
EarlyStopping counter: 60 out of 100
Epoch 277 | Train Loss: 0.0359 | Val Loss: 0.0439 | LR: 1e-08
EarlyStopping counter: 61 out of 100
Epoch 278 | Train Loss: 0.0341 | Val Loss: 0.0724 | LR: 1e-08
EarlyStopping counter: 62 out of 100
Epoch 279 | Train Loss: 0.0354 | Val Loss: 0.0261 | LR: 1e-08
EarlyStopping counter: 63 out of 100
Epoch 280 | Train Loss: 0.0411 | Val Loss: 0.0329 | LR: 1e-08
EarlyStopping counter: 64 out of 100
Epoch 281 | Train Loss: 0.0351 | Val Loss: 0.0389 | LR: 1e-08
EarlyStopping counter: 65 out of 100
Epoch 282 | Train Loss: 0.0371 | Val Loss: 0.0613 | LR: 1e-08
EarlyStopping counter: 66 out of 100
Epoch 283 | Train Loss: 0.0271 | Val Loss: 0.0624 | LR: 1e-08
EarlyStopping counter: 67 out of 100
Epoch 284 | Train Loss: 0.0314 | Val Loss: 0.0491 | LR: 1e-08
EarlyStopping counter: 68 out of 100
Epoch 285 | Train Loss: 0.0380 | Val Loss: 0.0398 | LR: 1e-08
EarlyStopping counter: 69 out of 100
Epoch 286 | Train Loss: 0.0388 | Val Loss: 0.0411 | LR: 1e-08
EarlyStopping counter: 70 out of 100
Epoch 287 | Train Loss: 0.0387 | Val Loss: 0.0158 | LR: 1e-08
EarlyStopping counter: 71 out of 100
Epoch 288 | Train Loss: 0.0428 | Val Loss: 0.0345 | LR: 1e-08
EarlyStopping counter: 72 out of 100
Epoch 289 | Train Loss: 0.0347 | Val Loss: 0.0342 | LR: 1e-08
EarlyStopping counter: 73 out of 100
Epoch 290 | Train Loss: 0.0283 | Val Loss: 0.0660 | LR: 1e-08
EarlyStopping counter: 74 out of 100
Epoch 291 | Train Loss: 0.0361 | Val Loss: 0.0625 | LR: 1e-08
EarlyStopping counter: 75 out of 100
Epoch 292 | Train Loss: 0.0300 | Val Loss: 0.0581 | LR: 1e-08
EarlyStopping counter: 76 out of 100
Epoch 293 | Train Loss: 0.0441 | Val Loss: 0.0352 | LR: 1e-08
EarlyStopping counter: 77 out of 100
Epoch 294 | Train Loss: 0.0326 | Val Loss: 0.0241 | LR: 1e-08
EarlyStopping counter: 78 out of 100
Epoch 295 | Train Loss: 0.0306 | Val Loss: 0.0464 | LR: 1e-08
EarlyStopping counter: 79 out of 100
Epoch 296 | Train Loss: 0.0389 | Val Loss: 0.0235 | LR: 1e-08
EarlyStopping counter: 80 out of 100
Epoch 297 | Train Loss: 0.0363 | Val Loss: 0.0528 | LR: 1e-08
EarlyStopping counter: 81 out of 100
Epoch 298 | Train Loss: 0.0342 | Val Loss: 0.0539 | LR: 1e-08
EarlyStopping counter: 82 out of 100
Epoch 299 | Train Loss: 0.0347 | Val Loss: 0.0628 | LR: 1e-08
EarlyStopping counter: 83 out of 100
Epoch 300 | Train Loss: 0.0310 | Val Loss: 0.0336 | LR: 1e-08
EarlyStopping counter: 84 out of 100
Epoch 301 | Train Loss: 0.0340 | Val Loss: 0.0886 | LR: 1e-08
EarlyStopping counter: 85 out of 100
Epoch 302 | Train Loss: 0.0362 | Val Loss: 0.0393 | LR: 1e-08
EarlyStopping counter: 86 out of 100
Epoch 303 | Train Loss: 0.0325 | Val Loss: 0.0454 | LR: 1e-08
EarlyStopping counter: 87 out of 100
Epoch 304 | Train Loss: 0.0364 | Val Loss: 0.0592 | LR: 1e-08
EarlyStopping counter: 88 out of 100
Epoch 305 | Train Loss: 0.0255 | Val Loss: 0.0455 | LR: 1e-08
EarlyStopping counter: 89 out of 100
Epoch 306 | Train Loss: 0.0378 | Val Loss: 0.0287 | LR: 1e-08
EarlyStopping counter: 90 out of 100
Epoch 307 | Train Loss: 0.0286 | Val Loss: 0.0561 | LR: 1e-08
EarlyStopping counter: 91 out of 100
Epoch 308 | Train Loss: 0.0348 | Val Loss: 0.0363 | LR: 1e-08
EarlyStopping counter: 92 out of 100
Epoch 309 | Train Loss: 0.0362 | Val Loss: 0.0309 | LR: 1e-08
EarlyStopping counter: 93 out of 100
Epoch 310 | Train Loss: 0.0405 | Val Loss: 0.0315 | LR: 1e-08
EarlyStopping counter: 94 out of 100
Epoch 311 | Train Loss: 0.0432 | Val Loss: 0.0537 | LR: 1e-08
EarlyStopping counter: 95 out of 100
Epoch 312 | Train Loss: 0.0342 | Val Loss: 0.0256 | LR: 1e-08
EarlyStopping counter: 96 out of 100
Epoch 313 | Train Loss: 0.0320 | Val Loss: 0.0478 | LR: 1e-08
EarlyStopping counter: 97 out of 100
Epoch 314 | Train Loss: 0.0344 | Val Loss: 0.0487 | LR: 1e-08
EarlyStopping counter: 98 out of 100
Epoch 315 | Train Loss: 0.0293 | Val Loss: 0.0190 | LR: 1e-08
EarlyStopping counter: 99 out of 100
Epoch 316 | Train Loss: 0.0309 | Val Loss: 0.0598 | LR: 1e-08
EarlyStopping counter: 100 out of 100
Early stopping triggered. Training stopped.
Generating 4-Hour Overlapping Heatmap for Home 330...
Generating 4-Hour Overlapping Heatmap for Home 301...
Generating 4-Hour Overlapping Heatmap for Home 316...
Generating 4-Hour Overlapping Heatmap for Home 101...
Generating 4-Hour Overlapping Heatmap for Home 173...
Generating 4-Hour Overlapping Heatmap for Home 140...
Generating 4-Hour Overlapping Heatmap for Home 252...
Generating 4-Hour Overlapping Heatmap for Home 110...
Generating 4-Hour Overlapping Heatmap for Home 249...
Generating 4-Hour Overlapping Heatmap for Home 123...
Generating 4-Hour Overlapping Heatmap for Home 296...
Generating 4-Hour Overlapping Heatmap for Home 99...
Generating 4-Hour Overlapping Heatmap for Home 151...
Generating 4-Hour Overlapping Heatmap for Home 245...
Generating 4-Hour Overlapping Heatmap for Home 182...
Generating 4-Hour Overlapping Heatmap for Home 116...
Generating 4-Hour Overlapping Heatmap for Home 197...
Generating 4-Hour Overlapping Heatmap for Home 161...
Generating 4-Hour Overlapping Heatmap for Home 168...
Generating 4-Hour Overlapping Heatmap for Home 115...
Generating 4-Hour Overlapping Heatmap for Home 246...
Generating 4-Hour Overlapping Heatmap for Home 128...
Generating 4-Hour Overlapping Heatmap for Home 171...
Generating 4-Hour Overlapping Heatmap for Home 248...
Generating 4-Hour Overlapping Heatmap for Home 169...
Generating 4-Hour Overlapping Heatmap for Home 98...
