1. Train + Interpret
2. Interpret
3. Smoke Test
Type 1 or 2 or 3:
Scanning directory for 51 homes...
Loaded 51 valid homes.
Scanning directory for 203 homes...
Loaded 203 valid homes.
/userhome/cs/u3566665/urban-electricity-load-forecasting/src/PytorchDataset/IdealPytorchDataset.py:93: UserWarning: The given NumPy array is not writable, and PyTorch does not support non-writable tensors. This means writing to this tensor will result in undefined behavior. You may want to copy the array to protect its data or make it writable before converting it to a tensor. This type of warning will be suppressed for the rest of this program. (Triggered internally at /pytorch/torch/csrc/utils/tensor_numpy.cpp:213.)
  x_past_power = torch.from_numpy(input_seq["value"].values).float().unsqueeze(-1)
Epoch 0 | Train Loss: 0.0477 | Val Loss: 0.0448 | LR: 1e-06
Validation loss decreased (inf --> 0.044802).  Saving model ...
Epoch 1 | Train Loss: 0.0509 | Val Loss: 0.0450 | LR: 1e-06
EarlyStopping counter: 1 out of 320
Epoch 2 | Train Loss: 0.0454 | Val Loss: 0.0482 | LR: 1e-06
EarlyStopping counter: 2 out of 320
Epoch 3 | Train Loss: 0.0491 | Val Loss: 0.0462 | LR: 1e-06
EarlyStopping counter: 3 out of 320
Epoch 4 | Train Loss: 0.0520 | Val Loss: 0.0380 | LR: 1e-06
Validation loss decreased (0.044802 --> 0.038003).  Saving model ...
Epoch 5 | Train Loss: 0.0444 | Val Loss: 0.0478 | LR: 1e-06
EarlyStopping counter: 1 out of 320
Epoch 6 | Train Loss: 0.0501 | Val Loss: 0.0432 | LR: 1e-06
EarlyStopping counter: 2 out of 320
Epoch 7 | Train Loss: 0.0506 | Val Loss: 0.0517 | LR: 1e-06
EarlyStopping counter: 3 out of 320
Epoch 8 | Train Loss: 0.0514 | Val Loss: 0.0386 | LR: 1e-06
EarlyStopping counter: 4 out of 320
Epoch 9 | Train Loss: 0.0428 | Val Loss: 0.0514 | LR: 1e-06
EarlyStopping counter: 5 out of 320
Epoch 10 | Train Loss: 0.0438 | Val Loss: 0.0487 | LR: 1e-06
EarlyStopping counter: 6 out of 320
Epoch 11 | Train Loss: 0.0465 | Val Loss: 0.0430 | LR: 1e-06
EarlyStopping counter: 7 out of 320
Epoch 12 | Train Loss: 0.0466 | Val Loss: 0.0485 | LR: 1e-06
EarlyStopping counter: 8 out of 320
Epoch 13 | Train Loss: 0.0466 | Val Loss: 0.0418 | LR: 1e-06
EarlyStopping counter: 9 out of 320
Epoch 14 | Train Loss: 0.0413 | Val Loss: 0.0369 | LR: 1e-06
Validation loss decreased (0.038003 --> 0.036899).  Saving model ...
Epoch 15 | Train Loss: 0.0399 | Val Loss: 0.0400 | LR: 1e-06
EarlyStopping counter: 1 out of 320
Epoch 16 | Train Loss: 0.0441 | Val Loss: 0.0373 | LR: 1e-06
EarlyStopping counter: 2 out of 320
Epoch 17 | Train Loss: 0.0480 | Val Loss: 0.0486 | LR: 1e-06
EarlyStopping counter: 3 out of 320
Epoch 18 | Train Loss: 0.0391 | Val Loss: 0.0559 | LR: 1e-06
EarlyStopping counter: 4 out of 320
Epoch 19 | Train Loss: 0.0395 | Val Loss: 0.0489 | LR: 1e-06
EarlyStopping counter: 5 out of 320
Epoch 20 | Train Loss: 0.0472 | Val Loss: 0.0562 | LR: 1e-06
EarlyStopping counter: 6 out of 320
Epoch 21 | Train Loss: 0.0402 | Val Loss: 0.0451 | LR: 1e-06
EarlyStopping counter: 7 out of 320
Epoch 22 | Train Loss: 0.0447 | Val Loss: 0.0460 | LR: 1e-06
EarlyStopping counter: 8 out of 320
Epoch 23 | Train Loss: 0.0414 | Val Loss: 0.0416 | LR: 1e-06
EarlyStopping counter: 9 out of 320
Epoch 24 | Train Loss: 0.0425 | Val Loss: 0.0323 | LR: 1e-06
Validation loss decreased (0.036899 --> 0.032312).  Saving model ...
Epoch 25 | Train Loss: 0.0465 | Val Loss: 0.0451 | LR: 1e-06
EarlyStopping counter: 1 out of 320
Epoch 26 | Train Loss: 0.0385 | Val Loss: 0.0343 | LR: 1e-06
EarlyStopping counter: 2 out of 320
Epoch 27 | Train Loss: 0.0451 | Val Loss: 0.0366 | LR: 1e-06
EarlyStopping counter: 3 out of 320
Epoch 28 | Train Loss: 0.0401 | Val Loss: 0.0277 | LR: 1e-06
Validation loss decreased (0.032312 --> 0.027654).  Saving model ...
Epoch 29 | Train Loss: 0.0399 | Val Loss: 0.0388 | LR: 1e-06
EarlyStopping counter: 1 out of 320
Epoch 30 | Train Loss: 0.0365 | Val Loss: 0.0303 | LR: 1e-06
EarlyStopping counter: 2 out of 320
Epoch 31 | Train Loss: 0.0413 | Val Loss: 0.0441 | LR: 1e-06
EarlyStopping counter: 3 out of 320
Epoch 32 | Train Loss: 0.0400 | Val Loss: 0.0375 | LR: 1e-06
EarlyStopping counter: 4 out of 320
Epoch 33 | Train Loss: 0.0380 | Val Loss: 0.0428 | LR: 1e-06
EarlyStopping counter: 5 out of 320
Epoch 34 | Train Loss: 0.0468 | Val Loss: 0.0459 | LR: 1e-06
EarlyStopping counter: 6 out of 320
Epoch 35 | Train Loss: 0.0355 | Val Loss: 0.0365 | LR: 1e-06
EarlyStopping counter: 7 out of 320
Epoch 36 | Train Loss: 0.0356 | Val Loss: 0.0401 | LR: 1e-06
EarlyStopping counter: 8 out of 320
Epoch 37 | Train Loss: 0.0314 | Val Loss: 0.0390 | LR: 1e-06
EarlyStopping counter: 9 out of 320
Epoch 38 | Train Loss: 0.0393 | Val Loss: 0.0411 | LR: 1e-06
EarlyStopping counter: 10 out of 320
Epoch 39 | Train Loss: 0.0373 | Val Loss: 0.0401 | LR: 1e-06
EarlyStopping counter: 11 out of 320
Epoch 40 | Train Loss: 0.0415 | Val Loss: 0.0429 | LR: 1e-06
EarlyStopping counter: 12 out of 320
Epoch 41 | Train Loss: 0.0347 | Val Loss: 0.0351 | LR: 1e-06
EarlyStopping counter: 13 out of 320
Epoch 42 | Train Loss: 0.0360 | Val Loss: 0.0273 | LR: 1e-06
Validation loss decreased (0.027654 --> 0.027343).  Saving model ...
Epoch 43 | Train Loss: 0.0331 | Val Loss: 0.0386 | LR: 1e-06
EarlyStopping counter: 1 out of 320
Epoch 44 | Train Loss: 0.0395 | Val Loss: 0.0389 | LR: 1e-06
EarlyStopping counter: 2 out of 320
Epoch 45 | Train Loss: 0.0328 | Val Loss: 0.0318 | LR: 1e-06
EarlyStopping counter: 3 out of 320
Epoch 46 | Train Loss: 0.0441 | Val Loss: 0.0423 | LR: 1e-06
EarlyStopping counter: 4 out of 320
Epoch 47 | Train Loss: 0.0348 | Val Loss: 0.0481 | LR: 1e-06
EarlyStopping counter: 5 out of 320
Epoch 48 | Train Loss: 0.0378 | Val Loss: 0.0204 | LR: 1e-06
Validation loss decreased (0.027343 --> 0.020444).  Saving model ...
Epoch 49 | Train Loss: 0.0377 | Val Loss: 0.0341 | LR: 1e-06
EarlyStopping counter: 1 out of 320
Epoch 50 | Train Loss: 0.0315 | Val Loss: 0.0323 | LR: 1e-06
EarlyStopping counter: 2 out of 320
Epoch 51 | Train Loss: 0.0284 | Val Loss: 0.0358 | LR: 1e-06
EarlyStopping counter: 3 out of 320
Epoch 52 | Train Loss: 0.0366 | Val Loss: 0.0259 | LR: 1e-06
EarlyStopping counter: 4 out of 320
Epoch 53 | Train Loss: 0.0326 | Val Loss: 0.0497 | LR: 1e-06
EarlyStopping counter: 5 out of 320
Epoch 54 | Train Loss: 0.0341 | Val Loss: 0.0388 | LR: 1e-06
EarlyStopping counter: 6 out of 320
Epoch 55 | Train Loss: 0.0402 | Val Loss: 0.0278 | LR: 1e-06
EarlyStopping counter: 7 out of 320
Epoch 56 | Train Loss: 0.0332 | Val Loss: 0.0422 | LR: 1e-06
EarlyStopping counter: 8 out of 320
Epoch 57 | Train Loss: 0.0344 | Val Loss: 0.0385 | LR: 1e-06
EarlyStopping counter: 9 out of 320
Epoch 58 | Train Loss: 0.0282 | Val Loss: 0.0257 | LR: 1e-06
EarlyStopping counter: 10 out of 320
Epoch 59 | Train Loss: 0.0313 | Val Loss: 0.0338 | LR: 1e-06
EarlyStopping counter: 11 out of 320
Epoch 60 | Train Loss: 0.0411 | Val Loss: 0.0356 | LR: 1e-06
EarlyStopping counter: 12 out of 320
Epoch 61 | Train Loss: 0.0309 | Val Loss: 0.0269 | LR: 1e-06
EarlyStopping counter: 13 out of 320
Epoch 62 | Train Loss: 0.0319 | Val Loss: 0.0275 | LR: 1e-06
EarlyStopping counter: 14 out of 320
Epoch 63 | Train Loss: 0.0378 | Val Loss: 0.0327 | LR: 1e-06
EarlyStopping counter: 15 out of 320
Epoch 64 | Train Loss: 0.0315 | Val Loss: 0.0342 | LR: 1e-06
EarlyStopping counter: 16 out of 320
Epoch 65 | Train Loss: 0.0344 | Val Loss: 0.0269 | LR: 1e-06
EarlyStopping counter: 17 out of 320
Epoch 66 | Train Loss: 0.0324 | Val Loss: 0.0443 | LR: 1e-06
EarlyStopping counter: 18 out of 320
Epoch 67 | Train Loss: 0.0386 | Val Loss: 0.0303 | LR: 1e-06
EarlyStopping counter: 19 out of 320
Epoch 68 | Train Loss: 0.0333 | Val Loss: 0.0297 | LR: 1e-06
EarlyStopping counter: 20 out of 320
Epoch 69 | Train Loss: 0.0312 | Val Loss: 0.0258 | LR: 1e-06
EarlyStopping counter: 21 out of 320
Epoch 70 | Train Loss: 0.0352 | Val Loss: 0.0302 | LR: 1e-06
EarlyStopping counter: 22 out of 320
Epoch 71 | Train Loss: 0.0292 | Val Loss: 0.0371 | LR: 1e-06
EarlyStopping counter: 23 out of 320
Epoch 72 | Train Loss: 0.0280 | Val Loss: 0.0381 | LR: 1e-06
EarlyStopping counter: 24 out of 320
Epoch 73 | Train Loss: 0.0335 | Val Loss: 0.0468 | LR: 1e-06
EarlyStopping counter: 25 out of 320
Epoch 74 | Train Loss: 0.0376 | Val Loss: 0.0499 | LR: 1e-06
EarlyStopping counter: 26 out of 320
Epoch 75 | Train Loss: 0.0345 | Val Loss: 0.0444 | LR: 1e-06
EarlyStopping counter: 27 out of 320
Epoch 76 | Train Loss: 0.0298 | Val Loss: 0.0289 | LR: 1e-06
EarlyStopping counter: 28 out of 320
Epoch 77 | Train Loss: 0.0338 | Val Loss: 0.0415 | LR: 1e-06
EarlyStopping counter: 29 out of 320
Epoch 78 | Train Loss: 0.0352 | Val Loss: 0.0264 | LR: 1e-06
EarlyStopping counter: 30 out of 320
Epoch 79 | Train Loss: 0.0309 | Val Loss: 0.0477 | LR: 1e-06
EarlyStopping counter: 31 out of 320
Epoch 80 | Train Loss: 0.0322 | Val Loss: 0.0249 | LR: 1e-06
EarlyStopping counter: 32 out of 320
Epoch 81 | Train Loss: 0.0289 | Val Loss: 0.0255 | LR: 1e-06
EarlyStopping counter: 33 out of 320
Epoch 82 | Train Loss: 0.0241 | Val Loss: 0.0369 | LR: 1e-06
EarlyStopping counter: 34 out of 320
Epoch 83 | Train Loss: 0.0332 | Val Loss: 0.0304 | LR: 1e-06
EarlyStopping counter: 35 out of 320
Epoch 84 | Train Loss: 0.0380 | Val Loss: 0.0326 | LR: 1e-06
EarlyStopping counter: 36 out of 320
Epoch 85 | Train Loss: 0.0332 | Val Loss: 0.0419 | LR: 1e-06
EarlyStopping counter: 37 out of 320
Epoch 86 | Train Loss: 0.0257 | Val Loss: 0.0412 | LR: 1e-06
EarlyStopping counter: 38 out of 320
Epoch 87 | Train Loss: 0.0273 | Val Loss: 0.0302 | LR: 1e-06
EarlyStopping counter: 39 out of 320
Epoch 88 | Train Loss: 0.0277 | Val Loss: 0.0178 | LR: 1e-06
Validation loss decreased (0.020444 --> 0.017810).  Saving model ...
Epoch 89 | Train Loss: 0.0344 | Val Loss: 0.0413 | LR: 1e-06
EarlyStopping counter: 1 out of 320
Epoch 90 | Train Loss: 0.0300 | Val Loss: 0.0361 | LR: 1e-06
EarlyStopping counter: 2 out of 320
Epoch 91 | Train Loss: 0.0327 | Val Loss: 0.0303 | LR: 1e-06
EarlyStopping counter: 3 out of 320
Epoch 92 | Train Loss: 0.0264 | Val Loss: 0.0260 | LR: 1e-06
EarlyStopping counter: 4 out of 320
Epoch 93 | Train Loss: 0.0330 | Val Loss: 0.0364 | LR: 1e-06
EarlyStopping counter: 5 out of 320
Epoch 94 | Train Loss: 0.0276 | Val Loss: 0.0282 | LR: 1e-06
EarlyStopping counter: 6 out of 320
Epoch 95 | Train Loss: 0.0305 | Val Loss: 0.0271 | LR: 1e-06
EarlyStopping counter: 7 out of 320
Epoch 96 | Train Loss: 0.0346 | Val Loss: 0.0335 | LR: 1e-06
EarlyStopping counter: 8 out of 320
Epoch 97 | Train Loss: 0.0261 | Val Loss: 0.0390 | LR: 1e-06
EarlyStopping counter: 9 out of 320
Epoch 98 | Train Loss: 0.0309 | Val Loss: 0.0174 | LR: 1e-06
Validation loss decreased (0.017810 --> 0.017408).  Saving model ...
Epoch 99 | Train Loss: 0.0266 | Val Loss: 0.0262 | LR: 1e-06
EarlyStopping counter: 1 out of 320
Epoch 100 | Train Loss: 0.0295 | Val Loss: 0.0331 | LR: 1e-06
EarlyStopping counter: 2 out of 320
Epoch 101 | Train Loss: 0.0235 | Val Loss: 0.0277 | LR: 1e-06
EarlyStopping counter: 3 out of 320
Epoch 102 | Train Loss: 0.0310 | Val Loss: 0.0227 | LR: 1e-06
EarlyStopping counter: 4 out of 320
Epoch 103 | Train Loss: 0.0307 | Val Loss: 0.0328 | LR: 1e-06
EarlyStopping counter: 5 out of 320
Epoch 104 | Train Loss: 0.0311 | Val Loss: 0.0291 | LR: 1e-06
EarlyStopping counter: 6 out of 320
Epoch 105 | Train Loss: 0.0322 | Val Loss: 0.0333 | LR: 1e-06
EarlyStopping counter: 7 out of 320
Epoch 106 | Train Loss: 0.0264 | Val Loss: 0.0243 | LR: 1e-06
EarlyStopping counter: 8 out of 320
Epoch 107 | Train Loss: 0.0400 | Val Loss: 0.0358 | LR: 1e-06
EarlyStopping counter: 9 out of 320
Epoch 108 | Train Loss: 0.0290 | Val Loss: 0.0295 | LR: 1e-06
EarlyStopping counter: 10 out of 320
Epoch 109 | Train Loss: 0.0277 | Val Loss: 0.0246 | LR: 1e-06
EarlyStopping counter: 11 out of 320
Epoch 110 | Train Loss: 0.0235 | Val Loss: 0.0304 | LR: 1e-06
EarlyStopping counter: 12 out of 320
Epoch 111 | Train Loss: 0.0290 | Val Loss: 0.0383 | LR: 1e-06
EarlyStopping counter: 13 out of 320
Epoch 112 | Train Loss: 0.0292 | Val Loss: 0.0375 | LR: 1e-06
EarlyStopping counter: 14 out of 320
Epoch 113 | Train Loss: 0.0299 | Val Loss: 0.0240 | LR: 1e-06
EarlyStopping counter: 15 out of 320
Epoch 114 | Train Loss: 0.0347 | Val Loss: 0.0313 | LR: 1e-06
EarlyStopping counter: 16 out of 320
Epoch 115 | Train Loss: 0.0353 | Val Loss: 0.0259 | LR: 1e-06
EarlyStopping counter: 17 out of 320
Epoch 116 | Train Loss: 0.0284 | Val Loss: 0.0207 | LR: 1e-06
EarlyStopping counter: 18 out of 320
Epoch 117 | Train Loss: 0.0271 | Val Loss: 0.0290 | LR: 1e-06
EarlyStopping counter: 19 out of 320
Epoch 118 | Train Loss: 0.0330 | Val Loss: 0.0374 | LR: 1e-06
EarlyStopping counter: 20 out of 320
Epoch 119 | Train Loss: 0.0278 | Val Loss: 0.0248 | LR: 1e-06
EarlyStopping counter: 21 out of 320
Epoch 120 | Train Loss: 0.0281 | Val Loss: 0.0346 | LR: 1e-06
EarlyStopping counter: 22 out of 320
Epoch 121 | Train Loss: 0.0314 | Val Loss: 0.0224 | LR: 1e-06
EarlyStopping counter: 23 out of 320
Epoch 122 | Train Loss: 0.0327 | Val Loss: 0.0260 | LR: 1e-06
EarlyStopping counter: 24 out of 320
Epoch 123 | Train Loss: 0.0297 | Val Loss: 0.0246 | LR: 1e-06
EarlyStopping counter: 25 out of 320
Epoch 124 | Train Loss: 0.0308 | Val Loss: 0.0240 | LR: 1e-06
EarlyStopping counter: 26 out of 320
Epoch 125 | Train Loss: 0.0314 | Val Loss: 0.0353 | LR: 1e-06
EarlyStopping counter: 27 out of 320
Epoch 126 | Train Loss: 0.0263 | Val Loss: 0.0304 | LR: 1e-06
EarlyStopping counter: 28 out of 320
Epoch 127 | Train Loss: 0.0301 | Val Loss: 0.0182 | LR: 1e-06
EarlyStopping counter: 29 out of 320
Epoch 128 | Train Loss: 0.0316 | Val Loss: 0.0286 | LR: 1e-06
EarlyStopping counter: 30 out of 320
Epoch 129 | Train Loss: 0.0273 | Val Loss: 0.0321 | LR: 1e-06
EarlyStopping counter: 31 out of 320
Epoch 130 | Train Loss: 0.0370 | Val Loss: 0.0216 | LR: 1e-06
EarlyStopping counter: 32 out of 320
Epoch 131 | Train Loss: 0.0300 | Val Loss: 0.0342 | LR: 1e-06
EarlyStopping counter: 33 out of 320
Epoch 132 | Train Loss: 0.0303 | Val Loss: 0.0374 | LR: 1e-06
EarlyStopping counter: 34 out of 320
Epoch 133 | Train Loss: 0.0270 | Val Loss: 0.0354 | LR: 1e-06
EarlyStopping counter: 35 out of 320
Epoch 134 | Train Loss: 0.0275 | Val Loss: 0.0229 | LR: 1e-06
EarlyStopping counter: 36 out of 320
Epoch 135 | Train Loss: 0.0274 | Val Loss: 0.0227 | LR: 1e-06
EarlyStopping counter: 37 out of 320
Epoch 136 | Train Loss: 0.0300 | Val Loss: 0.0489 | LR: 1e-06
EarlyStopping counter: 38 out of 320
Epoch 137 | Train Loss: 0.0334 | Val Loss: 0.0414 | LR: 1e-06
EarlyStopping counter: 39 out of 320
Epoch 138 | Train Loss: 0.0261 | Val Loss: 0.0289 | LR: 1e-06
EarlyStopping counter: 40 out of 320
Epoch 139 | Train Loss: 0.0275 | Val Loss: 0.0299 | LR: 1e-06
EarlyStopping counter: 41 out of 320
Epoch 140 | Train Loss: 0.0364 | Val Loss: 0.0387 | LR: 1e-06
EarlyStopping counter: 42 out of 320
Epoch 141 | Train Loss: 0.0372 | Val Loss: 0.0613 | LR: 1e-06
EarlyStopping counter: 43 out of 320
Epoch 142 | Train Loss: 0.0343 | Val Loss: 0.0408 | LR: 1e-06
EarlyStopping counter: 44 out of 320
Epoch 143 | Train Loss: 0.0362 | Val Loss: 0.0395 | LR: 1e-06
EarlyStopping counter: 45 out of 320
Epoch 144 | Train Loss: 0.0275 | Val Loss: 0.0221 | LR: 1e-06
EarlyStopping counter: 46 out of 320
Epoch 145 | Train Loss: 0.0290 | Val Loss: 0.0327 | LR: 1e-06
EarlyStopping counter: 47 out of 320
Epoch 146 | Train Loss: 0.0241 | Val Loss: 0.0201 | LR: 1e-06
EarlyStopping counter: 48 out of 320
Epoch 147 | Train Loss: 0.0242 | Val Loss: 0.0351 | LR: 1e-06
EarlyStopping counter: 49 out of 320
Epoch 148 | Train Loss: 0.0244 | Val Loss: 0.0233 | LR: 1e-06
EarlyStopping counter: 50 out of 320
Epoch 149 | Train Loss: 0.0324 | Val Loss: 0.0401 | LR: 1e-06
EarlyStopping counter: 51 out of 320
Epoch 150 | Train Loss: 0.0297 | Val Loss: 0.0238 | LR: 1e-06
EarlyStopping counter: 52 out of 320
Epoch 151 | Train Loss: 0.0268 | Val Loss: 0.0266 | LR: 1e-06
EarlyStopping counter: 53 out of 320
Epoch 152 | Train Loss: 0.0333 | Val Loss: 0.0312 | LR: 1e-06
EarlyStopping counter: 54 out of 320
Epoch 153 | Train Loss: 0.0249 | Val Loss: 0.0431 | LR: 1e-06
EarlyStopping counter: 55 out of 320
Epoch 154 | Train Loss: 0.0355 | Val Loss: 0.0346 | LR: 1e-06
EarlyStopping counter: 56 out of 320
Epoch 155 | Train Loss: 0.0377 | Val Loss: 0.0342 | LR: 1e-06
EarlyStopping counter: 57 out of 320
Epoch 156 | Train Loss: 0.0318 | Val Loss: 0.0329 | LR: 1e-06
EarlyStopping counter: 58 out of 320
Epoch 157 | Train Loss: 0.0319 | Val Loss: 0.0299 | LR: 1e-06
EarlyStopping counter: 59 out of 320
Epoch 158 | Train Loss: 0.0321 | Val Loss: 0.0335 | LR: 1e-06
EarlyStopping counter: 60 out of 320
Epoch 159 | Train Loss: 0.0286 | Val Loss: 0.0351 | LR: 1e-06
EarlyStopping counter: 61 out of 320
Epoch 160 | Train Loss: 0.0345 | Val Loss: 0.0209 | LR: 1e-06
EarlyStopping counter: 62 out of 320
Epoch 161 | Train Loss: 0.0299 | Val Loss: 0.0170 | LR: 1e-06
Validation loss decreased (0.017408 --> 0.017018).  Saving model ...
Epoch 162 | Train Loss: 0.0304 | Val Loss: 0.0504 | LR: 1e-06
EarlyStopping counter: 1 out of 320
Epoch 163 | Train Loss: 0.0304 | Val Loss: 0.0371 | LR: 1e-06
EarlyStopping counter: 2 out of 320
Epoch 164 | Train Loss: 0.0323 | Val Loss: 0.0198 | LR: 1e-06
EarlyStopping counter: 3 out of 320
Epoch 165 | Train Loss: 0.0286 | Val Loss: 0.0383 | LR: 1e-06
EarlyStopping counter: 4 out of 320
Epoch 166 | Train Loss: 0.0298 | Val Loss: 0.0398 | LR: 1e-06
EarlyStopping counter: 5 out of 320
Epoch 167 | Train Loss: 0.0303 | Val Loss: 0.0349 | LR: 1e-06
EarlyStopping counter: 6 out of 320
Epoch 168 | Train Loss: 0.0321 | Val Loss: 0.0296 | LR: 1e-06
EarlyStopping counter: 7 out of 320
Epoch 169 | Train Loss: 0.0262 | Val Loss: 0.0443 | LR: 1e-06
EarlyStopping counter: 8 out of 320
Epoch 170 | Train Loss: 0.0331 | Val Loss: 0.0316 | LR: 1e-06
EarlyStopping counter: 9 out of 320
Epoch 171 | Train Loss: 0.0304 | Val Loss: 0.0368 | LR: 1e-06
EarlyStopping counter: 10 out of 320
Epoch 172 | Train Loss: 0.0303 | Val Loss: 0.0360 | LR: 1e-06
EarlyStopping counter: 11 out of 320
Epoch 173 | Train Loss: 0.0335 | Val Loss: 0.0360 | LR: 1e-06
EarlyStopping counter: 12 out of 320
Epoch 174 | Train Loss: 0.0300 | Val Loss: 0.0258 | LR: 1e-06
EarlyStopping counter: 13 out of 320
Epoch 175 | Train Loss: 0.0268 | Val Loss: 0.0357 | LR: 1e-06
EarlyStopping counter: 14 out of 320
Epoch 176 | Train Loss: 0.0301 | Val Loss: 0.0319 | LR: 1e-06
EarlyStopping counter: 15 out of 320
Epoch 177 | Train Loss: 0.0228 | Val Loss: 0.0307 | LR: 1e-06
EarlyStopping counter: 16 out of 320
Epoch 178 | Train Loss: 0.0328 | Val Loss: 0.0180 | LR: 1e-06
EarlyStopping counter: 17 out of 320
Epoch 179 | Train Loss: 0.0249 | Val Loss: 0.0300 | LR: 1e-06
EarlyStopping counter: 18 out of 320
Epoch 180 | Train Loss: 0.0366 | Val Loss: 0.0509 | LR: 1e-06
EarlyStopping counter: 19 out of 320
Epoch 181 | Train Loss: 0.0288 | Val Loss: 0.0419 | LR: 1e-06
EarlyStopping counter: 20 out of 320
Epoch 182 | Train Loss: 0.0350 | Val Loss: 0.0298 | LR: 1e-06
EarlyStopping counter: 21 out of 320
Epoch 183 | Train Loss: 0.0279 | Val Loss: 0.0172 | LR: 1e-06
EarlyStopping counter: 22 out of 320
Epoch 184 | Train Loss: 0.0314 | Val Loss: 0.0343 | LR: 1e-06
EarlyStopping counter: 23 out of 320
Epoch 185 | Train Loss: 0.0277 | Val Loss: 0.0444 | LR: 1e-06
EarlyStopping counter: 24 out of 320
Epoch 186 | Train Loss: 0.0305 | Val Loss: 0.0332 | LR: 1e-06
EarlyStopping counter: 25 out of 320
Epoch 187 | Train Loss: 0.0296 | Val Loss: 0.0252 | LR: 1e-06
EarlyStopping counter: 26 out of 320
Epoch 188 | Train Loss: 0.0323 | Val Loss: 0.0258 | LR: 1e-06
EarlyStopping counter: 27 out of 320
Epoch 189 | Train Loss: 0.0284 | Val Loss: 0.0306 | LR: 1e-06
EarlyStopping counter: 28 out of 320
Epoch 190 | Train Loss: 0.0343 | Val Loss: 0.0276 | LR: 1e-06
EarlyStopping counter: 29 out of 320
Epoch 191 | Train Loss: 0.0337 | Val Loss: 0.0302 | LR: 1e-06
EarlyStopping counter: 30 out of 320
Epoch 192 | Train Loss: 0.0362 | Val Loss: 0.0269 | LR: 1e-06
EarlyStopping counter: 31 out of 320
Epoch 193 | Train Loss: 0.0358 | Val Loss: 0.0382 | LR: 1e-06
EarlyStopping counter: 32 out of 320
Epoch 194 | Train Loss: 0.0276 | Val Loss: 0.0388 | LR: 1e-06
EarlyStopping counter: 33 out of 320
Epoch 195 | Train Loss: 0.0284 | Val Loss: 0.0340 | LR: 1e-06
EarlyStopping counter: 34 out of 320
Epoch 196 | Train Loss: 0.0307 | Val Loss: 0.0197 | LR: 1e-06
EarlyStopping counter: 35 out of 320
Epoch 197 | Train Loss: 0.0280 | Val Loss: 0.0489 | LR: 1e-06
EarlyStopping counter: 36 out of 320
Epoch 198 | Train Loss: 0.0243 | Val Loss: 0.0318 | LR: 1e-06
EarlyStopping counter: 37 out of 320
Epoch 199 | Train Loss: 0.0389 | Val Loss: 0.0307 | LR: 1e-06
EarlyStopping counter: 38 out of 320
Epoch 200 | Train Loss: 0.0292 | Val Loss: 0.0271 | LR: 1e-06
EarlyStopping counter: 39 out of 320
Epoch 201 | Train Loss: 0.0297 | Val Loss: 0.0405 | LR: 1e-06
EarlyStopping counter: 40 out of 320
Epoch 202 | Train Loss: 0.0363 | Val Loss: 0.0337 | LR: 1e-06
EarlyStopping counter: 41 out of 320
Epoch 203 | Train Loss: 0.0319 | Val Loss: 0.0238 | LR: 1e-06
EarlyStopping counter: 42 out of 320
Epoch 204 | Train Loss: 0.0303 | Val Loss: 0.0264 | LR: 1e-06
EarlyStopping counter: 43 out of 320
Epoch 205 | Train Loss: 0.0302 | Val Loss: 0.0244 | LR: 1e-06
EarlyStopping counter: 44 out of 320
Epoch 206 | Train Loss: 0.0338 | Val Loss: 0.0196 | LR: 1e-06
EarlyStopping counter: 45 out of 320
Epoch 207 | Train Loss: 0.0278 | Val Loss: 0.0269 | LR: 1e-06
EarlyStopping counter: 46 out of 320
Epoch 208 | Train Loss: 0.0388 | Val Loss: 0.0278 | LR: 1e-06
EarlyStopping counter: 47 out of 320
Epoch 209 | Train Loss: 0.0293 | Val Loss: 0.0231 | LR: 1e-06
EarlyStopping counter: 48 out of 320
Epoch 210 | Train Loss: 0.0296 | Val Loss: 0.0237 | LR: 1e-06
EarlyStopping counter: 49 out of 320
Epoch 211 | Train Loss: 0.0222 | Val Loss: 0.0303 | LR: 1e-06
EarlyStopping counter: 50 out of 320
Epoch 212 | Train Loss: 0.0278 | Val Loss: 0.0321 | LR: 1e-06
EarlyStopping counter: 51 out of 320
Epoch 213 | Train Loss: 0.0315 | Val Loss: 0.0233 | LR: 1e-06
EarlyStopping counter: 52 out of 320
Epoch 214 | Train Loss: 0.0387 | Val Loss: 0.0404 | LR: 1e-06
EarlyStopping counter: 53 out of 320
Epoch 215 | Train Loss: 0.0287 | Val Loss: 0.0417 | LR: 1e-06
EarlyStopping counter: 54 out of 320
Epoch 216 | Train Loss: 0.0344 | Val Loss: 0.0308 | LR: 1e-06
EarlyStopping counter: 55 out of 320
Epoch 217 | Train Loss: 0.0263 | Val Loss: 0.0215 | LR: 1e-06
EarlyStopping counter: 56 out of 320
Epoch 218 | Train Loss: 0.0260 | Val Loss: 0.0207 | LR: 1e-06
EarlyStopping counter: 57 out of 320
Epoch 219 | Train Loss: 0.0312 | Val Loss: 0.0390 | LR: 1e-06
EarlyStopping counter: 58 out of 320
Epoch 220 | Train Loss: 0.0287 | Val Loss: 0.0281 | LR: 1e-06
EarlyStopping counter: 59 out of 320
Epoch 221 | Train Loss: 0.0281 | Val Loss: 0.0248 | LR: 1e-06
EarlyStopping counter: 60 out of 320
Epoch 222 | Train Loss: 0.0219 | Val Loss: 0.0349 | LR: 1e-06
EarlyStopping counter: 61 out of 320
Epoch 223 | Train Loss: 0.0334 | Val Loss: 0.0306 | LR: 1e-06
EarlyStopping counter: 62 out of 320
Epoch 224 | Train Loss: 0.0355 | Val Loss: 0.0275 | LR: 1e-06
EarlyStopping counter: 63 out of 320
Epoch 225 | Train Loss: 0.0287 | Val Loss: 0.0484 | LR: 1e-06
EarlyStopping counter: 64 out of 320
Epoch 226 | Train Loss: 0.0327 | Val Loss: 0.0264 | LR: 1e-06
EarlyStopping counter: 65 out of 320
Epoch 227 | Train Loss: 0.0268 | Val Loss: 0.0294 | LR: 1e-06
EarlyStopping counter: 66 out of 320
Epoch 228 | Train Loss: 0.0316 | Val Loss: 0.0474 | LR: 1e-06
EarlyStopping counter: 67 out of 320
Epoch 229 | Train Loss: 0.0302 | Val Loss: 0.0365 | LR: 1e-06
EarlyStopping counter: 68 out of 320
Epoch 230 | Train Loss: 0.0322 | Val Loss: 0.0326 | LR: 1e-06
EarlyStopping counter: 69 out of 320
Epoch 231 | Train Loss: 0.0282 | Val Loss: 0.0413 | LR: 1e-06
EarlyStopping counter: 70 out of 320
Epoch 232 | Train Loss: 0.0289 | Val Loss: 0.0272 | LR: 1e-06
EarlyStopping counter: 71 out of 320
Epoch 233 | Train Loss: 0.0306 | Val Loss: 0.0429 | LR: 1e-06
EarlyStopping counter: 72 out of 320
Epoch 234 | Train Loss: 0.0297 | Val Loss: 0.0289 | LR: 1e-06
EarlyStopping counter: 73 out of 320
Epoch 235 | Train Loss: 0.0279 | Val Loss: 0.0306 | LR: 1e-06
EarlyStopping counter: 74 out of 320
Epoch 236 | Train Loss: 0.0297 | Val Loss: 0.0457 | LR: 1e-06
EarlyStopping counter: 75 out of 320
Epoch 237 | Train Loss: 0.0358 | Val Loss: 0.0153 | LR: 1e-06
Validation loss decreased (0.017018 --> 0.015309).  Saving model ...
Epoch 238 | Train Loss: 0.0346 | Val Loss: 0.0313 | LR: 1e-06
EarlyStopping counter: 1 out of 320
Epoch 239 | Train Loss: 0.0278 | Val Loss: 0.0393 | LR: 1e-06
EarlyStopping counter: 2 out of 320
Epoch 240 | Train Loss: 0.0337 | Val Loss: 0.0269 | LR: 1e-06
EarlyStopping counter: 3 out of 320
Epoch 241 | Train Loss: 0.0228 | Val Loss: 0.0334 | LR: 1e-06
EarlyStopping counter: 4 out of 320
Epoch 242 | Train Loss: 0.0306 | Val Loss: 0.0415 | LR: 1e-06
EarlyStopping counter: 5 out of 320
Epoch 243 | Train Loss: 0.0286 | Val Loss: 0.0316 | LR: 1e-06
EarlyStopping counter: 6 out of 320
Epoch 244 | Train Loss: 0.0307 | Val Loss: 0.0311 | LR: 1e-06
EarlyStopping counter: 7 out of 320
Epoch 245 | Train Loss: 0.0254 | Val Loss: 0.0192 | LR: 1e-06
EarlyStopping counter: 8 out of 320
Epoch 246 | Train Loss: 0.0342 | Val Loss: 0.0264 | LR: 1e-06
EarlyStopping counter: 9 out of 320
Epoch 247 | Train Loss: 0.0260 | Val Loss: 0.0272 | LR: 1e-06
EarlyStopping counter: 10 out of 320
Epoch 248 | Train Loss: 0.0311 | Val Loss: 0.0426 | LR: 1e-06
EarlyStopping counter: 11 out of 320
Epoch 249 | Train Loss: 0.0321 | Val Loss: 0.0179 | LR: 1e-06
EarlyStopping counter: 12 out of 320
Epoch 250 | Train Loss: 0.0279 | Val Loss: 0.0184 | LR: 1e-06
EarlyStopping counter: 13 out of 320
Epoch 251 | Train Loss: 0.0320 | Val Loss: 0.0305 | LR: 1e-06
EarlyStopping counter: 14 out of 320
Epoch 252 | Train Loss: 0.0287 | Val Loss: 0.0373 | LR: 1e-06
EarlyStopping counter: 15 out of 320
Epoch 253 | Train Loss: 0.0334 | Val Loss: 0.0276 | LR: 1e-06
EarlyStopping counter: 16 out of 320
Epoch 254 | Train Loss: 0.0265 | Val Loss: 0.0239 | LR: 1e-06
EarlyStopping counter: 17 out of 320
Epoch 255 | Train Loss: 0.0299 | Val Loss: 0.0470 | LR: 1e-06
EarlyStopping counter: 18 out of 320
Epoch 256 | Train Loss: 0.0258 | Val Loss: 0.0216 | LR: 1e-06
EarlyStopping counter: 19 out of 320
Epoch 257 | Train Loss: 0.0361 | Val Loss: 0.0216 | LR: 1e-06
EarlyStopping counter: 20 out of 320
Epoch 258 | Train Loss: 0.0249 | Val Loss: 0.0260 | LR: 1e-06
EarlyStopping counter: 21 out of 320
Epoch 259 | Train Loss: 0.0290 | Val Loss: 0.0344 | LR: 1e-06
EarlyStopping counter: 22 out of 320
Epoch 260 | Train Loss: 0.0346 | Val Loss: 0.0240 | LR: 1e-06
EarlyStopping counter: 23 out of 320
Epoch 261 | Train Loss: 0.0316 | Val Loss: 0.0304 | LR: 1e-06
EarlyStopping counter: 24 out of 320
Epoch 262 | Train Loss: 0.0263 | Val Loss: 0.0347 | LR: 1e-06
EarlyStopping counter: 25 out of 320
Epoch 263 | Train Loss: 0.0376 | Val Loss: 0.0311 | LR: 1e-06
EarlyStopping counter: 26 out of 320
Epoch 264 | Train Loss: 0.0230 | Val Loss: 0.0344 | LR: 1e-06
EarlyStopping counter: 27 out of 320
Epoch 265 | Train Loss: 0.0294 | Val Loss: 0.0259 | LR: 1e-06
EarlyStopping counter: 28 out of 320
Epoch 266 | Train Loss: 0.0228 | Val Loss: 0.0268 | LR: 1e-06
EarlyStopping counter: 29 out of 320
Epoch 267 | Train Loss: 0.0294 | Val Loss: 0.0209 | LR: 1e-06
EarlyStopping counter: 30 out of 320
Epoch 268 | Train Loss: 0.0302 | Val Loss: 0.0404 | LR: 1e-06
EarlyStopping counter: 31 out of 320
Epoch 269 | Train Loss: 0.0256 | Val Loss: 0.0390 | LR: 1e-06
EarlyStopping counter: 32 out of 320
Epoch 270 | Train Loss: 0.0267 | Val Loss: 0.0229 | LR: 1e-06
EarlyStopping counter: 33 out of 320
Epoch 271 | Train Loss: 0.0256 | Val Loss: 0.0275 | LR: 1e-06
EarlyStopping counter: 34 out of 320
Epoch 272 | Train Loss: 0.0250 | Val Loss: 0.0323 | LR: 1e-06
EarlyStopping counter: 35 out of 320
Epoch 273 | Train Loss: 0.0271 | Val Loss: 0.0160 | LR: 1e-06
EarlyStopping counter: 36 out of 320
Epoch 274 | Train Loss: 0.0296 | Val Loss: 0.0201 | LR: 1e-06
EarlyStopping counter: 37 out of 320
Epoch 275 | Train Loss: 0.0281 | Val Loss: 0.0273 | LR: 1e-06
EarlyStopping counter: 38 out of 320
Epoch 276 | Train Loss: 0.0393 | Val Loss: 0.0405 | LR: 1e-06
EarlyStopping counter: 39 out of 320
Epoch 277 | Train Loss: 0.0323 | Val Loss: 0.0320 | LR: 1e-06
EarlyStopping counter: 40 out of 320
Epoch 278 | Train Loss: 0.0298 | Val Loss: 0.0299 | LR: 1e-06
EarlyStopping counter: 41 out of 320
Epoch 279 | Train Loss: 0.0246 | Val Loss: 0.0317 | LR: 1e-06
EarlyStopping counter: 42 out of 320
Epoch 280 | Train Loss: 0.0303 | Val Loss: 0.0227 | LR: 1e-06
EarlyStopping counter: 43 out of 320
Epoch 281 | Train Loss: 0.0264 | Val Loss: 0.0254 | LR: 1e-06
EarlyStopping counter: 44 out of 320
Epoch 282 | Train Loss: 0.0317 | Val Loss: 0.0328 | LR: 1e-06
EarlyStopping counter: 45 out of 320
Epoch 283 | Train Loss: 0.0307 | Val Loss: 0.0283 | LR: 1e-06
EarlyStopping counter: 46 out of 320
Epoch 284 | Train Loss: 0.0282 | Val Loss: 0.0258 | LR: 1e-06
EarlyStopping counter: 47 out of 320
Epoch 285 | Train Loss: 0.0256 | Val Loss: 0.0265 | LR: 1e-06
EarlyStopping counter: 48 out of 320
Epoch 286 | Train Loss: 0.0304 | Val Loss: 0.0307 | LR: 1e-06
EarlyStopping counter: 49 out of 320
Epoch 287 | Train Loss: 0.0285 | Val Loss: 0.0303 | LR: 1e-06
EarlyStopping counter: 50 out of 320
Epoch 288 | Train Loss: 0.0245 | Val Loss: 0.0206 | LR: 1e-06
EarlyStopping counter: 51 out of 320
Epoch 289 | Train Loss: 0.0261 | Val Loss: 0.0257 | LR: 1e-06
EarlyStopping counter: 52 out of 320
Epoch 290 | Train Loss: 0.0247 | Val Loss: 0.0387 | LR: 1e-06
EarlyStopping counter: 53 out of 320
Epoch 291 | Train Loss: 0.0296 | Val Loss: 0.0259 | LR: 1e-06
EarlyStopping counter: 54 out of 320
Epoch 292 | Train Loss: 0.0281 | Val Loss: 0.0310 | LR: 1e-06
EarlyStopping counter: 55 out of 320
Epoch 293 | Train Loss: 0.0252 | Val Loss: 0.0246 | LR: 1e-06
EarlyStopping counter: 56 out of 320
Epoch 294 | Train Loss: 0.0338 | Val Loss: 0.0187 | LR: 1e-06
EarlyStopping counter: 57 out of 320
Epoch 295 | Train Loss: 0.0372 | Val Loss: 0.0292 | LR: 1e-06
EarlyStopping counter: 58 out of 320
Epoch 296 | Train Loss: 0.0316 | Val Loss: 0.0274 | LR: 1e-06
EarlyStopping counter: 59 out of 320
Epoch 297 | Train Loss: 0.0320 | Val Loss: 0.0469 | LR: 1e-06
EarlyStopping counter: 60 out of 320
Epoch 298 | Train Loss: 0.0281 | Val Loss: 0.0297 | LR: 1e-06
EarlyStopping counter: 61 out of 320
Epoch 299 | Train Loss: 0.0293 | Val Loss: 0.0279 | LR: 1e-06
EarlyStopping counter: 62 out of 320
Epoch 300 | Train Loss: 0.0321 | Val Loss: 0.0205 | LR: 1e-06
EarlyStopping counter: 63 out of 320
Epoch 301 | Train Loss: 0.0278 | Val Loss: 0.0222 | LR: 1e-06
EarlyStopping counter: 64 out of 320
Epoch 302 | Train Loss: 0.0254 | Val Loss: 0.0372 | LR: 1e-06
EarlyStopping counter: 65 out of 320
Epoch 303 | Train Loss: 0.0280 | Val Loss: 0.0306 | LR: 1e-06
EarlyStopping counter: 66 out of 320
Epoch 304 | Train Loss: 0.0251 | Val Loss: 0.0170 | LR: 1e-06
EarlyStopping counter: 67 out of 320
Epoch 305 | Train Loss: 0.0295 | Val Loss: 0.0263 | LR: 1e-06
EarlyStopping counter: 68 out of 320
Epoch 306 | Train Loss: 0.0270 | Val Loss: 0.0308 | LR: 1e-06
EarlyStopping counter: 69 out of 320
Epoch 307 | Train Loss: 0.0270 | Val Loss: 0.0184 | LR: 1e-06
EarlyStopping counter: 70 out of 320
Epoch 308 | Train Loss: 0.0289 | Val Loss: 0.0326 | LR: 1e-06
EarlyStopping counter: 71 out of 320
Epoch 309 | Train Loss: 0.0283 | Val Loss: 0.0246 | LR: 1e-06
EarlyStopping counter: 72 out of 320
Epoch 310 | Train Loss: 0.0323 | Val Loss: 0.0266 | LR: 1e-06
EarlyStopping counter: 73 out of 320
Epoch 311 | Train Loss: 0.0307 | Val Loss: 0.0299 | LR: 1e-06
EarlyStopping counter: 74 out of 320
Epoch 312 | Train Loss: 0.0215 | Val Loss: 0.0331 | LR: 1e-06
EarlyStopping counter: 75 out of 320
Epoch 313 | Train Loss: 0.0255 | Val Loss: 0.0382 | LR: 1e-06
EarlyStopping counter: 76 out of 320
Epoch 314 | Train Loss: 0.0307 | Val Loss: 0.0273 | LR: 1e-06
EarlyStopping counter: 77 out of 320
Epoch 315 | Train Loss: 0.0347 | Val Loss: 0.0304 | LR: 1e-06
EarlyStopping counter: 78 out of 320
Epoch 316 | Train Loss: 0.0285 | Val Loss: 0.0286 | LR: 1e-06
EarlyStopping counter: 79 out of 320
Epoch 317 | Train Loss: 0.0234 | Val Loss: 0.0321 | LR: 1e-06
EarlyStopping counter: 80 out of 320
Epoch 318 | Train Loss: 0.0287 | Val Loss: 0.0262 | LR: 1e-06
EarlyStopping counter: 81 out of 320
Epoch 319 | Train Loss: 0.0312 | Val Loss: 0.0236 | LR: 1e-06
EarlyStopping counter: 82 out of 320
Epoch 320 | Train Loss: 0.0286 | Val Loss: 0.0264 | LR: 1e-06
EarlyStopping counter: 83 out of 320
Epoch 321 | Train Loss: 0.0302 | Val Loss: 0.0331 | LR: 1e-06
EarlyStopping counter: 84 out of 320
Epoch 322 | Train Loss: 0.0210 | Val Loss: 0.0308 | LR: 1e-06
EarlyStopping counter: 85 out of 320
Epoch 323 | Train Loss: 0.0323 | Val Loss: 0.0357 | LR: 1e-06
EarlyStopping counter: 86 out of 320
Epoch 324 | Train Loss: 0.0288 | Val Loss: 0.0293 | LR: 1e-06
EarlyStopping counter: 87 out of 320
Epoch 325 | Train Loss: 0.0239 | Val Loss: 0.0301 | LR: 1e-06
EarlyStopping counter: 88 out of 320
Epoch 326 | Train Loss: 0.0293 | Val Loss: 0.0328 | LR: 1e-06
EarlyStopping counter: 89 out of 320
Epoch 327 | Train Loss: 0.0268 | Val Loss: 0.0255 | LR: 1e-06
EarlyStopping counter: 90 out of 320
Epoch 328 | Train Loss: 0.0263 | Val Loss: 0.0165 | LR: 1e-06
EarlyStopping counter: 91 out of 320
Epoch 329 | Train Loss: 0.0284 | Val Loss: 0.0248 | LR: 1e-06
EarlyStopping counter: 92 out of 320
Epoch 330 | Train Loss: 0.0257 | Val Loss: 0.0450 | LR: 1e-06
EarlyStopping counter: 93 out of 320
Epoch 331 | Train Loss: 0.0216 | Val Loss: 0.0465 | LR: 1e-06
EarlyStopping counter: 94 out of 320
Epoch 332 | Train Loss: 0.0300 | Val Loss: 0.0287 | LR: 1e-06
EarlyStopping counter: 95 out of 320
Epoch 333 | Train Loss: 0.0284 | Val Loss: 0.0221 | LR: 1e-06
EarlyStopping counter: 96 out of 320
Epoch 334 | Train Loss: 0.0275 | Val Loss: 0.0274 | LR: 1e-06
EarlyStopping counter: 97 out of 320
Epoch 335 | Train Loss: 0.0273 | Val Loss: 0.0221 | LR: 1e-06
EarlyStopping counter: 98 out of 320
Epoch 336 | Train Loss: 0.0318 | Val Loss: 0.0210 | LR: 1e-06
EarlyStopping counter: 99 out of 320
Epoch 337 | Train Loss: 0.0278 | Val Loss: 0.0254 | LR: 1e-06
EarlyStopping counter: 100 out of 320
Epoch 338 | Train Loss: 0.0240 | Val Loss: 0.0320 | LR: 1e-06
EarlyStopping counter: 101 out of 320
Epoch 339 | Train Loss: 0.0230 | Val Loss: 0.0287 | LR: 1e-06
EarlyStopping counter: 102 out of 320
Epoch 340 | Train Loss: 0.0272 | Val Loss: 0.0258 | LR: 1e-06
EarlyStopping counter: 103 out of 320
Epoch 341 | Train Loss: 0.0292 | Val Loss: 0.0418 | LR: 1e-06
EarlyStopping counter: 104 out of 320
Epoch 342 | Train Loss: 0.0283 | Val Loss: 0.0255 | LR: 1e-06
EarlyStopping counter: 105 out of 320
Epoch 343 | Train Loss: 0.0330 | Val Loss: 0.0360 | LR: 1e-06
EarlyStopping counter: 106 out of 320
Epoch 344 | Train Loss: 0.0273 | Val Loss: 0.0282 | LR: 1e-06
EarlyStopping counter: 107 out of 320
Epoch 345 | Train Loss: 0.0265 | Val Loss: 0.0303 | LR: 1e-06
EarlyStopping counter: 108 out of 320
Epoch 346 | Train Loss: 0.0263 | Val Loss: 0.0342 | LR: 1e-06
EarlyStopping counter: 109 out of 320
Epoch 347 | Train Loss: 0.0276 | Val Loss: 0.0304 | LR: 1e-06
EarlyStopping counter: 110 out of 320
Epoch 348 | Train Loss: 0.0314 | Val Loss: 0.0221 | LR: 1e-06
EarlyStopping counter: 111 out of 320
Epoch 349 | Train Loss: 0.0292 | Val Loss: 0.0312 | LR: 1e-06
EarlyStopping counter: 112 out of 320
Epoch 350 | Train Loss: 0.0306 | Val Loss: 0.0235 | LR: 1e-06
EarlyStopping counter: 113 out of 320
Epoch 351 | Train Loss: 0.0299 | Val Loss: 0.0285 | LR: 1e-06
EarlyStopping counter: 114 out of 320
Epoch 352 | Train Loss: 0.0365 | Val Loss: 0.0428 | LR: 1e-06
EarlyStopping counter: 115 out of 320
Epoch 353 | Train Loss: 0.0314 | Val Loss: 0.0264 | LR: 1e-06
EarlyStopping counter: 116 out of 320
Epoch 354 | Train Loss: 0.0282 | Val Loss: 0.0290 | LR: 1e-06
EarlyStopping counter: 117 out of 320
Epoch 355 | Train Loss: 0.0304 | Val Loss: 0.0260 | LR: 1e-06
EarlyStopping counter: 118 out of 320
Epoch 356 | Train Loss: 0.0297 | Val Loss: 0.0273 | LR: 1e-06
EarlyStopping counter: 119 out of 320
Epoch 357 | Train Loss: 0.0276 | Val Loss: 0.0250 | LR: 1e-06
EarlyStopping counter: 120 out of 320
Epoch 358 | Train Loss: 0.0218 | Val Loss: 0.0194 | LR: 1e-06
EarlyStopping counter: 121 out of 320
Epoch 359 | Train Loss: 0.0331 | Val Loss: 0.0253 | LR: 1e-06
EarlyStopping counter: 122 out of 320
Epoch 360 | Train Loss: 0.0248 | Val Loss: 0.0311 | LR: 1e-06
EarlyStopping counter: 123 out of 320
Epoch 361 | Train Loss: 0.0282 | Val Loss: 0.0253 | LR: 1e-06
EarlyStopping counter: 124 out of 320
Epoch 362 | Train Loss: 0.0289 | Val Loss: 0.0281 | LR: 1e-06
EarlyStopping counter: 125 out of 320
Epoch 363 | Train Loss: 0.0288 | Val Loss: 0.0256 | LR: 1e-06
EarlyStopping counter: 126 out of 320
Epoch 364 | Train Loss: 0.0263 | Val Loss: 0.0350 | LR: 1e-06
EarlyStopping counter: 127 out of 320
Epoch 365 | Train Loss: 0.0301 | Val Loss: 0.0348 | LR: 1e-06
EarlyStopping counter: 128 out of 320
Epoch 366 | Train Loss: 0.0254 | Val Loss: 0.0498 | LR: 1e-06
EarlyStopping counter: 129 out of 320
Epoch 367 | Train Loss: 0.0212 | Val Loss: 0.0272 | LR: 1e-06
EarlyStopping counter: 130 out of 320
Epoch 368 | Train Loss: 0.0265 | Val Loss: 0.0228 | LR: 1e-06
EarlyStopping counter: 131 out of 320
Epoch 369 | Train Loss: 0.0309 | Val Loss: 0.0187 | LR: 1e-06
EarlyStopping counter: 132 out of 320
Epoch 370 | Train Loss: 0.0303 | Val Loss: 0.0296 | LR: 1e-06
EarlyStopping counter: 133 out of 320
Epoch 371 | Train Loss: 0.0316 | Val Loss: 0.0514 | LR: 1e-06
EarlyStopping counter: 134 out of 320
Epoch 372 | Train Loss: 0.0217 | Val Loss: 0.0294 | LR: 1e-06
EarlyStopping counter: 135 out of 320
Epoch 373 | Train Loss: 0.0271 | Val Loss: 0.0196 | LR: 1e-06
EarlyStopping counter: 136 out of 320
Epoch 374 | Train Loss: 0.0247 | Val Loss: 0.0238 | LR: 1e-06
EarlyStopping counter: 137 out of 320
Epoch 375 | Train Loss: 0.0206 | Val Loss: 0.0263 | LR: 1e-06
EarlyStopping counter: 138 out of 320
Epoch 376 | Train Loss: 0.0347 | Val Loss: 0.0173 | LR: 1e-06
EarlyStopping counter: 139 out of 320
Epoch 377 | Train Loss: 0.0322 | Val Loss: 0.0301 | LR: 1e-06
EarlyStopping counter: 140 out of 320
Epoch 378 | Train Loss: 0.0286 | Val Loss: 0.0237 | LR: 1e-06
EarlyStopping counter: 141 out of 320
Epoch 379 | Train Loss: 0.0285 | Val Loss: 0.0121 | LR: 1e-06
Validation loss decreased (0.015309 --> 0.012129).  Saving model ...
Epoch 380 | Train Loss: 0.0307 | Val Loss: 0.0194 | LR: 1e-06
EarlyStopping counter: 1 out of 320
Epoch 381 | Train Loss: 0.0300 | Val Loss: 0.0271 | LR: 1e-06
EarlyStopping counter: 2 out of 320
Epoch 382 | Train Loss: 0.0217 | Val Loss: 0.0267 | LR: 1e-06
EarlyStopping counter: 3 out of 320
Epoch 383 | Train Loss: 0.0251 | Val Loss: 0.0408 | LR: 1e-06
EarlyStopping counter: 4 out of 320
Epoch 384 | Train Loss: 0.0230 | Val Loss: 0.0260 | LR: 1e-06
EarlyStopping counter: 5 out of 320
Epoch 385 | Train Loss: 0.0254 | Val Loss: 0.0291 | LR: 1e-06
EarlyStopping counter: 6 out of 320
Epoch 386 | Train Loss: 0.0251 | Val Loss: 0.0302 | LR: 1e-06
EarlyStopping counter: 7 out of 320
Epoch 387 | Train Loss: 0.0267 | Val Loss: 0.0205 | LR: 1e-06
EarlyStopping counter: 8 out of 320
Epoch 388 | Train Loss: 0.0291 | Val Loss: 0.0218 | LR: 1e-06
EarlyStopping counter: 9 out of 320
Epoch 389 | Train Loss: 0.0227 | Val Loss: 0.0280 | LR: 1e-06
EarlyStopping counter: 10 out of 320
Epoch 390 | Train Loss: 0.0338 | Val Loss: 0.0294 | LR: 1e-06
EarlyStopping counter: 11 out of 320
Epoch 391 | Train Loss: 0.0323 | Val Loss: 0.0198 | LR: 1e-06
EarlyStopping counter: 12 out of 320
Epoch 392 | Train Loss: 0.0245 | Val Loss: 0.0219 | LR: 1e-06
EarlyStopping counter: 13 out of 320
Epoch 393 | Train Loss: 0.0255 | Val Loss: 0.0281 | LR: 1e-06
EarlyStopping counter: 14 out of 320
Epoch 394 | Train Loss: 0.0265 | Val Loss: 0.0204 | LR: 1e-06
EarlyStopping counter: 15 out of 320
Epoch 395 | Train Loss: 0.0200 | Val Loss: 0.0235 | LR: 1e-06
EarlyStopping counter: 16 out of 320
Epoch 396 | Train Loss: 0.0226 | Val Loss: 0.0239 | LR: 1e-06
EarlyStopping counter: 17 out of 320
Epoch 397 | Train Loss: 0.0265 | Val Loss: 0.0329 | LR: 1e-06
EarlyStopping counter: 18 out of 320
Epoch 398 | Train Loss: 0.0223 | Val Loss: 0.0186 | LR: 1e-06
EarlyStopping counter: 19 out of 320
Epoch 399 | Train Loss: 0.0291 | Val Loss: 0.0332 | LR: 1e-06
EarlyStopping counter: 20 out of 320
Epoch 400 | Train Loss: 0.0298 | Val Loss: 0.0220 | LR: 1e-06
EarlyStopping counter: 21 out of 320
Epoch 401 | Train Loss: 0.0319 | Val Loss: 0.0326 | LR: 1e-06
EarlyStopping counter: 22 out of 320
Epoch 402 | Train Loss: 0.0292 | Val Loss: 0.0278 | LR: 1e-06
EarlyStopping counter: 23 out of 320
Epoch 403 | Train Loss: 0.0303 | Val Loss: 0.0276 | LR: 1e-06
EarlyStopping counter: 24 out of 320
Epoch 404 | Train Loss: 0.0263 | Val Loss: 0.0313 | LR: 1e-06
EarlyStopping counter: 25 out of 320
Epoch 405 | Train Loss: 0.0306 | Val Loss: 0.0213 | LR: 1e-06
EarlyStopping counter: 26 out of 320
Epoch 406 | Train Loss: 0.0289 | Val Loss: 0.0237 | LR: 1e-06
EarlyStopping counter: 27 out of 320
Epoch 407 | Train Loss: 0.0265 | Val Loss: 0.0231 | LR: 1e-06
EarlyStopping counter: 28 out of 320
Epoch 408 | Train Loss: 0.0258 | Val Loss: 0.0233 | LR: 1e-06
EarlyStopping counter: 29 out of 320
Epoch 409 | Train Loss: 0.0281 | Val Loss: 0.0276 | LR: 1e-06
EarlyStopping counter: 30 out of 320
Epoch 410 | Train Loss: 0.0247 | Val Loss: 0.0343 | LR: 1e-06
EarlyStopping counter: 31 out of 320
Epoch 411 | Train Loss: 0.0227 | Val Loss: 0.0252 | LR: 1e-06
EarlyStopping counter: 32 out of 320
Epoch 412 | Train Loss: 0.0242 | Val Loss: 0.0283 | LR: 1e-06
EarlyStopping counter: 33 out of 320
Epoch 413 | Train Loss: 0.0252 | Val Loss: 0.0273 | LR: 1e-06
EarlyStopping counter: 34 out of 320
Epoch 414 | Train Loss: 0.0283 | Val Loss: 0.0278 | LR: 1e-06
EarlyStopping counter: 35 out of 320
Epoch 415 | Train Loss: 0.0310 | Val Loss: 0.0304 | LR: 1e-06
EarlyStopping counter: 36 out of 320
Epoch 416 | Train Loss: 0.0273 | Val Loss: 0.0249 | LR: 1e-06
EarlyStopping counter: 37 out of 320
Epoch 417 | Train Loss: 0.0287 | Val Loss: 0.0228 | LR: 1e-06
EarlyStopping counter: 38 out of 320
Epoch 418 | Train Loss: 0.0250 | Val Loss: 0.0300 | LR: 1e-06
EarlyStopping counter: 39 out of 320
Epoch 419 | Train Loss: 0.0232 | Val Loss: 0.0230 | LR: 1e-06
EarlyStopping counter: 40 out of 320
Epoch 420 | Train Loss: 0.0302 | Val Loss: 0.0211 | LR: 1e-06
EarlyStopping counter: 41 out of 320
Epoch 421 | Train Loss: 0.0290 | Val Loss: 0.0380 | LR: 1e-06
EarlyStopping counter: 42 out of 320
Epoch 422 | Train Loss: 0.0267 | Val Loss: 0.0196 | LR: 1e-06
EarlyStopping counter: 43 out of 320
Epoch 423 | Train Loss: 0.0335 | Val Loss: 0.0270 | LR: 1e-06
EarlyStopping counter: 44 out of 320
Epoch 424 | Train Loss: 0.0270 | Val Loss: 0.0257 | LR: 1e-06
EarlyStopping counter: 45 out of 320
Epoch 425 | Train Loss: 0.0300 | Val Loss: 0.0296 | LR: 1e-06
EarlyStopping counter: 46 out of 320
Epoch 426 | Train Loss: 0.0311 | Val Loss: 0.0192 | LR: 1e-06
EarlyStopping counter: 47 out of 320
Epoch 427 | Train Loss: 0.0245 | Val Loss: 0.0229 | LR: 1e-06
EarlyStopping counter: 48 out of 320
Epoch 428 | Train Loss: 0.0273 | Val Loss: 0.0189 | LR: 1e-06
EarlyStopping counter: 49 out of 320
Epoch 429 | Train Loss: 0.0278 | Val Loss: 0.0305 | LR: 1e-06
EarlyStopping counter: 50 out of 320
Epoch 430 | Train Loss: 0.0285 | Val Loss: 0.0327 | LR: 1e-06
EarlyStopping counter: 51 out of 320
Epoch 431 | Train Loss: 0.0251 | Val Loss: 0.0189 | LR: 1e-06
EarlyStopping counter: 52 out of 320
Epoch 432 | Train Loss: 0.0298 | Val Loss: 0.0245 | LR: 1e-06
EarlyStopping counter: 53 out of 320
Epoch 433 | Train Loss: 0.0295 | Val Loss: 0.0270 | LR: 1e-06
EarlyStopping counter: 54 out of 320
Epoch 434 | Train Loss: 0.0224 | Val Loss: 0.0331 | LR: 1e-06
EarlyStopping counter: 55 out of 320
Epoch 435 | Train Loss: 0.0315 | Val Loss: 0.0277 | LR: 1e-06
EarlyStopping counter: 56 out of 320
Epoch 436 | Train Loss: 0.0301 | Val Loss: 0.0410 | LR: 1e-06
EarlyStopping counter: 57 out of 320
Epoch 437 | Train Loss: 0.0266 | Val Loss: 0.0327 | LR: 1e-06
EarlyStopping counter: 58 out of 320
Epoch 438 | Train Loss: 0.0226 | Val Loss: 0.0372 | LR: 1e-06
EarlyStopping counter: 59 out of 320
Epoch 439 | Train Loss: 0.0193 | Val Loss: 0.0384 | LR: 1e-06
EarlyStopping counter: 60 out of 320
Epoch 440 | Train Loss: 0.0216 | Val Loss: 0.0211 | LR: 1e-06
EarlyStopping counter: 61 out of 320
Epoch 441 | Train Loss: 0.0274 | Val Loss: 0.0211 | LR: 1e-06
EarlyStopping counter: 62 out of 320
Epoch 442 | Train Loss: 0.0321 | Val Loss: 0.0273 | LR: 1e-06
EarlyStopping counter: 63 out of 320
Epoch 443 | Train Loss: 0.0242 | Val Loss: 0.0353 | LR: 1e-06
EarlyStopping counter: 64 out of 320
Epoch 444 | Train Loss: 0.0311 | Val Loss: 0.0179 | LR: 1e-06
EarlyStopping counter: 65 out of 320
Epoch 445 | Train Loss: 0.0258 | Val Loss: 0.0373 | LR: 1e-06
EarlyStopping counter: 66 out of 320
Epoch 446 | Train Loss: 0.0254 | Val Loss: 0.0331 | LR: 1e-06
EarlyStopping counter: 67 out of 320
Epoch 447 | Train Loss: 0.0259 | Val Loss: 0.0296 | LR: 1e-06
EarlyStopping counter: 68 out of 320
Epoch 448 | Train Loss: 0.0308 | Val Loss: 0.0280 | LR: 1e-06
EarlyStopping counter: 69 out of 320
Epoch 449 | Train Loss: 0.0268 | Val Loss: 0.0215 | LR: 1e-06
EarlyStopping counter: 70 out of 320
Epoch 450 | Train Loss: 0.0259 | Val Loss: 0.0266 | LR: 1e-06
EarlyStopping counter: 71 out of 320
Epoch 451 | Train Loss: 0.0279 | Val Loss: 0.0223 | LR: 1e-06
EarlyStopping counter: 72 out of 320
Epoch 452 | Train Loss: 0.0273 | Val Loss: 0.0185 | LR: 1e-06
EarlyStopping counter: 73 out of 320
Epoch 453 | Train Loss: 0.0292 | Val Loss: 0.0199 | LR: 1e-06
EarlyStopping counter: 74 out of 320
Epoch 454 | Train Loss: 0.0202 | Val Loss: 0.0455 | LR: 1e-06
EarlyStopping counter: 75 out of 320
Epoch 455 | Train Loss: 0.0253 | Val Loss: 0.0307 | LR: 1e-06
EarlyStopping counter: 76 out of 320
Epoch 456 | Train Loss: 0.0269 | Val Loss: 0.0270 | LR: 1e-06
EarlyStopping counter: 77 out of 320
Epoch 457 | Train Loss: 0.0297 | Val Loss: 0.0282 | LR: 1e-06
EarlyStopping counter: 78 out of 320
Epoch 458 | Train Loss: 0.0318 | Val Loss: 0.0258 | LR: 1e-06
EarlyStopping counter: 79 out of 320
Epoch 459 | Train Loss: 0.0247 | Val Loss: 0.0233 | LR: 1e-06
EarlyStopping counter: 80 out of 320
Epoch 460 | Train Loss: 0.0229 | Val Loss: 0.0205 | LR: 1e-06
EarlyStopping counter: 81 out of 320
Epoch 461 | Train Loss: 0.0253 | Val Loss: 0.0262 | LR: 1e-06
EarlyStopping counter: 82 out of 320
Epoch 462 | Train Loss: 0.0294 | Val Loss: 0.0390 | LR: 1e-06
EarlyStopping counter: 83 out of 320
Epoch 463 | Train Loss: 0.0224 | Val Loss: 0.0213 | LR: 1e-06
EarlyStopping counter: 84 out of 320
Epoch 464 | Train Loss: 0.0266 | Val Loss: 0.0248 | LR: 1e-06
EarlyStopping counter: 85 out of 320
Epoch 465 | Train Loss: 0.0294 | Val Loss: 0.0269 | LR: 1e-06
EarlyStopping counter: 86 out of 320
Epoch 466 | Train Loss: 0.0212 | Val Loss: 0.0334 | LR: 1e-06
EarlyStopping counter: 87 out of 320
Epoch 467 | Train Loss: 0.0229 | Val Loss: 0.0307 | LR: 1e-06
EarlyStopping counter: 88 out of 320
Epoch 468 | Train Loss: 0.0231 | Val Loss: 0.0404 | LR: 1e-06
EarlyStopping counter: 89 out of 320
Epoch 469 | Train Loss: 0.0231 | Val Loss: 0.0229 | LR: 1e-06
EarlyStopping counter: 90 out of 320
Epoch 470 | Train Loss: 0.0298 | Val Loss: 0.0240 | LR: 1e-06
EarlyStopping counter: 91 out of 320
Epoch 471 | Train Loss: 0.0297 | Val Loss: 0.0236 | LR: 1e-06
EarlyStopping counter: 92 out of 320
Epoch 472 | Train Loss: 0.0230 | Val Loss: 0.0201 | LR: 1e-06
EarlyStopping counter: 93 out of 320
Epoch 473 | Train Loss: 0.0216 | Val Loss: 0.0390 | LR: 1e-06
EarlyStopping counter: 94 out of 320
Epoch 474 | Train Loss: 0.0322 | Val Loss: 0.0307 | LR: 1e-06
EarlyStopping counter: 95 out of 320
Epoch 475 | Train Loss: 0.0272 | Val Loss: 0.0198 | LR: 1e-06
EarlyStopping counter: 96 out of 320
Epoch 476 | Train Loss: 0.0221 | Val Loss: 0.0212 | LR: 1e-06
EarlyStopping counter: 97 out of 320
Epoch 477 | Train Loss: 0.0309 | Val Loss: 0.0282 | LR: 1e-06
EarlyStopping counter: 98 out of 320
Epoch 478 | Train Loss: 0.0299 | Val Loss: 0.0325 | LR: 1e-06
EarlyStopping counter: 99 out of 320
Epoch 479 | Train Loss: 0.0338 | Val Loss: 0.0211 | LR: 1e-06
EarlyStopping counter: 100 out of 320
Epoch 480 | Train Loss: 0.0307 | Val Loss: 0.0296 | LR: 1e-06
EarlyStopping counter: 101 out of 320
Epoch 481 | Train Loss: 0.0259 | Val Loss: 0.0232 | LR: 1e-06
EarlyStopping counter: 102 out of 320
Epoch 482 | Train Loss: 0.0291 | Val Loss: 0.0213 | LR: 1e-06
EarlyStopping counter: 103 out of 320
Epoch 483 | Train Loss: 0.0291 | Val Loss: 0.0236 | LR: 1e-06
EarlyStopping counter: 104 out of 320
Epoch 484 | Train Loss: 0.0285 | Val Loss: 0.0278 | LR: 1e-06
EarlyStopping counter: 105 out of 320
Epoch 485 | Train Loss: 0.0245 | Val Loss: 0.0192 | LR: 1e-06
EarlyStopping counter: 106 out of 320
Epoch 486 | Train Loss: 0.0300 | Val Loss: 0.0239 | LR: 1e-06
EarlyStopping counter: 107 out of 320
Epoch 487 | Train Loss: 0.0249 | Val Loss: 0.0224 | LR: 1e-06
EarlyStopping counter: 108 out of 320
Epoch 488 | Train Loss: 0.0297 | Val Loss: 0.0205 | LR: 1e-06
EarlyStopping counter: 109 out of 320
Epoch 489 | Train Loss: 0.0323 | Val Loss: 0.0203 | LR: 1e-06
EarlyStopping counter: 110 out of 320
Epoch 490 | Train Loss: 0.0256 | Val Loss: 0.0223 | LR: 1e-06
EarlyStopping counter: 111 out of 320
Epoch 491 | Train Loss: 0.0280 | Val Loss: 0.0351 | LR: 1e-06
EarlyStopping counter: 112 out of 320
Epoch 492 | Train Loss: 0.0267 | Val Loss: 0.0222 | LR: 1e-06
EarlyStopping counter: 113 out of 320
Epoch 493 | Train Loss: 0.0277 | Val Loss: 0.0276 | LR: 1e-06
EarlyStopping counter: 114 out of 320
Epoch 494 | Train Loss: 0.0252 | Val Loss: 0.0205 | LR: 1e-06
EarlyStopping counter: 115 out of 320
Epoch 495 | Train Loss: 0.0335 | Val Loss: 0.0283 | LR: 1e-06
EarlyStopping counter: 116 out of 320
Epoch 496 | Train Loss: 0.0268 | Val Loss: 0.0148 | LR: 1e-06
EarlyStopping counter: 117 out of 320
Epoch 497 | Train Loss: 0.0227 | Val Loss: 0.0185 | LR: 1e-06
EarlyStopping counter: 118 out of 320
Epoch 498 | Train Loss: 0.0268 | Val Loss: 0.0250 | LR: 1e-06
EarlyStopping counter: 119 out of 320
Epoch 499 | Train Loss: 0.0251 | Val Loss: 0.0261 | LR: 1e-06
EarlyStopping counter: 120 out of 320
Epoch 500 | Train Loss: 0.0289 | Val Loss: 0.0177 | LR: 1e-06
EarlyStopping counter: 121 out of 320
Epoch 501 | Train Loss: 0.0273 | Val Loss: 0.0261 | LR: 1e-06
EarlyStopping counter: 122 out of 320
Epoch 502 | Train Loss: 0.0273 | Val Loss: 0.0226 | LR: 1e-06
EarlyStopping counter: 123 out of 320
Epoch 503 | Train Loss: 0.0235 | Val Loss: 0.0287 | LR: 1e-06
EarlyStopping counter: 124 out of 320
Epoch 504 | Train Loss: 0.0310 | Val Loss: 0.0371 | LR: 1e-06
EarlyStopping counter: 125 out of 320
Epoch 505 | Train Loss: 0.0191 | Val Loss: 0.0300 | LR: 1e-06
EarlyStopping counter: 126 out of 320
Epoch 506 | Train Loss: 0.0202 | Val Loss: 0.0227 | LR: 1e-06
EarlyStopping counter: 127 out of 320
Epoch 507 | Train Loss: 0.0248 | Val Loss: 0.0215 | LR: 1e-06
EarlyStopping counter: 128 out of 320
Epoch 508 | Train Loss: 0.0281 | Val Loss: 0.0217 | LR: 1e-06
EarlyStopping counter: 129 out of 320
Epoch 509 | Train Loss: 0.0271 | Val Loss: 0.0285 | LR: 1e-06
EarlyStopping counter: 130 out of 320
Epoch 510 | Train Loss: 0.0262 | Val Loss: 0.0398 | LR: 1e-06
EarlyStopping counter: 131 out of 320
Epoch 511 | Train Loss: 0.0282 | Val Loss: 0.0250 | LR: 1e-06
EarlyStopping counter: 132 out of 320
Epoch 512 | Train Loss: 0.0287 | Val Loss: 0.0287 | LR: 1e-06
EarlyStopping counter: 133 out of 320
Epoch 513 | Train Loss: 0.0270 | Val Loss: 0.0296 | LR: 1e-06
EarlyStopping counter: 134 out of 320
Epoch 514 | Train Loss: 0.0276 | Val Loss: 0.0343 | LR: 1e-06
EarlyStopping counter: 135 out of 320
Epoch 515 | Train Loss: 0.0221 | Val Loss: 0.0178 | LR: 1e-06
EarlyStopping counter: 136 out of 320
Epoch 516 | Train Loss: 0.0207 | Val Loss: 0.0178 | LR: 1e-06
EarlyStopping counter: 137 out of 320
Epoch 517 | Train Loss: 0.0232 | Val Loss: 0.0221 | LR: 1e-06
EarlyStopping counter: 138 out of 320
Epoch 518 | Train Loss: 0.0231 | Val Loss: 0.0195 | LR: 1e-06
EarlyStopping counter: 139 out of 320
Epoch 519 | Train Loss: 0.0282 | Val Loss: 0.0290 | LR: 1e-06
EarlyStopping counter: 140 out of 320
Epoch 520 | Train Loss: 0.0241 | Val Loss: 0.0264 | LR: 1e-06
EarlyStopping counter: 141 out of 320
Epoch 521 | Train Loss: 0.0243 | Val Loss: 0.0380 | LR: 1e-06
EarlyStopping counter: 142 out of 320
Epoch 522 | Train Loss: 0.0272 | Val Loss: 0.0289 | LR: 1e-06
EarlyStopping counter: 143 out of 320
Epoch 523 | Train Loss: 0.0220 | Val Loss: 0.0323 | LR: 1e-06
EarlyStopping counter: 144 out of 320
Epoch 524 | Train Loss: 0.0306 | Val Loss: 0.0304 | LR: 1e-06
EarlyStopping counter: 145 out of 320
Epoch 525 | Train Loss: 0.0290 | Val Loss: 0.0309 | LR: 1e-06
EarlyStopping counter: 146 out of 320
Epoch 526 | Train Loss: 0.0259 | Val Loss: 0.0214 | LR: 1e-06
EarlyStopping counter: 147 out of 320
Epoch 527 | Train Loss: 0.0202 | Val Loss: 0.0299 | LR: 1e-06
EarlyStopping counter: 148 out of 320
Epoch 528 | Train Loss: 0.0247 | Val Loss: 0.0402 | LR: 1e-06
EarlyStopping counter: 149 out of 320
Epoch 529 | Train Loss: 0.0226 | Val Loss: 0.0277 | LR: 1e-06
EarlyStopping counter: 150 out of 320
Epoch 530 | Train Loss: 0.0245 | Val Loss: 0.0327 | LR: 1e-06
EarlyStopping counter: 151 out of 320
Epoch 531 | Train Loss: 0.0306 | Val Loss: 0.0283 | LR: 1e-06
EarlyStopping counter: 152 out of 320
Epoch 532 | Train Loss: 0.0292 | Val Loss: 0.0189 | LR: 1e-06
EarlyStopping counter: 153 out of 320
Epoch 533 | Train Loss: 0.0231 | Val Loss: 0.0207 | LR: 1e-06
EarlyStopping counter: 154 out of 320
Epoch 534 | Train Loss: 0.0289 | Val Loss: 0.0387 | LR: 1e-06
EarlyStopping counter: 155 out of 320
Epoch 535 | Train Loss: 0.0260 | Val Loss: 0.0175 | LR: 1e-06
EarlyStopping counter: 156 out of 320
Epoch 536 | Train Loss: 0.0246 | Val Loss: 0.0240 | LR: 1e-06
EarlyStopping counter: 157 out of 320
Epoch 537 | Train Loss: 0.0274 | Val Loss: 0.0228 | LR: 1e-06
EarlyStopping counter: 158 out of 320
Epoch 538 | Train Loss: 0.0280 | Val Loss: 0.0137 | LR: 1e-06
EarlyStopping counter: 159 out of 320
Epoch 539 | Train Loss: 0.0255 | Val Loss: 0.0208 | LR: 1e-06
EarlyStopping counter: 160 out of 320
Epoch 540 | Train Loss: 0.0250 | Val Loss: 0.0200 | LR: 1e-06
EarlyStopping counter: 161 out of 320
Epoch 541 | Train Loss: 0.0235 | Val Loss: 0.0186 | LR: 5e-07
EarlyStopping counter: 162 out of 320
Epoch 542 | Train Loss: 0.0255 | Val Loss: 0.0153 | LR: 5e-07
EarlyStopping counter: 163 out of 320
Epoch 543 | Train Loss: 0.0248 | Val Loss: 0.0237 | LR: 5e-07
EarlyStopping counter: 164 out of 320
Epoch 544 | Train Loss: 0.0270 | Val Loss: 0.0380 | LR: 5e-07
EarlyStopping counter: 165 out of 320
Epoch 545 | Train Loss: 0.0312 | Val Loss: 0.0301 | LR: 5e-07
EarlyStopping counter: 166 out of 320
Epoch 546 | Train Loss: 0.0282 | Val Loss: 0.0320 | LR: 5e-07
EarlyStopping counter: 167 out of 320
Epoch 547 | Train Loss: 0.0319 | Val Loss: 0.0212 | LR: 5e-07
EarlyStopping counter: 168 out of 320
Epoch 548 | Train Loss: 0.0267 | Val Loss: 0.0142 | LR: 5e-07
EarlyStopping counter: 169 out of 320
Epoch 549 | Train Loss: 0.0183 | Val Loss: 0.0298 | LR: 5e-07
EarlyStopping counter: 170 out of 320
Epoch 550 | Train Loss: 0.0302 | Val Loss: 0.0234 | LR: 5e-07
EarlyStopping counter: 171 out of 320
Epoch 551 | Train Loss: 0.0175 | Val Loss: 0.0329 | LR: 5e-07
EarlyStopping counter: 172 out of 320
Epoch 552 | Train Loss: 0.0215 | Val Loss: 0.0338 | LR: 5e-07
EarlyStopping counter: 173 out of 320
Epoch 553 | Train Loss: 0.0267 | Val Loss: 0.0250 | LR: 5e-07
EarlyStopping counter: 174 out of 320
Epoch 554 | Train Loss: 0.0292 | Val Loss: 0.0322 | LR: 5e-07
EarlyStopping counter: 175 out of 320
Epoch 555 | Train Loss: 0.0278 | Val Loss: 0.0227 | LR: 5e-07
EarlyStopping counter: 176 out of 320
Epoch 556 | Train Loss: 0.0270 | Val Loss: 0.0312 | LR: 5e-07
EarlyStopping counter: 177 out of 320
Epoch 557 | Train Loss: 0.0273 | Val Loss: 0.0222 | LR: 5e-07
EarlyStopping counter: 178 out of 320
Epoch 558 | Train Loss: 0.0274 | Val Loss: 0.0290 | LR: 5e-07
EarlyStopping counter: 179 out of 320
Epoch 559 | Train Loss: 0.0250 | Val Loss: 0.0243 | LR: 5e-07
EarlyStopping counter: 180 out of 320
Epoch 560 | Train Loss: 0.0223 | Val Loss: 0.0252 | LR: 5e-07
EarlyStopping counter: 181 out of 320
Epoch 561 | Train Loss: 0.0310 | Val Loss: 0.0130 | LR: 5e-07
EarlyStopping counter: 182 out of 320
Epoch 562 | Train Loss: 0.0292 | Val Loss: 0.0246 | LR: 5e-07
EarlyStopping counter: 183 out of 320
Epoch 563 | Train Loss: 0.0256 | Val Loss: 0.0226 | LR: 5e-07
EarlyStopping counter: 184 out of 320
Epoch 564 | Train Loss: 0.0295 | Val Loss: 0.0189 | LR: 5e-07
EarlyStopping counter: 185 out of 320
Epoch 565 | Train Loss: 0.0305 | Val Loss: 0.0378 | LR: 5e-07
EarlyStopping counter: 186 out of 320
Epoch 566 | Train Loss: 0.0260 | Val Loss: 0.0241 | LR: 5e-07
EarlyStopping counter: 187 out of 320
Epoch 567 | Train Loss: 0.0237 | Val Loss: 0.0299 | LR: 5e-07
EarlyStopping counter: 188 out of 320
Epoch 568 | Train Loss: 0.0232 | Val Loss: 0.0256 | LR: 5e-07
EarlyStopping counter: 189 out of 320
Epoch 569 | Train Loss: 0.0310 | Val Loss: 0.0160 | LR: 5e-07
EarlyStopping counter: 190 out of 320
Epoch 570 | Train Loss: 0.0221 | Val Loss: 0.0395 | LR: 5e-07
EarlyStopping counter: 191 out of 320
Epoch 571 | Train Loss: 0.0244 | Val Loss: 0.0268 | LR: 5e-07
EarlyStopping counter: 192 out of 320
Epoch 572 | Train Loss: 0.0313 | Val Loss: 0.0269 | LR: 5e-07
EarlyStopping counter: 193 out of 320
Epoch 573 | Train Loss: 0.0273 | Val Loss: 0.0302 | LR: 5e-07
EarlyStopping counter: 194 out of 320
Epoch 574 | Train Loss: 0.0196 | Val Loss: 0.0388 | LR: 5e-07
EarlyStopping counter: 195 out of 320
Epoch 575 | Train Loss: 0.0263 | Val Loss: 0.0330 | LR: 5e-07
EarlyStopping counter: 196 out of 320
Epoch 576 | Train Loss: 0.0240 | Val Loss: 0.0384 | LR: 5e-07
EarlyStopping counter: 197 out of 320
Epoch 577 | Train Loss: 0.0238 | Val Loss: 0.0345 | LR: 5e-07
EarlyStopping counter: 198 out of 320
Epoch 578 | Train Loss: 0.0227 | Val Loss: 0.0250 | LR: 5e-07
EarlyStopping counter: 199 out of 320
Epoch 579 | Train Loss: 0.0250 | Val Loss: 0.0188 | LR: 5e-07
EarlyStopping counter: 200 out of 320
Epoch 580 | Train Loss: 0.0282 | Val Loss: 0.0242 | LR: 5e-07
EarlyStopping counter: 201 out of 320
Epoch 581 | Train Loss: 0.0260 | Val Loss: 0.0359 | LR: 5e-07
EarlyStopping counter: 202 out of 320
Epoch 582 | Train Loss: 0.0223 | Val Loss: 0.0290 | LR: 5e-07
EarlyStopping counter: 203 out of 320
Epoch 583 | Train Loss: 0.0248 | Val Loss: 0.0213 | LR: 5e-07
EarlyStopping counter: 204 out of 320
Epoch 584 | Train Loss: 0.0262 | Val Loss: 0.0265 | LR: 5e-07
EarlyStopping counter: 205 out of 320
Epoch 585 | Train Loss: 0.0221 | Val Loss: 0.0231 | LR: 5e-07
EarlyStopping counter: 206 out of 320
Epoch 586 | Train Loss: 0.0264 | Val Loss: 0.0293 | LR: 5e-07
EarlyStopping counter: 207 out of 320
Epoch 587 | Train Loss: 0.0270 | Val Loss: 0.0258 | LR: 5e-07
EarlyStopping counter: 208 out of 320
Epoch 588 | Train Loss: 0.0229 | Val Loss: 0.0321 | LR: 5e-07
EarlyStopping counter: 209 out of 320
Epoch 589 | Train Loss: 0.0292 | Val Loss: 0.0302 | LR: 5e-07
EarlyStopping counter: 210 out of 320
Epoch 590 | Train Loss: 0.0238 | Val Loss: 0.0239 | LR: 5e-07
EarlyStopping counter: 211 out of 320
Epoch 591 | Train Loss: 0.0218 | Val Loss: 0.0151 | LR: 5e-07
EarlyStopping counter: 212 out of 320
Epoch 592 | Train Loss: 0.0284 | Val Loss: 0.0243 | LR: 5e-07
EarlyStopping counter: 213 out of 320
Epoch 593 | Train Loss: 0.0350 | Val Loss: 0.0292 | LR: 5e-07
EarlyStopping counter: 214 out of 320
Epoch 594 | Train Loss: 0.0244 | Val Loss: 0.0262 | LR: 5e-07
EarlyStopping counter: 215 out of 320
Epoch 595 | Train Loss: 0.0305 | Val Loss: 0.0248 | LR: 5e-07
EarlyStopping counter: 216 out of 320
Epoch 596 | Train Loss: 0.0215 | Val Loss: 0.0278 | LR: 5e-07
EarlyStopping counter: 217 out of 320
Epoch 597 | Train Loss: 0.0248 | Val Loss: 0.0252 | LR: 5e-07
EarlyStopping counter: 218 out of 320
Epoch 598 | Train Loss: 0.0269 | Val Loss: 0.0291 | LR: 5e-07
EarlyStopping counter: 219 out of 320
Epoch 599 | Train Loss: 0.0200 | Val Loss: 0.0331 | LR: 5e-07
EarlyStopping counter: 220 out of 320
Epoch 600 | Train Loss: 0.0275 | Val Loss: 0.0231 | LR: 5e-07
EarlyStopping counter: 221 out of 320
Epoch 601 | Train Loss: 0.0227 | Val Loss: 0.0236 | LR: 5e-07
EarlyStopping counter: 222 out of 320
Epoch 602 | Train Loss: 0.0220 | Val Loss: 0.0303 | LR: 5e-07
EarlyStopping counter: 223 out of 320
Epoch 603 | Train Loss: 0.0246 | Val Loss: 0.0272 | LR: 5e-07
EarlyStopping counter: 224 out of 320
Epoch 604 | Train Loss: 0.0276 | Val Loss: 0.0346 | LR: 5e-07
EarlyStopping counter: 225 out of 320
Epoch 605 | Train Loss: 0.0266 | Val Loss: 0.0242 | LR: 5e-07
EarlyStopping counter: 226 out of 320
Epoch 606 | Train Loss: 0.0231 | Val Loss: 0.0197 | LR: 5e-07
EarlyStopping counter: 227 out of 320
Epoch 607 | Train Loss: 0.0201 | Val Loss: 0.0272 | LR: 5e-07
EarlyStopping counter: 228 out of 320
Epoch 608 | Train Loss: 0.0195 | Val Loss: 0.0355 | LR: 5e-07
EarlyStopping counter: 229 out of 320
Epoch 609 | Train Loss: 0.0298 | Val Loss: 0.0303 | LR: 5e-07
EarlyStopping counter: 230 out of 320
Epoch 610 | Train Loss: 0.0219 | Val Loss: 0.0412 | LR: 5e-07
EarlyStopping counter: 231 out of 320
Epoch 611 | Train Loss: 0.0244 | Val Loss: 0.0229 | LR: 5e-07
EarlyStopping counter: 232 out of 320
Epoch 612 | Train Loss: 0.0237 | Val Loss: 0.0133 | LR: 5e-07
EarlyStopping counter: 233 out of 320
Epoch 613 | Train Loss: 0.0249 | Val Loss: 0.0179 | LR: 5e-07
EarlyStopping counter: 234 out of 320
Epoch 614 | Train Loss: 0.0273 | Val Loss: 0.0242 | LR: 5e-07
EarlyStopping counter: 235 out of 320
Epoch 615 | Train Loss: 0.0302 | Val Loss: 0.0298 | LR: 5e-07
EarlyStopping counter: 236 out of 320
Epoch 616 | Train Loss: 0.0222 | Val Loss: 0.0296 | LR: 5e-07
EarlyStopping counter: 237 out of 320
Epoch 617 | Train Loss: 0.0241 | Val Loss: 0.0246 | LR: 5e-07
EarlyStopping counter: 238 out of 320
Epoch 618 | Train Loss: 0.0258 | Val Loss: 0.0263 | LR: 5e-07
EarlyStopping counter: 239 out of 320
Epoch 619 | Train Loss: 0.0210 | Val Loss: 0.0208 | LR: 5e-07
EarlyStopping counter: 240 out of 320
Epoch 620 | Train Loss: 0.0208 | Val Loss: 0.0178 | LR: 5e-07
EarlyStopping counter: 241 out of 320
Epoch 621 | Train Loss: 0.0284 | Val Loss: 0.0339 | LR: 5e-07
EarlyStopping counter: 242 out of 320
Epoch 622 | Train Loss: 0.0254 | Val Loss: 0.0202 | LR: 5e-07
EarlyStopping counter: 243 out of 320
Epoch 623 | Train Loss: 0.0237 | Val Loss: 0.0279 | LR: 5e-07
EarlyStopping counter: 244 out of 320
Epoch 624 | Train Loss: 0.0357 | Val Loss: 0.0290 | LR: 5e-07
EarlyStopping counter: 245 out of 320
Epoch 625 | Train Loss: 0.0329 | Val Loss: 0.0207 | LR: 5e-07
EarlyStopping counter: 246 out of 320
Epoch 626 | Train Loss: 0.0255 | Val Loss: 0.0293 | LR: 5e-07
EarlyStopping counter: 247 out of 320
Epoch 627 | Train Loss: 0.0261 | Val Loss: 0.0209 | LR: 5e-07
EarlyStopping counter: 248 out of 320
Epoch 628 | Train Loss: 0.0212 | Val Loss: 0.0310 | LR: 5e-07
EarlyStopping counter: 249 out of 320
Epoch 629 | Train Loss: 0.0251 | Val Loss: 0.0404 | LR: 5e-07
EarlyStopping counter: 250 out of 320
Epoch 630 | Train Loss: 0.0269 | Val Loss: 0.0285 | LR: 5e-07
EarlyStopping counter: 251 out of 320
Epoch 631 | Train Loss: 0.0218 | Val Loss: 0.0267 | LR: 5e-07
EarlyStopping counter: 252 out of 320
Epoch 632 | Train Loss: 0.0318 | Val Loss: 0.0314 | LR: 5e-07
EarlyStopping counter: 253 out of 320
Epoch 633 | Train Loss: 0.0255 | Val Loss: 0.0218 | LR: 5e-07
EarlyStopping counter: 254 out of 320
Epoch 634 | Train Loss: 0.0210 | Val Loss: 0.0290 | LR: 5e-07
EarlyStopping counter: 255 out of 320
Epoch 635 | Train Loss: 0.0233 | Val Loss: 0.0158 | LR: 5e-07
EarlyStopping counter: 256 out of 320
Epoch 636 | Train Loss: 0.0241 | Val Loss: 0.0227 | LR: 5e-07
EarlyStopping counter: 257 out of 320
Epoch 637 | Train Loss: 0.0307 | Val Loss: 0.0200 | LR: 5e-07
EarlyStopping counter: 258 out of 320
Epoch 638 | Train Loss: 0.0209 | Val Loss: 0.0203 | LR: 5e-07
EarlyStopping counter: 259 out of 320
Epoch 639 | Train Loss: 0.0317 | Val Loss: 0.0144 | LR: 5e-07
EarlyStopping counter: 260 out of 320
Epoch 640 | Train Loss: 0.0266 | Val Loss: 0.0276 | LR: 5e-07
EarlyStopping counter: 261 out of 320
Epoch 641 | Train Loss: 0.0237 | Val Loss: 0.0386 | LR: 5e-07
EarlyStopping counter: 262 out of 320
Epoch 642 | Train Loss: 0.0226 | Val Loss: 0.0174 | LR: 5e-07
EarlyStopping counter: 263 out of 320
Epoch 643 | Train Loss: 0.0227 | Val Loss: 0.0329 | LR: 5e-07
EarlyStopping counter: 264 out of 320
Epoch 644 | Train Loss: 0.0279 | Val Loss: 0.0220 | LR: 5e-07
EarlyStopping counter: 265 out of 320
Epoch 645 | Train Loss: 0.0284 | Val Loss: 0.0213 | LR: 5e-07
EarlyStopping counter: 266 out of 320
Epoch 646 | Train Loss: 0.0313 | Val Loss: 0.0320 | LR: 5e-07
EarlyStopping counter: 267 out of 320
Epoch 647 | Train Loss: 0.0271 | Val Loss: 0.0419 | LR: 5e-07
EarlyStopping counter: 268 out of 320
Epoch 648 | Train Loss: 0.0240 | Val Loss: 0.0303 | LR: 5e-07
EarlyStopping counter: 269 out of 320
Epoch 649 | Train Loss: 0.0302 | Val Loss: 0.0235 | LR: 5e-07
EarlyStopping counter: 270 out of 320
Epoch 650 | Train Loss: 0.0255 | Val Loss: 0.0167 | LR: 5e-07
EarlyStopping counter: 271 out of 320
Epoch 651 | Train Loss: 0.0249 | Val Loss: 0.0295 | LR: 5e-07
EarlyStopping counter: 272 out of 320
Epoch 652 | Train Loss: 0.0244 | Val Loss: 0.0147 | LR: 5e-07
EarlyStopping counter: 273 out of 320
Epoch 653 | Train Loss: 0.0235 | Val Loss: 0.0335 | LR: 5e-07
EarlyStopping counter: 274 out of 320
Epoch 654 | Train Loss: 0.0257 | Val Loss: 0.0232 | LR: 5e-07
EarlyStopping counter: 275 out of 320
Epoch 655 | Train Loss: 0.0226 | Val Loss: 0.0289 | LR: 5e-07
EarlyStopping counter: 276 out of 320
Epoch 656 | Train Loss: 0.0203 | Val Loss: 0.0242 | LR: 5e-07
EarlyStopping counter: 277 out of 320
Epoch 657 | Train Loss: 0.0287 | Val Loss: 0.0203 | LR: 5e-07
EarlyStopping counter: 278 out of 320
Epoch 658 | Train Loss: 0.0218 | Val Loss: 0.0207 | LR: 5e-07
EarlyStopping counter: 279 out of 320
Epoch 659 | Train Loss: 0.0291 | Val Loss: 0.0296 | LR: 5e-07
EarlyStopping counter: 280 out of 320
Epoch 660 | Train Loss: 0.0237 | Val Loss: 0.0242 | LR: 5e-07
EarlyStopping counter: 281 out of 320
Epoch 661 | Train Loss: 0.0277 | Val Loss: 0.0205 | LR: 5e-07
EarlyStopping counter: 282 out of 320
Epoch 662 | Train Loss: 0.0291 | Val Loss: 0.0284 | LR: 5e-07
EarlyStopping counter: 283 out of 320
Epoch 663 | Train Loss: 0.0222 | Val Loss: 0.0280 | LR: 5e-07
EarlyStopping counter: 284 out of 320
Epoch 664 | Train Loss: 0.0301 | Val Loss: 0.0194 | LR: 5e-07
EarlyStopping counter: 285 out of 320
Epoch 665 | Train Loss: 0.0248 | Val Loss: 0.0385 | LR: 5e-07
EarlyStopping counter: 286 out of 320
Epoch 666 | Train Loss: 0.0258 | Val Loss: 0.0110 | LR: 5e-07
Validation loss decreased (0.012129 --> 0.010964).  Saving model ...
Epoch 667 | Train Loss: 0.0250 | Val Loss: 0.0185 | LR: 5e-07
EarlyStopping counter: 1 out of 320
Epoch 668 | Train Loss: 0.0247 | Val Loss: 0.0395 | LR: 5e-07
EarlyStopping counter: 2 out of 320
Epoch 669 | Train Loss: 0.0260 | Val Loss: 0.0251 | LR: 5e-07
EarlyStopping counter: 3 out of 320
Epoch 670 | Train Loss: 0.0212 | Val Loss: 0.0145 | LR: 5e-07
EarlyStopping counter: 4 out of 320
Epoch 671 | Train Loss: 0.0255 | Val Loss: 0.0211 | LR: 5e-07
EarlyStopping counter: 5 out of 320
Epoch 672 | Train Loss: 0.0274 | Val Loss: 0.0241 | LR: 5e-07
EarlyStopping counter: 6 out of 320
Epoch 673 | Train Loss: 0.0242 | Val Loss: 0.0329 | LR: 5e-07
EarlyStopping counter: 7 out of 320
Epoch 674 | Train Loss: 0.0251 | Val Loss: 0.0271 | LR: 5e-07
EarlyStopping counter: 8 out of 320
Epoch 675 | Train Loss: 0.0242 | Val Loss: 0.0166 | LR: 5e-07
EarlyStopping counter: 9 out of 320
Epoch 676 | Train Loss: 0.0282 | Val Loss: 0.0272 | LR: 5e-07
EarlyStopping counter: 10 out of 320
Epoch 677 | Train Loss: 0.0259 | Val Loss: 0.0198 | LR: 5e-07
EarlyStopping counter: 11 out of 320
Epoch 678 | Train Loss: 0.0331 | Val Loss: 0.0190 | LR: 5e-07
EarlyStopping counter: 12 out of 320
Epoch 679 | Train Loss: 0.0261 | Val Loss: 0.0250 | LR: 5e-07
EarlyStopping counter: 13 out of 320
Epoch 680 | Train Loss: 0.0246 | Val Loss: 0.0219 | LR: 5e-07
EarlyStopping counter: 14 out of 320
Epoch 681 | Train Loss: 0.0270 | Val Loss: 0.0293 | LR: 5e-07
EarlyStopping counter: 15 out of 320
Epoch 682 | Train Loss: 0.0247 | Val Loss: 0.0177 | LR: 5e-07
EarlyStopping counter: 16 out of 320
Epoch 683 | Train Loss: 0.0303 | Val Loss: 0.0294 | LR: 5e-07
EarlyStopping counter: 17 out of 320
Epoch 684 | Train Loss: 0.0283 | Val Loss: 0.0326 | LR: 5e-07
EarlyStopping counter: 18 out of 320
Epoch 685 | Train Loss: 0.0210 | Val Loss: 0.0293 | LR: 5e-07
EarlyStopping counter: 19 out of 320
Epoch 686 | Train Loss: 0.0239 | Val Loss: 0.0187 | LR: 5e-07
EarlyStopping counter: 20 out of 320
Epoch 687 | Train Loss: 0.0287 | Val Loss: 0.0203 | LR: 5e-07
EarlyStopping counter: 21 out of 320
Epoch 688 | Train Loss: 0.0286 | Val Loss: 0.0226 | LR: 5e-07
EarlyStopping counter: 22 out of 320
Epoch 689 | Train Loss: 0.0243 | Val Loss: 0.0230 | LR: 5e-07
EarlyStopping counter: 23 out of 320
Epoch 690 | Train Loss: 0.0265 | Val Loss: 0.0408 | LR: 5e-07
EarlyStopping counter: 24 out of 320
Epoch 691 | Train Loss: 0.0240 | Val Loss: 0.0356 | LR: 5e-07
EarlyStopping counter: 25 out of 320
Epoch 692 | Train Loss: 0.0233 | Val Loss: 0.0277 | LR: 5e-07
EarlyStopping counter: 26 out of 320
Epoch 693 | Train Loss: 0.0278 | Val Loss: 0.0196 | LR: 5e-07
EarlyStopping counter: 27 out of 320
Epoch 694 | Train Loss: 0.0284 | Val Loss: 0.0379 | LR: 5e-07
EarlyStopping counter: 28 out of 320
Epoch 695 | Train Loss: 0.0292 | Val Loss: 0.0233 | LR: 5e-07
EarlyStopping counter: 29 out of 320
Epoch 696 | Train Loss: 0.0278 | Val Loss: 0.0218 | LR: 5e-07
EarlyStopping counter: 30 out of 320
Epoch 697 | Train Loss: 0.0256 | Val Loss: 0.0202 | LR: 5e-07
EarlyStopping counter: 31 out of 320
Epoch 698 | Train Loss: 0.0221 | Val Loss: 0.0235 | LR: 5e-07
EarlyStopping counter: 32 out of 320
Epoch 699 | Train Loss: 0.0271 | Val Loss: 0.0284 | LR: 5e-07
EarlyStopping counter: 33 out of 320
Epoch 700 | Train Loss: 0.0267 | Val Loss: 0.0297 | LR: 5e-07
EarlyStopping counter: 34 out of 320
Epoch 701 | Train Loss: 0.0253 | Val Loss: 0.0263 | LR: 5e-07
EarlyStopping counter: 35 out of 320
Epoch 702 | Train Loss: 0.0287 | Val Loss: 0.0305 | LR: 5e-07
EarlyStopping counter: 36 out of 320
Epoch 703 | Train Loss: 0.0268 | Val Loss: 0.0375 | LR: 5e-07
EarlyStopping counter: 37 out of 320
Epoch 704 | Train Loss: 0.0220 | Val Loss: 0.0199 | LR: 5e-07
EarlyStopping counter: 38 out of 320
Epoch 705 | Train Loss: 0.0260 | Val Loss: 0.0209 | LR: 5e-07
EarlyStopping counter: 39 out of 320
Epoch 706 | Train Loss: 0.0262 | Val Loss: 0.0300 | LR: 5e-07
EarlyStopping counter: 40 out of 320
Epoch 707 | Train Loss: 0.0260 | Val Loss: 0.0239 | LR: 5e-07
EarlyStopping counter: 41 out of 320
Epoch 708 | Train Loss: 0.0274 | Val Loss: 0.0151 | LR: 5e-07
EarlyStopping counter: 42 out of 320
Epoch 709 | Train Loss: 0.0248 | Val Loss: 0.0299 | LR: 5e-07
EarlyStopping counter: 43 out of 320
Epoch 710 | Train Loss: 0.0230 | Val Loss: 0.0343 | LR: 5e-07
EarlyStopping counter: 44 out of 320
Epoch 711 | Train Loss: 0.0283 | Val Loss: 0.0251 | LR: 5e-07
EarlyStopping counter: 45 out of 320
Epoch 712 | Train Loss: 0.0278 | Val Loss: 0.0181 | LR: 5e-07
EarlyStopping counter: 46 out of 320
Epoch 713 | Train Loss: 0.0213 | Val Loss: 0.0226 | LR: 5e-07
EarlyStopping counter: 47 out of 320
Epoch 714 | Train Loss: 0.0297 | Val Loss: 0.0239 | LR: 5e-07
EarlyStopping counter: 48 out of 320
Epoch 715 | Train Loss: 0.0319 | Val Loss: 0.0319 | LR: 5e-07
EarlyStopping counter: 49 out of 320
Epoch 716 | Train Loss: 0.0253 | Val Loss: 0.0207 | LR: 5e-07
EarlyStopping counter: 50 out of 320
Epoch 717 | Train Loss: 0.0276 | Val Loss: 0.0369 | LR: 5e-07
EarlyStopping counter: 51 out of 320
Epoch 718 | Train Loss: 0.0261 | Val Loss: 0.0236 | LR: 5e-07
EarlyStopping counter: 52 out of 320
Epoch 719 | Train Loss: 0.0262 | Val Loss: 0.0273 | LR: 5e-07
EarlyStopping counter: 53 out of 320
Epoch 720 | Train Loss: 0.0214 | Val Loss: 0.0259 | LR: 5e-07
EarlyStopping counter: 54 out of 320
Epoch 721 | Train Loss: 0.0305 | Val Loss: 0.0231 | LR: 5e-07
EarlyStopping counter: 55 out of 320
Epoch 722 | Train Loss: 0.0237 | Val Loss: 0.0144 | LR: 5e-07
EarlyStopping counter: 56 out of 320
Epoch 723 | Train Loss: 0.0219 | Val Loss: 0.0300 | LR: 5e-07
EarlyStopping counter: 57 out of 320
Epoch 724 | Train Loss: 0.0236 | Val Loss: 0.0223 | LR: 5e-07
EarlyStopping counter: 58 out of 320
Epoch 725 | Train Loss: 0.0259 | Val Loss: 0.0320 | LR: 5e-07
EarlyStopping counter: 59 out of 320
Epoch 726 | Train Loss: 0.0245 | Val Loss: 0.0184 | LR: 5e-07
EarlyStopping counter: 60 out of 320
Epoch 727 | Train Loss: 0.0258 | Val Loss: 0.0242 | LR: 5e-07
EarlyStopping counter: 61 out of 320
Epoch 728 | Train Loss: 0.0300 | Val Loss: 0.0139 | LR: 5e-07
EarlyStopping counter: 62 out of 320
Epoch 729 | Train Loss: 0.0313 | Val Loss: 0.0131 | LR: 5e-07
EarlyStopping counter: 63 out of 320
Epoch 730 | Train Loss: 0.0320 | Val Loss: 0.0277 | LR: 5e-07
EarlyStopping counter: 64 out of 320
Epoch 731 | Train Loss: 0.0285 | Val Loss: 0.0248 | LR: 5e-07
EarlyStopping counter: 65 out of 320
Epoch 732 | Train Loss: 0.0266 | Val Loss: 0.0218 | LR: 5e-07
EarlyStopping counter: 66 out of 320
Epoch 733 | Train Loss: 0.0217 | Val Loss: 0.0233 | LR: 5e-07
EarlyStopping counter: 67 out of 320
Epoch 734 | Train Loss: 0.0271 | Val Loss: 0.0183 | LR: 5e-07
EarlyStopping counter: 68 out of 320
Epoch 735 | Train Loss: 0.0281 | Val Loss: 0.0201 | LR: 5e-07
EarlyStopping counter: 69 out of 320
Epoch 736 | Train Loss: 0.0253 | Val Loss: 0.0251 | LR: 5e-07
EarlyStopping counter: 70 out of 320
Epoch 737 | Train Loss: 0.0278 | Val Loss: 0.0227 | LR: 5e-07
EarlyStopping counter: 71 out of 320
Epoch 738 | Train Loss: 0.0238 | Val Loss: 0.0364 | LR: 5e-07
EarlyStopping counter: 72 out of 320
Epoch 739 | Train Loss: 0.0260 | Val Loss: 0.0228 | LR: 5e-07
EarlyStopping counter: 73 out of 320
Epoch 740 | Train Loss: 0.0283 | Val Loss: 0.0249 | LR: 5e-07
EarlyStopping counter: 74 out of 320
Epoch 741 | Train Loss: 0.0211 | Val Loss: 0.0406 | LR: 5e-07
EarlyStopping counter: 75 out of 320
Epoch 742 | Train Loss: 0.0252 | Val Loss: 0.0244 | LR: 5e-07
EarlyStopping counter: 76 out of 320
Epoch 743 | Train Loss: 0.0215 | Val Loss: 0.0221 | LR: 5e-07
EarlyStopping counter: 77 out of 320
Epoch 744 | Train Loss: 0.0232 | Val Loss: 0.0243 | LR: 5e-07
EarlyStopping counter: 78 out of 320
Epoch 745 | Train Loss: 0.0259 | Val Loss: 0.0180 | LR: 5e-07
EarlyStopping counter: 79 out of 320
Epoch 746 | Train Loss: 0.0249 | Val Loss: 0.0186 | LR: 5e-07
EarlyStopping counter: 80 out of 320
Epoch 747 | Train Loss: 0.0298 | Val Loss: 0.0337 | LR: 5e-07
EarlyStopping counter: 81 out of 320
Epoch 748 | Train Loss: 0.0220 | Val Loss: 0.0224 | LR: 5e-07
EarlyStopping counter: 82 out of 320
Epoch 749 | Train Loss: 0.0232 | Val Loss: 0.0259 | LR: 5e-07
EarlyStopping counter: 83 out of 320
Epoch 750 | Train Loss: 0.0255 | Val Loss: 0.0234 | LR: 5e-07
EarlyStopping counter: 84 out of 320
Epoch 751 | Train Loss: 0.0272 | Val Loss: 0.0294 | LR: 5e-07
EarlyStopping counter: 85 out of 320
Epoch 752 | Train Loss: 0.0298 | Val Loss: 0.0164 | LR: 5e-07
EarlyStopping counter: 86 out of 320
Epoch 753 | Train Loss: 0.0300 | Val Loss: 0.0294 | LR: 5e-07
EarlyStopping counter: 87 out of 320
Epoch 754 | Train Loss: 0.0237 | Val Loss: 0.0273 | LR: 5e-07
EarlyStopping counter: 88 out of 320
Epoch 755 | Train Loss: 0.0300 | Val Loss: 0.0253 | LR: 5e-07
EarlyStopping counter: 89 out of 320
Epoch 756 | Train Loss: 0.0253 | Val Loss: 0.0273 | LR: 5e-07
EarlyStopping counter: 90 out of 320
Epoch 757 | Train Loss: 0.0266 | Val Loss: 0.0330 | LR: 5e-07
EarlyStopping counter: 91 out of 320
Epoch 758 | Train Loss: 0.0287 | Val Loss: 0.0225 | LR: 5e-07
EarlyStopping counter: 92 out of 320
Epoch 759 | Train Loss: 0.0244 | Val Loss: 0.0244 | LR: 5e-07
EarlyStopping counter: 93 out of 320
Epoch 760 | Train Loss: 0.0247 | Val Loss: 0.0212 | LR: 5e-07
EarlyStopping counter: 94 out of 320
Epoch 761 | Train Loss: 0.0253 | Val Loss: 0.0212 | LR: 5e-07
EarlyStopping counter: 95 out of 320
Epoch 762 | Train Loss: 0.0254 | Val Loss: 0.0239 | LR: 5e-07
EarlyStopping counter: 96 out of 320
Epoch 763 | Train Loss: 0.0267 | Val Loss: 0.0247 | LR: 5e-07
EarlyStopping counter: 97 out of 320
Epoch 764 | Train Loss: 0.0255 | Val Loss: 0.0316 | LR: 5e-07
EarlyStopping counter: 98 out of 320
Epoch 765 | Train Loss: 0.0254 | Val Loss: 0.0319 | LR: 5e-07
EarlyStopping counter: 99 out of 320
Epoch 766 | Train Loss: 0.0260 | Val Loss: 0.0240 | LR: 5e-07
EarlyStopping counter: 100 out of 320
Epoch 767 | Train Loss: 0.0283 | Val Loss: 0.0173 | LR: 5e-07
EarlyStopping counter: 101 out of 320
Epoch 768 | Train Loss: 0.0268 | Val Loss: 0.0280 | LR: 5e-07
EarlyStopping counter: 102 out of 320
Epoch 769 | Train Loss: 0.0245 | Val Loss: 0.0229 | LR: 5e-07
EarlyStopping counter: 103 out of 320
Epoch 770 | Train Loss: 0.0266 | Val Loss: 0.0259 | LR: 5e-07
EarlyStopping counter: 104 out of 320
Epoch 771 | Train Loss: 0.0332 | Val Loss: 0.0231 | LR: 5e-07
EarlyStopping counter: 105 out of 320
Epoch 772 | Train Loss: 0.0251 | Val Loss: 0.0216 | LR: 5e-07
EarlyStopping counter: 106 out of 320
Epoch 773 | Train Loss: 0.0282 | Val Loss: 0.0273 | LR: 5e-07
EarlyStopping counter: 107 out of 320
Epoch 774 | Train Loss: 0.0219 | Val Loss: 0.0193 | LR: 5e-07
EarlyStopping counter: 108 out of 320
Epoch 775 | Train Loss: 0.0194 | Val Loss: 0.0216 | LR: 5e-07
EarlyStopping counter: 109 out of 320
Epoch 776 | Train Loss: 0.0211 | Val Loss: 0.0333 | LR: 5e-07
EarlyStopping counter: 110 out of 320
Epoch 777 | Train Loss: 0.0260 | Val Loss: 0.0220 | LR: 5e-07
EarlyStopping counter: 111 out of 320
Epoch 778 | Train Loss: 0.0223 | Val Loss: 0.0316 | LR: 5e-07
EarlyStopping counter: 112 out of 320
Epoch 779 | Train Loss: 0.0239 | Val Loss: 0.0239 | LR: 5e-07
EarlyStopping counter: 113 out of 320
Epoch 780 | Train Loss: 0.0211 | Val Loss: 0.0293 | LR: 5e-07
EarlyStopping counter: 114 out of 320
Epoch 781 | Train Loss: 0.0234 | Val Loss: 0.0209 | LR: 5e-07
EarlyStopping counter: 115 out of 320
Epoch 782 | Train Loss: 0.0286 | Val Loss: 0.0228 | LR: 5e-07
EarlyStopping counter: 116 out of 320
Epoch 783 | Train Loss: 0.0255 | Val Loss: 0.0192 | LR: 5e-07
EarlyStopping counter: 117 out of 320
Epoch 784 | Train Loss: 0.0293 | Val Loss: 0.0403 | LR: 5e-07
EarlyStopping counter: 118 out of 320
Epoch 785 | Train Loss: 0.0250 | Val Loss: 0.0307 | LR: 5e-07
EarlyStopping counter: 119 out of 320
Epoch 786 | Train Loss: 0.0248 | Val Loss: 0.0364 | LR: 5e-07
EarlyStopping counter: 120 out of 320
Epoch 787 | Train Loss: 0.0263 | Val Loss: 0.0358 | LR: 5e-07
EarlyStopping counter: 121 out of 320
Epoch 788 | Train Loss: 0.0296 | Val Loss: 0.0222 | LR: 5e-07
EarlyStopping counter: 122 out of 320
Epoch 789 | Train Loss: 0.0243 | Val Loss: 0.0218 | LR: 5e-07
EarlyStopping counter: 123 out of 320
Epoch 790 | Train Loss: 0.0291 | Val Loss: 0.0214 | LR: 5e-07
EarlyStopping counter: 124 out of 320
Epoch 791 | Train Loss: 0.0269 | Val Loss: 0.0189 | LR: 5e-07
EarlyStopping counter: 125 out of 320
Epoch 792 | Train Loss: 0.0231 | Val Loss: 0.0215 | LR: 5e-07
EarlyStopping counter: 126 out of 320
Epoch 793 | Train Loss: 0.0292 | Val Loss: 0.0247 | LR: 5e-07
EarlyStopping counter: 127 out of 320
Epoch 794 | Train Loss: 0.0272 | Val Loss: 0.0299 | LR: 5e-07
EarlyStopping counter: 128 out of 320
Epoch 795 | Train Loss: 0.0260 | Val Loss: 0.0338 | LR: 5e-07
EarlyStopping counter: 129 out of 320
Epoch 796 | Train Loss: 0.0274 | Val Loss: 0.0402 | LR: 5e-07
EarlyStopping counter: 130 out of 320
Epoch 797 | Train Loss: 0.0246 | Val Loss: 0.0272 | LR: 5e-07
EarlyStopping counter: 131 out of 320
Epoch 798 | Train Loss: 0.0276 | Val Loss: 0.0262 | LR: 5e-07
EarlyStopping counter: 132 out of 320
Epoch 799 | Train Loss: 0.0194 | Val Loss: 0.0330 | LR: 5e-07
EarlyStopping counter: 133 out of 320
Epoch 800 | Train Loss: 0.0217 | Val Loss: 0.0376 | LR: 5e-07
EarlyStopping counter: 134 out of 320
Epoch 801 | Train Loss: 0.0201 | Val Loss: 0.0247 | LR: 5e-07
EarlyStopping counter: 135 out of 320
Epoch 802 | Train Loss: 0.0279 | Val Loss: 0.0211 | LR: 5e-07
EarlyStopping counter: 136 out of 320
Epoch 803 | Train Loss: 0.0259 | Val Loss: 0.0237 | LR: 5e-07
EarlyStopping counter: 137 out of 320
Epoch 804 | Train Loss: 0.0237 | Val Loss: 0.0164 | LR: 5e-07
EarlyStopping counter: 138 out of 320
Epoch 805 | Train Loss: 0.0267 | Val Loss: 0.0237 | LR: 5e-07
EarlyStopping counter: 139 out of 320
Epoch 806 | Train Loss: 0.0255 | Val Loss: 0.0273 | LR: 5e-07
EarlyStopping counter: 140 out of 320
Epoch 807 | Train Loss: 0.0275 | Val Loss: 0.0357 | LR: 5e-07
EarlyStopping counter: 141 out of 320
Epoch 808 | Train Loss: 0.0298 | Val Loss: 0.0335 | LR: 5e-07
EarlyStopping counter: 142 out of 320
Epoch 809 | Train Loss: 0.0236 | Val Loss: 0.0194 | LR: 5e-07
EarlyStopping counter: 143 out of 320
Epoch 810 | Train Loss: 0.0258 | Val Loss: 0.0210 | LR: 5e-07
EarlyStopping counter: 144 out of 320
Epoch 811 | Train Loss: 0.0235 | Val Loss: 0.0324 | LR: 5e-07
EarlyStopping counter: 145 out of 320
Epoch 812 | Train Loss: 0.0233 | Val Loss: 0.0247 | LR: 5e-07
EarlyStopping counter: 146 out of 320
Epoch 813 | Train Loss: 0.0227 | Val Loss: 0.0264 | LR: 5e-07
EarlyStopping counter: 147 out of 320
Epoch 814 | Train Loss: 0.0244 | Val Loss: 0.0212 | LR: 5e-07
EarlyStopping counter: 148 out of 320
Epoch 815 | Train Loss: 0.0321 | Val Loss: 0.0280 | LR: 5e-07
EarlyStopping counter: 149 out of 320
Epoch 816 | Train Loss: 0.0282 | Val Loss: 0.0353 | LR: 5e-07
EarlyStopping counter: 150 out of 320
Epoch 817 | Train Loss: 0.0255 | Val Loss: 0.0323 | LR: 5e-07
EarlyStopping counter: 151 out of 320
Epoch 818 | Train Loss: 0.0264 | Val Loss: 0.0254 | LR: 5e-07
EarlyStopping counter: 152 out of 320
Epoch 819 | Train Loss: 0.0205 | Val Loss: 0.0196 | LR: 5e-07
EarlyStopping counter: 153 out of 320
Epoch 820 | Train Loss: 0.0242 | Val Loss: 0.0207 | LR: 5e-07
EarlyStopping counter: 154 out of 320
Epoch 821 | Train Loss: 0.0227 | Val Loss: 0.0263 | LR: 5e-07
EarlyStopping counter: 155 out of 320
Epoch 822 | Train Loss: 0.0240 | Val Loss: 0.0238 | LR: 5e-07
EarlyStopping counter: 156 out of 320
Epoch 823 | Train Loss: 0.0241 | Val Loss: 0.0273 | LR: 5e-07
EarlyStopping counter: 157 out of 320
Epoch 824 | Train Loss: 0.0226 | Val Loss: 0.0354 | LR: 5e-07
EarlyStopping counter: 158 out of 320
Epoch 825 | Train Loss: 0.0248 | Val Loss: 0.0233 | LR: 5e-07
EarlyStopping counter: 159 out of 320
Epoch 826 | Train Loss: 0.0238 | Val Loss: 0.0165 | LR: 5e-07
EarlyStopping counter: 160 out of 320
Epoch 827 | Train Loss: 0.0282 | Val Loss: 0.0362 | LR: 5e-07
EarlyStopping counter: 161 out of 320
Epoch 828 | Train Loss: 0.0294 | Val Loss: 0.0280 | LR: 2.5e-07
EarlyStopping counter: 162 out of 320
Epoch 829 | Train Loss: 0.0259 | Val Loss: 0.0319 | LR: 2.5e-07
EarlyStopping counter: 163 out of 320
Epoch 830 | Train Loss: 0.0240 | Val Loss: 0.0192 | LR: 2.5e-07
EarlyStopping counter: 164 out of 320
Epoch 831 | Train Loss: 0.0238 | Val Loss: 0.0332 | LR: 2.5e-07
EarlyStopping counter: 165 out of 320
Epoch 832 | Train Loss: 0.0273 | Val Loss: 0.0241 | LR: 2.5e-07
EarlyStopping counter: 166 out of 320
Epoch 833 | Train Loss: 0.0231 | Val Loss: 0.0245 | LR: 2.5e-07
EarlyStopping counter: 167 out of 320
Epoch 834 | Train Loss: 0.0349 | Val Loss: 0.0223 | LR: 2.5e-07
EarlyStopping counter: 168 out of 320
Epoch 835 | Train Loss: 0.0246 | Val Loss: 0.0239 | LR: 2.5e-07
EarlyStopping counter: 169 out of 320
Epoch 836 | Train Loss: 0.0280 | Val Loss: 0.0241 | LR: 2.5e-07
EarlyStopping counter: 170 out of 320
Epoch 837 | Train Loss: 0.0292 | Val Loss: 0.0220 | LR: 2.5e-07
EarlyStopping counter: 171 out of 320
Epoch 838 | Train Loss: 0.0256 | Val Loss: 0.0217 | LR: 2.5e-07
EarlyStopping counter: 172 out of 320
Epoch 839 | Train Loss: 0.0251 | Val Loss: 0.0291 | LR: 2.5e-07
EarlyStopping counter: 173 out of 320
Epoch 840 | Train Loss: 0.0188 | Val Loss: 0.0208 | LR: 2.5e-07
EarlyStopping counter: 174 out of 320
Epoch 841 | Train Loss: 0.0263 | Val Loss: 0.0190 | LR: 2.5e-07
EarlyStopping counter: 175 out of 320
Epoch 842 | Train Loss: 0.0252 | Val Loss: 0.0295 | LR: 2.5e-07
EarlyStopping counter: 176 out of 320
Epoch 843 | Train Loss: 0.0236 | Val Loss: 0.0294 | LR: 2.5e-07
EarlyStopping counter: 177 out of 320
Epoch 844 | Train Loss: 0.0260 | Val Loss: 0.0233 | LR: 2.5e-07
EarlyStopping counter: 178 out of 320
Epoch 845 | Train Loss: 0.0215 | Val Loss: 0.0241 | LR: 2.5e-07
EarlyStopping counter: 179 out of 320
Epoch 846 | Train Loss: 0.0260 | Val Loss: 0.0205 | LR: 2.5e-07
EarlyStopping counter: 180 out of 320
Epoch 847 | Train Loss: 0.0276 | Val Loss: 0.0366 | LR: 2.5e-07
EarlyStopping counter: 181 out of 320
Epoch 848 | Train Loss: 0.0259 | Val Loss: 0.0269 | LR: 2.5e-07
EarlyStopping counter: 182 out of 320
Epoch 849 | Train Loss: 0.0212 | Val Loss: 0.0335 | LR: 2.5e-07
EarlyStopping counter: 183 out of 320
Epoch 850 | Train Loss: 0.0279 | Val Loss: 0.0253 | LR: 2.5e-07
EarlyStopping counter: 184 out of 320
Epoch 851 | Train Loss: 0.0218 | Val Loss: 0.0207 | LR: 2.5e-07
EarlyStopping counter: 185 out of 320
Epoch 852 | Train Loss: 0.0271 | Val Loss: 0.0263 | LR: 2.5e-07
EarlyStopping counter: 186 out of 320
Epoch 853 | Train Loss: 0.0240 | Val Loss: 0.0227 | LR: 2.5e-07
EarlyStopping counter: 187 out of 320
Epoch 854 | Train Loss: 0.0225 | Val Loss: 0.0234 | LR: 2.5e-07
EarlyStopping counter: 188 out of 320
Epoch 855 | Train Loss: 0.0248 | Val Loss: 0.0248 | LR: 2.5e-07
EarlyStopping counter: 189 out of 320
Epoch 856 | Train Loss: 0.0262 | Val Loss: 0.0319 | LR: 2.5e-07
EarlyStopping counter: 190 out of 320
Epoch 857 | Train Loss: 0.0282 | Val Loss: 0.0192 | LR: 2.5e-07
EarlyStopping counter: 191 out of 320
Epoch 858 | Train Loss: 0.0273 | Val Loss: 0.0224 | LR: 2.5e-07
EarlyStopping counter: 192 out of 320
Epoch 859 | Train Loss: 0.0220 | Val Loss: 0.0190 | LR: 2.5e-07
EarlyStopping counter: 193 out of 320
Epoch 860 | Train Loss: 0.0260 | Val Loss: 0.0239 | LR: 2.5e-07
EarlyStopping counter: 194 out of 320
Epoch 861 | Train Loss: 0.0256 | Val Loss: 0.0248 | LR: 2.5e-07
EarlyStopping counter: 195 out of 320
Epoch 862 | Train Loss: 0.0229 | Val Loss: 0.0326 | LR: 2.5e-07
EarlyStopping counter: 196 out of 320
Epoch 863 | Train Loss: 0.0220 | Val Loss: 0.0311 | LR: 2.5e-07
EarlyStopping counter: 197 out of 320
Epoch 864 | Train Loss: 0.0221 | Val Loss: 0.0208 | LR: 2.5e-07
EarlyStopping counter: 198 out of 320
Epoch 865 | Train Loss: 0.0235 | Val Loss: 0.0287 | LR: 2.5e-07
EarlyStopping counter: 199 out of 320
Epoch 866 | Train Loss: 0.0285 | Val Loss: 0.0292 | LR: 2.5e-07
EarlyStopping counter: 200 out of 320
Epoch 867 | Train Loss: 0.0240 | Val Loss: 0.0372 | LR: 2.5e-07
EarlyStopping counter: 201 out of 320
Epoch 868 | Train Loss: 0.0232 | Val Loss: 0.0272 | LR: 2.5e-07
EarlyStopping counter: 202 out of 320
Epoch 869 | Train Loss: 0.0267 | Val Loss: 0.0232 | LR: 2.5e-07
EarlyStopping counter: 203 out of 320
Epoch 870 | Train Loss: 0.0230 | Val Loss: 0.0347 | LR: 2.5e-07
EarlyStopping counter: 204 out of 320
Epoch 871 | Train Loss: 0.0264 | Val Loss: 0.0259 | LR: 2.5e-07
EarlyStopping counter: 205 out of 320
Epoch 872 | Train Loss: 0.0269 | Val Loss: 0.0299 | LR: 2.5e-07
EarlyStopping counter: 206 out of 320
Epoch 873 | Train Loss: 0.0200 | Val Loss: 0.0272 | LR: 2.5e-07
EarlyStopping counter: 207 out of 320
Epoch 874 | Train Loss: 0.0312 | Val Loss: 0.0236 | LR: 2.5e-07
EarlyStopping counter: 208 out of 320
Epoch 875 | Train Loss: 0.0277 | Val Loss: 0.0204 | LR: 2.5e-07
EarlyStopping counter: 209 out of 320
Epoch 876 | Train Loss: 0.0234 | Val Loss: 0.0193 | LR: 2.5e-07
EarlyStopping counter: 210 out of 320
Epoch 877 | Train Loss: 0.0247 | Val Loss: 0.0201 | LR: 2.5e-07
EarlyStopping counter: 211 out of 320
Epoch 878 | Train Loss: 0.0230 | Val Loss: 0.0238 | LR: 2.5e-07
EarlyStopping counter: 212 out of 320
Epoch 879 | Train Loss: 0.0253 | Val Loss: 0.0294 | LR: 2.5e-07
EarlyStopping counter: 213 out of 320
Epoch 880 | Train Loss: 0.0236 | Val Loss: 0.0270 | LR: 2.5e-07
EarlyStopping counter: 214 out of 320
Epoch 881 | Train Loss: 0.0285 | Val Loss: 0.0242 | LR: 2.5e-07
EarlyStopping counter: 215 out of 320
Epoch 882 | Train Loss: 0.0276 | Val Loss: 0.0304 | LR: 2.5e-07
EarlyStopping counter: 216 out of 320
Epoch 883 | Train Loss: 0.0260 | Val Loss: 0.0202 | LR: 2.5e-07
EarlyStopping counter: 217 out of 320
Epoch 884 | Train Loss: 0.0259 | Val Loss: 0.0303 | LR: 2.5e-07
EarlyStopping counter: 218 out of 320
Epoch 885 | Train Loss: 0.0196 | Val Loss: 0.0340 | LR: 2.5e-07
EarlyStopping counter: 219 out of 320
Epoch 886 | Train Loss: 0.0226 | Val Loss: 0.0206 | LR: 2.5e-07
EarlyStopping counter: 220 out of 320
Epoch 887 | Train Loss: 0.0295 | Val Loss: 0.0245 | LR: 2.5e-07
EarlyStopping counter: 221 out of 320
Epoch 888 | Train Loss: 0.0216 | Val Loss: 0.0313 | LR: 2.5e-07
EarlyStopping counter: 222 out of 320
Epoch 889 | Train Loss: 0.0244 | Val Loss: 0.0236 | LR: 2.5e-07
EarlyStopping counter: 223 out of 320
Epoch 890 | Train Loss: 0.0234 | Val Loss: 0.0176 | LR: 2.5e-07
EarlyStopping counter: 224 out of 320
Epoch 891 | Train Loss: 0.0212 | Val Loss: 0.0245 | LR: 2.5e-07
EarlyStopping counter: 225 out of 320
Epoch 892 | Train Loss: 0.0220 | Val Loss: 0.0318 | LR: 2.5e-07
EarlyStopping counter: 226 out of 320
Epoch 893 | Train Loss: 0.0225 | Val Loss: 0.0336 | LR: 2.5e-07
EarlyStopping counter: 227 out of 320
Epoch 894 | Train Loss: 0.0234 | Val Loss: 0.0346 | LR: 2.5e-07
EarlyStopping counter: 228 out of 320
Epoch 895 | Train Loss: 0.0222 | Val Loss: 0.0143 | LR: 2.5e-07
EarlyStopping counter: 229 out of 320
Epoch 896 | Train Loss: 0.0222 | Val Loss: 0.0351 | LR: 2.5e-07
EarlyStopping counter: 230 out of 320
Epoch 897 | Train Loss: 0.0244 | Val Loss: 0.0222 | LR: 2.5e-07
EarlyStopping counter: 231 out of 320
Epoch 898 | Train Loss: 0.0199 | Val Loss: 0.0294 | LR: 2.5e-07
EarlyStopping counter: 232 out of 320
Epoch 899 | Train Loss: 0.0240 | Val Loss: 0.0220 | LR: 2.5e-07
EarlyStopping counter: 233 out of 320
Epoch 900 | Train Loss: 0.0294 | Val Loss: 0.0267 | LR: 2.5e-07
EarlyStopping counter: 234 out of 320
Epoch 901 | Train Loss: 0.0234 | Val Loss: 0.0282 | LR: 2.5e-07
EarlyStopping counter: 235 out of 320
Epoch 902 | Train Loss: 0.0230 | Val Loss: 0.0217 | LR: 2.5e-07
EarlyStopping counter: 236 out of 320
Epoch 903 | Train Loss: 0.0245 | Val Loss: 0.0193 | LR: 2.5e-07
EarlyStopping counter: 237 out of 320
Epoch 904 | Train Loss: 0.0213 | Val Loss: 0.0199 | LR: 2.5e-07
EarlyStopping counter: 238 out of 320
Epoch 905 | Train Loss: 0.0235 | Val Loss: 0.0231 | LR: 2.5e-07
EarlyStopping counter: 239 out of 320
Epoch 906 | Train Loss: 0.0260 | Val Loss: 0.0232 | LR: 2.5e-07
EarlyStopping counter: 240 out of 320
Epoch 907 | Train Loss: 0.0252 | Val Loss: 0.0221 | LR: 2.5e-07
EarlyStopping counter: 241 out of 320
Epoch 908 | Train Loss: 0.0252 | Val Loss: 0.0175 | LR: 2.5e-07
EarlyStopping counter: 242 out of 320
Epoch 909 | Train Loss: 0.0245 | Val Loss: 0.0240 | LR: 2.5e-07
EarlyStopping counter: 243 out of 320
Epoch 910 | Train Loss: 0.0278 | Val Loss: 0.0251 | LR: 2.5e-07
EarlyStopping counter: 244 out of 320
Epoch 911 | Train Loss: 0.0216 | Val Loss: 0.0234 | LR: 2.5e-07
EarlyStopping counter: 245 out of 320
Epoch 912 | Train Loss: 0.0272 | Val Loss: 0.0298 | LR: 2.5e-07
EarlyStopping counter: 246 out of 320
Epoch 913 | Train Loss: 0.0223 | Val Loss: 0.0299 | LR: 2.5e-07
EarlyStopping counter: 247 out of 320
Epoch 914 | Train Loss: 0.0321 | Val Loss: 0.0295 | LR: 2.5e-07
EarlyStopping counter: 248 out of 320
Epoch 915 | Train Loss: 0.0304 | Val Loss: 0.0249 | LR: 2.5e-07
EarlyStopping counter: 249 out of 320
Epoch 916 | Train Loss: 0.0247 | Val Loss: 0.0223 | LR: 2.5e-07
EarlyStopping counter: 250 out of 320
Epoch 917 | Train Loss: 0.0256 | Val Loss: 0.0227 | LR: 2.5e-07
EarlyStopping counter: 251 out of 320
Epoch 918 | Train Loss: 0.0254 | Val Loss: 0.0225 | LR: 2.5e-07
EarlyStopping counter: 252 out of 320
Epoch 919 | Train Loss: 0.0279 | Val Loss: 0.0317 | LR: 2.5e-07
EarlyStopping counter: 253 out of 320
Epoch 920 | Train Loss: 0.0195 | Val Loss: 0.0383 | LR: 2.5e-07
EarlyStopping counter: 254 out of 320
Epoch 921 | Train Loss: 0.0268 | Val Loss: 0.0267 | LR: 2.5e-07
EarlyStopping counter: 255 out of 320
Epoch 922 | Train Loss: 0.0243 | Val Loss: 0.0266 | LR: 2.5e-07
EarlyStopping counter: 256 out of 320
Epoch 923 | Train Loss: 0.0210 | Val Loss: 0.0316 | LR: 2.5e-07
EarlyStopping counter: 257 out of 320
Epoch 924 | Train Loss: 0.0243 | Val Loss: 0.0276 | LR: 2.5e-07
EarlyStopping counter: 258 out of 320
Epoch 925 | Train Loss: 0.0250 | Val Loss: 0.0229 | LR: 2.5e-07
EarlyStopping counter: 259 out of 320
Epoch 926 | Train Loss: 0.0255 | Val Loss: 0.0286 | LR: 2.5e-07
EarlyStopping counter: 260 out of 320
Epoch 927 | Train Loss: 0.0261 | Val Loss: 0.0308 | LR: 2.5e-07
EarlyStopping counter: 261 out of 320
Epoch 928 | Train Loss: 0.0354 | Val Loss: 0.0285 | LR: 2.5e-07
EarlyStopping counter: 262 out of 320
Epoch 929 | Train Loss: 0.0211 | Val Loss: 0.0403 | LR: 2.5e-07
EarlyStopping counter: 263 out of 320
Epoch 930 | Train Loss: 0.0236 | Val Loss: 0.0232 | LR: 2.5e-07
EarlyStopping counter: 264 out of 320
Epoch 931 | Train Loss: 0.0219 | Val Loss: 0.0281 | LR: 2.5e-07
EarlyStopping counter: 265 out of 320
Epoch 932 | Train Loss: 0.0212 | Val Loss: 0.0241 | LR: 2.5e-07
EarlyStopping counter: 266 out of 320
Epoch 933 | Train Loss: 0.0264 | Val Loss: 0.0192 | LR: 2.5e-07
EarlyStopping counter: 267 out of 320
Epoch 934 | Train Loss: 0.0244 | Val Loss: 0.0309 | LR: 2.5e-07
EarlyStopping counter: 268 out of 320
Epoch 935 | Train Loss: 0.0225 | Val Loss: 0.0219 | LR: 2.5e-07
EarlyStopping counter: 269 out of 320
Epoch 936 | Train Loss: 0.0251 | Val Loss: 0.0227 | LR: 2.5e-07
EarlyStopping counter: 270 out of 320
Epoch 937 | Train Loss: 0.0308 | Val Loss: 0.0177 | LR: 2.5e-07
EarlyStopping counter: 271 out of 320
Epoch 938 | Train Loss: 0.0227 | Val Loss: 0.0341 | LR: 2.5e-07
EarlyStopping counter: 272 out of 320
Epoch 939 | Train Loss: 0.0306 | Val Loss: 0.0330 | LR: 2.5e-07
EarlyStopping counter: 273 out of 320
Epoch 940 | Train Loss: 0.0251 | Val Loss: 0.0205 | LR: 2.5e-07
EarlyStopping counter: 274 out of 320
Epoch 941 | Train Loss: 0.0256 | Val Loss: 0.0257 | LR: 2.5e-07
EarlyStopping counter: 275 out of 320
Epoch 942 | Train Loss: 0.0256 | Val Loss: 0.0265 | LR: 2.5e-07
EarlyStopping counter: 276 out of 320
Epoch 943 | Train Loss: 0.0211 | Val Loss: 0.0345 | LR: 2.5e-07
EarlyStopping counter: 277 out of 320
Epoch 944 | Train Loss: 0.0256 | Val Loss: 0.0293 | LR: 2.5e-07
EarlyStopping counter: 278 out of 320
Epoch 945 | Train Loss: 0.0247 | Val Loss: 0.0200 | LR: 2.5e-07
EarlyStopping counter: 279 out of 320
Epoch 946 | Train Loss: 0.0237 | Val Loss: 0.0257 | LR: 2.5e-07
EarlyStopping counter: 280 out of 320
Epoch 947 | Train Loss: 0.0293 | Val Loss: 0.0294 | LR: 2.5e-07
EarlyStopping counter: 281 out of 320
Epoch 948 | Train Loss: 0.0306 | Val Loss: 0.0188 | LR: 2.5e-07
EarlyStopping counter: 282 out of 320
Epoch 949 | Train Loss: 0.0249 | Val Loss: 0.0237 | LR: 2.5e-07
EarlyStopping counter: 283 out of 320
Epoch 950 | Train Loss: 0.0269 | Val Loss: 0.0202 | LR: 2.5e-07
EarlyStopping counter: 284 out of 320
Epoch 951 | Train Loss: 0.0233 | Val Loss: 0.0298 | LR: 2.5e-07
EarlyStopping counter: 285 out of 320
Epoch 952 | Train Loss: 0.0262 | Val Loss: 0.0241 | LR: 2.5e-07
EarlyStopping counter: 286 out of 320
Epoch 953 | Train Loss: 0.0235 | Val Loss: 0.0291 | LR: 2.5e-07
EarlyStopping counter: 287 out of 320
Epoch 954 | Train Loss: 0.0258 | Val Loss: 0.0221 | LR: 2.5e-07
EarlyStopping counter: 288 out of 320
Epoch 955 | Train Loss: 0.0250 | Val Loss: 0.0202 | LR: 2.5e-07
EarlyStopping counter: 289 out of 320
Epoch 956 | Train Loss: 0.0219 | Val Loss: 0.0302 | LR: 2.5e-07
EarlyStopping counter: 290 out of 320
Epoch 957 | Train Loss: 0.0271 | Val Loss: 0.0235 | LR: 2.5e-07
EarlyStopping counter: 291 out of 320
Epoch 958 | Train Loss: 0.0286 | Val Loss: 0.0235 | LR: 2.5e-07
EarlyStopping counter: 292 out of 320
Epoch 959 | Train Loss: 0.0268 | Val Loss: 0.0197 | LR: 2.5e-07
EarlyStopping counter: 293 out of 320
Epoch 960 | Train Loss: 0.0236 | Val Loss: 0.0265 | LR: 2.5e-07
EarlyStopping counter: 294 out of 320
Epoch 961 | Train Loss: 0.0261 | Val Loss: 0.0258 | LR: 2.5e-07
EarlyStopping counter: 295 out of 320
Epoch 962 | Train Loss: 0.0257 | Val Loss: 0.0221 | LR: 2.5e-07
EarlyStopping counter: 296 out of 320
Epoch 963 | Train Loss: 0.0207 | Val Loss: 0.0187 | LR: 2.5e-07
EarlyStopping counter: 297 out of 320
Epoch 964 | Train Loss: 0.0235 | Val Loss: 0.0420 | LR: 2.5e-07
EarlyStopping counter: 298 out of 320
Epoch 965 | Train Loss: 0.0258 | Val Loss: 0.0272 | LR: 2.5e-07
EarlyStopping counter: 299 out of 320
Epoch 966 | Train Loss: 0.0211 | Val Loss: 0.0243 | LR: 2.5e-07
EarlyStopping counter: 300 out of 320
Epoch 967 | Train Loss: 0.0270 | Val Loss: 0.0204 | LR: 2.5e-07
EarlyStopping counter: 301 out of 320
Epoch 968 | Train Loss: 0.0255 | Val Loss: 0.0297 | LR: 2.5e-07
EarlyStopping counter: 302 out of 320
Epoch 969 | Train Loss: 0.0277 | Val Loss: 0.0258 | LR: 2.5e-07
EarlyStopping counter: 303 out of 320
Epoch 970 | Train Loss: 0.0280 | Val Loss: 0.0248 | LR: 2.5e-07
EarlyStopping counter: 304 out of 320
Epoch 971 | Train Loss: 0.0284 | Val Loss: 0.0233 | LR: 2.5e-07
EarlyStopping counter: 305 out of 320
Epoch 972 | Train Loss: 0.0216 | Val Loss: 0.0193 | LR: 2.5e-07
EarlyStopping counter: 306 out of 320
Epoch 973 | Train Loss: 0.0235 | Val Loss: 0.0223 | LR: 2.5e-07
EarlyStopping counter: 307 out of 320
Epoch 974 | Train Loss: 0.0285 | Val Loss: 0.0171 | LR: 2.5e-07
EarlyStopping counter: 308 out of 320
Epoch 975 | Train Loss: 0.0247 | Val Loss: 0.0223 | LR: 2.5e-07
EarlyStopping counter: 309 out of 320
Epoch 976 | Train Loss: 0.0256 | Val Loss: 0.0300 | LR: 2.5e-07
EarlyStopping counter: 310 out of 320
Epoch 977 | Train Loss: 0.0236 | Val Loss: 0.0303 | LR: 2.5e-07
EarlyStopping counter: 311 out of 320
Epoch 978 | Train Loss: 0.0264 | Val Loss: 0.0230 | LR: 2.5e-07
EarlyStopping counter: 312 out of 320
Epoch 979 | Train Loss: 0.0197 | Val Loss: 0.0199 | LR: 2.5e-07
EarlyStopping counter: 313 out of 320
Epoch 980 | Train Loss: 0.0206 | Val Loss: 0.0277 | LR: 2.5e-07
EarlyStopping counter: 314 out of 320
Epoch 981 | Train Loss: 0.0293 | Val Loss: 0.0258 | LR: 2.5e-07
EarlyStopping counter: 315 out of 320
Epoch 982 | Train Loss: 0.0246 | Val Loss: 0.0173 | LR: 2.5e-07
EarlyStopping counter: 316 out of 320
Epoch 983 | Train Loss: 0.0238 | Val Loss: 0.0250 | LR: 2.5e-07
EarlyStopping counter: 317 out of 320
Epoch 984 | Train Loss: 0.0266 | Val Loss: 0.0208 | LR: 2.5e-07
EarlyStopping counter: 318 out of 320
Epoch 985 | Train Loss: 0.0253 | Val Loss: 0.0207 | LR: 2.5e-07
EarlyStopping counter: 319 out of 320
Epoch 986 | Train Loss: 0.0222 | Val Loss: 0.0310 | LR: 2.5e-07
EarlyStopping counter: 320 out of 320
Early stopping triggered. Training stopped.
Generating 4-Hour Overlapping Heatmap for Home 305...
