1. Train + Interpret
2. Interpret
3. Smoke Test
Type 1 or 2 or 3:
Loading 'train' split for 254 homes...
Loaded 248 valid homes for 'train'.
Loading 'val' split for 254 homes...
Loaded 18 valid homes for 'val'.
Loading 'test' split for 254 homes...
Loaded 87 valid homes for 'test'.
/userhome/cs/u3566665/urban-electricity-load-forecasting/src/PytorchDataset/IdealPytorchDataset.py:149: UserWarning: The given NumPy array is not writable, and PyTorch does not support non-writable tensors. This means writing to this tensor will result in undefined behavior. You may want to copy the array to protect its data or make it writable before converting it to a tensor. This type of warning will be suppressed for the rest of this program. (Triggered internally at /pytorch/torch/csrc/utils/tensor_numpy.cpp:213.)
  x_past_power = torch.from_numpy(input_seq["value"].values).float().unsqueeze(-1)
Epoch 0 | Train Loss: 0.0676 | Val Loss: 0.0638 | LR: 1e-06
Validation loss decreased (inf --> 0.063830).  Saving model ...
Epoch 1 | Train Loss: 0.0661 | Val Loss: 0.0650 | LR: 1e-06
EarlyStopping counter: 1 out of 320
Epoch 2 | Train Loss: 0.0618 | Val Loss: 0.0583 | LR: 1e-06
Validation loss decreased (0.063830 --> 0.058300).  Saving model ...
Epoch 3 | Train Loss: 0.0665 | Val Loss: 0.0612 | LR: 1e-06
EarlyStopping counter: 1 out of 320
Epoch 4 | Train Loss: 0.0672 | Val Loss: 0.0495 | LR: 1e-06
Validation loss decreased (0.058300 --> 0.049550).  Saving model ...
Epoch 5 | Train Loss: 0.0637 | Val Loss: 0.0601 | LR: 1e-06
EarlyStopping counter: 1 out of 320
Epoch 6 | Train Loss: 0.0608 | Val Loss: 0.0538 | LR: 1e-06
EarlyStopping counter: 2 out of 320
Epoch 7 | Train Loss: 0.0650 | Val Loss: 0.0565 | LR: 1e-06
EarlyStopping counter: 3 out of 320
Epoch 8 | Train Loss: 0.0588 | Val Loss: 0.0574 | LR: 1e-06
EarlyStopping counter: 4 out of 320
Epoch 9 | Train Loss: 0.0610 | Val Loss: 0.0602 | LR: 1e-06
EarlyStopping counter: 5 out of 320
Epoch 10 | Train Loss: 0.0638 | Val Loss: 0.0556 | LR: 1e-06
EarlyStopping counter: 6 out of 320
Epoch 11 | Train Loss: 0.0629 | Val Loss: 0.0539 | LR: 1e-06
EarlyStopping counter: 7 out of 320
Epoch 12 | Train Loss: 0.0575 | Val Loss: 0.0547 | LR: 1e-06
EarlyStopping counter: 8 out of 320
Epoch 13 | Train Loss: 0.0607 | Val Loss: 0.0573 | LR: 1e-06
EarlyStopping counter: 9 out of 320
Epoch 14 | Train Loss: 0.0602 | Val Loss: 0.0490 | LR: 1e-06
Validation loss decreased (0.049550 --> 0.048958).  Saving model ...
Epoch 15 | Train Loss: 0.0576 | Val Loss: 0.0579 | LR: 1e-06
EarlyStopping counter: 1 out of 320
Epoch 16 | Train Loss: 0.0571 | Val Loss: 0.0530 | LR: 1e-06
EarlyStopping counter: 2 out of 320
Epoch 17 | Train Loss: 0.0564 | Val Loss: 0.0551 | LR: 1e-06
EarlyStopping counter: 3 out of 320
Epoch 18 | Train Loss: 0.0594 | Val Loss: 0.0556 | LR: 1e-06
EarlyStopping counter: 4 out of 320
Epoch 19 | Train Loss: 0.0612 | Val Loss: 0.0497 | LR: 1e-06
EarlyStopping counter: 5 out of 320
Epoch 20 | Train Loss: 0.0586 | Val Loss: 0.0505 | LR: 1e-06
EarlyStopping counter: 6 out of 320
Epoch 21 | Train Loss: 0.0587 | Val Loss: 0.0498 | LR: 1e-06
EarlyStopping counter: 7 out of 320
Epoch 22 | Train Loss: 0.0601 | Val Loss: 0.0442 | LR: 1e-06
Validation loss decreased (0.048958 --> 0.044205).  Saving model ...
Epoch 23 | Train Loss: 0.0585 | Val Loss: 0.0455 | LR: 1e-06
EarlyStopping counter: 1 out of 320
Epoch 24 | Train Loss: 0.0599 | Val Loss: 0.0465 | LR: 1e-06
EarlyStopping counter: 2 out of 320
Epoch 25 | Train Loss: 0.0618 | Val Loss: 0.0458 | LR: 1e-06
EarlyStopping counter: 3 out of 320
Epoch 26 | Train Loss: 0.0567 | Val Loss: 0.0477 | LR: 1e-06
EarlyStopping counter: 4 out of 320
Epoch 27 | Train Loss: 0.0592 | Val Loss: 0.0422 | LR: 1e-06
Validation loss decreased (0.044205 --> 0.042201).  Saving model ...
Epoch 28 | Train Loss: 0.0576 | Val Loss: 0.0456 | LR: 1e-06
EarlyStopping counter: 1 out of 320
Epoch 29 | Train Loss: 0.0560 | Val Loss: 0.0394 | LR: 1e-06
Validation loss decreased (0.042201 --> 0.039419).  Saving model ...
Epoch 30 | Train Loss: 0.0536 | Val Loss: 0.0510 | LR: 1e-06
EarlyStopping counter: 1 out of 320
Epoch 31 | Train Loss: 0.0541 | Val Loss: 0.0429 | LR: 1e-06
EarlyStopping counter: 2 out of 320
Epoch 32 | Train Loss: 0.0510 | Val Loss: 0.0434 | LR: 1e-06
EarlyStopping counter: 3 out of 320
Epoch 33 | Train Loss: 0.0571 | Val Loss: 0.0422 | LR: 1e-06
EarlyStopping counter: 4 out of 320
Epoch 34 | Train Loss: 0.0598 | Val Loss: 0.0419 | LR: 1e-06
EarlyStopping counter: 5 out of 320
Epoch 35 | Train Loss: 0.0602 | Val Loss: 0.0405 | LR: 1e-06
EarlyStopping counter: 6 out of 320
Epoch 36 | Train Loss: 0.0510 | Val Loss: 0.0479 | LR: 1e-06
EarlyStopping counter: 7 out of 320
Epoch 37 | Train Loss: 0.0566 | Val Loss: 0.0470 | LR: 1e-06
EarlyStopping counter: 8 out of 320
Epoch 38 | Train Loss: 0.0518 | Val Loss: 0.0472 | LR: 1e-06
EarlyStopping counter: 9 out of 320
Epoch 39 | Train Loss: 0.0530 | Val Loss: 0.0443 | LR: 1e-06
EarlyStopping counter: 10 out of 320
Epoch 40 | Train Loss: 0.0494 | Val Loss: 0.0443 | LR: 1e-06
EarlyStopping counter: 11 out of 320
Epoch 41 | Train Loss: 0.0520 | Val Loss: 0.0460 | LR: 1e-06
EarlyStopping counter: 12 out of 320
Epoch 42 | Train Loss: 0.0546 | Val Loss: 0.0407 | LR: 1e-06
EarlyStopping counter: 13 out of 320
Epoch 43 | Train Loss: 0.0518 | Val Loss: 0.0345 | LR: 1e-06
Validation loss decreased (0.039419 --> 0.034495).  Saving model ...
Epoch 44 | Train Loss: 0.0517 | Val Loss: 0.0351 | LR: 1e-06
EarlyStopping counter: 1 out of 320
Epoch 45 | Train Loss: 0.0500 | Val Loss: 0.0435 | LR: 1e-06
EarlyStopping counter: 2 out of 320
Epoch 46 | Train Loss: 0.0530 | Val Loss: 0.0392 | LR: 1e-06
EarlyStopping counter: 3 out of 320
Epoch 47 | Train Loss: 0.0540 | Val Loss: 0.0454 | LR: 1e-06
EarlyStopping counter: 4 out of 320
Epoch 48 | Train Loss: 0.0473 | Val Loss: 0.0374 | LR: 1e-06
EarlyStopping counter: 5 out of 320
Epoch 49 | Train Loss: 0.0509 | Val Loss: 0.0445 | LR: 1e-06
EarlyStopping counter: 6 out of 320
Epoch 50 | Train Loss: 0.0529 | Val Loss: 0.0461 | LR: 1e-06
EarlyStopping counter: 7 out of 320
Epoch 51 | Train Loss: 0.0416 | Val Loss: 0.0320 | LR: 1e-06
Validation loss decreased (0.034495 --> 0.032020).  Saving model ...
Epoch 52 | Train Loss: 0.0438 | Val Loss: 0.0391 | LR: 1e-06
EarlyStopping counter: 1 out of 320
Epoch 53 | Train Loss: 0.0507 | Val Loss: 0.0403 | LR: 1e-06
EarlyStopping counter: 2 out of 320
Epoch 54 | Train Loss: 0.0492 | Val Loss: 0.0340 | LR: 1e-06
EarlyStopping counter: 3 out of 320
Epoch 55 | Train Loss: 0.0481 | Val Loss: 0.0395 | LR: 1e-06
EarlyStopping counter: 4 out of 320
Epoch 56 | Train Loss: 0.0462 | Val Loss: 0.0329 | LR: 1e-06
EarlyStopping counter: 5 out of 320
Epoch 57 | Train Loss: 0.0513 | Val Loss: 0.0303 | LR: 1e-06
Validation loss decreased (0.032020 --> 0.030259).  Saving model ...
Epoch 58 | Train Loss: 0.0446 | Val Loss: 0.0349 | LR: 1e-06
EarlyStopping counter: 1 out of 320
Epoch 59 | Train Loss: 0.0514 | Val Loss: 0.0374 | LR: 1e-06
EarlyStopping counter: 2 out of 320
Epoch 60 | Train Loss: 0.0498 | Val Loss: 0.0388 | LR: 1e-06
EarlyStopping counter: 3 out of 320
Epoch 61 | Train Loss: 0.0513 | Val Loss: 0.0292 | LR: 1e-06
Validation loss decreased (0.030259 --> 0.029200).  Saving model ...
Epoch 62 | Train Loss: 0.0488 | Val Loss: 0.0375 | LR: 1e-06
EarlyStopping counter: 1 out of 320
Epoch 63 | Train Loss: 0.0464 | Val Loss: 0.0352 | LR: 1e-06
EarlyStopping counter: 2 out of 320
Epoch 64 | Train Loss: 0.0499 | Val Loss: 0.0355 | LR: 1e-06
EarlyStopping counter: 3 out of 320
Epoch 65 | Train Loss: 0.0487 | Val Loss: 0.0345 | LR: 1e-06
EarlyStopping counter: 4 out of 320
Epoch 66 | Train Loss: 0.0445 | Val Loss: 0.0309 | LR: 1e-06
EarlyStopping counter: 5 out of 320
Epoch 67 | Train Loss: 0.0393 | Val Loss: 0.0263 | LR: 1e-06
Validation loss decreased (0.029200 --> 0.026271).  Saving model ...
Epoch 68 | Train Loss: 0.0462 | Val Loss: 0.0350 | LR: 1e-06
EarlyStopping counter: 1 out of 320
Epoch 69 | Train Loss: 0.0441 | Val Loss: 0.0308 | LR: 1e-06
EarlyStopping counter: 2 out of 320
Epoch 70 | Train Loss: 0.0439 | Val Loss: 0.0277 | LR: 1e-06
EarlyStopping counter: 3 out of 320
Epoch 71 | Train Loss: 0.0403 | Val Loss: 0.0294 | LR: 1e-06
EarlyStopping counter: 4 out of 320
Epoch 72 | Train Loss: 0.0469 | Val Loss: 0.0304 | LR: 1e-06
EarlyStopping counter: 5 out of 320
Epoch 73 | Train Loss: 0.0401 | Val Loss: 0.0276 | LR: 1e-06
EarlyStopping counter: 6 out of 320
Epoch 74 | Train Loss: 0.0420 | Val Loss: 0.0294 | LR: 1e-06
EarlyStopping counter: 7 out of 320
Epoch 75 | Train Loss: 0.0405 | Val Loss: 0.0291 | LR: 1e-06
EarlyStopping counter: 8 out of 320
Epoch 76 | Train Loss: 0.0441 | Val Loss: 0.0295 | LR: 1e-06
EarlyStopping counter: 9 out of 320
Epoch 77 | Train Loss: 0.0464 | Val Loss: 0.0307 | LR: 1e-06
EarlyStopping counter: 10 out of 320
Epoch 78 | Train Loss: 0.0459 | Val Loss: 0.0311 | LR: 1e-06
EarlyStopping counter: 11 out of 320
Epoch 79 | Train Loss: 0.0442 | Val Loss: 0.0315 | LR: 1e-06
EarlyStopping counter: 12 out of 320
Epoch 80 | Train Loss: 0.0416 | Val Loss: 0.0240 | LR: 1e-06
Validation loss decreased (0.026271 --> 0.024048).  Saving model ...
Epoch 81 | Train Loss: 0.0425 | Val Loss: 0.0241 | LR: 1e-06
EarlyStopping counter: 1 out of 320
Epoch 82 | Train Loss: 0.0396 | Val Loss: 0.0285 | LR: 1e-06
EarlyStopping counter: 2 out of 320
Epoch 83 | Train Loss: 0.0430 | Val Loss: 0.0243 | LR: 1e-06
EarlyStopping counter: 3 out of 320
Epoch 84 | Train Loss: 0.0489 | Val Loss: 0.0218 | LR: 1e-06
Validation loss decreased (0.024048 --> 0.021830).  Saving model ...
Epoch 85 | Train Loss: 0.0405 | Val Loss: 0.0245 | LR: 1e-06
EarlyStopping counter: 1 out of 320
Epoch 86 | Train Loss: 0.0371 | Val Loss: 0.0271 | LR: 1e-06
EarlyStopping counter: 2 out of 320
Epoch 87 | Train Loss: 0.0431 | Val Loss: 0.0279 | LR: 1e-06
EarlyStopping counter: 3 out of 320
Epoch 88 | Train Loss: 0.0411 | Val Loss: 0.0234 | LR: 1e-06
EarlyStopping counter: 4 out of 320
Epoch 89 | Train Loss: 0.0393 | Val Loss: 0.0210 | LR: 1e-06
Validation loss decreased (0.021830 --> 0.020977).  Saving model ...
Epoch 90 | Train Loss: 0.0416 | Val Loss: 0.0248 | LR: 1e-06
EarlyStopping counter: 1 out of 320
Epoch 91 | Train Loss: 0.0439 | Val Loss: 0.0267 | LR: 1e-06
EarlyStopping counter: 2 out of 320
Epoch 92 | Train Loss: 0.0354 | Val Loss: 0.0275 | LR: 1e-06
EarlyStopping counter: 3 out of 320
Epoch 93 | Train Loss: 0.0362 | Val Loss: 0.0191 | LR: 1e-06
Validation loss decreased (0.020977 --> 0.019063).  Saving model ...
Epoch 94 | Train Loss: 0.0342 | Val Loss: 0.0260 | LR: 1e-06
EarlyStopping counter: 1 out of 320
Epoch 95 | Train Loss: 0.0345 | Val Loss: 0.0251 | LR: 1e-06
EarlyStopping counter: 2 out of 320
Epoch 96 | Train Loss: 0.0383 | Val Loss: 0.0240 | LR: 1e-06
EarlyStopping counter: 3 out of 320
Epoch 97 | Train Loss: 0.0408 | Val Loss: 0.0221 | LR: 1e-06
EarlyStopping counter: 4 out of 320
Epoch 98 | Train Loss: 0.0287 | Val Loss: 0.0238 | LR: 1e-06
EarlyStopping counter: 5 out of 320
Epoch 99 | Train Loss: 0.0377 | Val Loss: 0.0220 | LR: 1e-06
EarlyStopping counter: 6 out of 320
Epoch 100 | Train Loss: 0.0407 | Val Loss: 0.0189 | LR: 1e-06
Validation loss decreased (0.019063 --> 0.018913).  Saving model ...
Epoch 101 | Train Loss: 0.0368 | Val Loss: 0.0231 | LR: 1e-06
EarlyStopping counter: 1 out of 320
Epoch 102 | Train Loss: 0.0361 | Val Loss: 0.0231 | LR: 1e-06
EarlyStopping counter: 2 out of 320
Epoch 103 | Train Loss: 0.0368 | Val Loss: 0.0219 | LR: 1e-06
EarlyStopping counter: 3 out of 320
Epoch 104 | Train Loss: 0.0371 | Val Loss: 0.0216 | LR: 1e-06
EarlyStopping counter: 4 out of 320
Epoch 105 | Train Loss: 0.0406 | Val Loss: 0.0231 | LR: 1e-06
EarlyStopping counter: 5 out of 320
Epoch 106 | Train Loss: 0.0295 | Val Loss: 0.0227 | LR: 1e-06
EarlyStopping counter: 6 out of 320
Epoch 107 | Train Loss: 0.0317 | Val Loss: 0.0210 | LR: 1e-06
EarlyStopping counter: 7 out of 320
Epoch 108 | Train Loss: 0.0329 | Val Loss: 0.0203 | LR: 1e-06
EarlyStopping counter: 8 out of 320
Epoch 109 | Train Loss: 0.0346 | Val Loss: 0.0238 | LR: 1e-06
EarlyStopping counter: 9 out of 320
Epoch 110 | Train Loss: 0.0385 | Val Loss: 0.0233 | LR: 1e-06
EarlyStopping counter: 10 out of 320
Epoch 111 | Train Loss: 0.0317 | Val Loss: 0.0206 | LR: 1e-06
EarlyStopping counter: 11 out of 320
Epoch 112 | Train Loss: 0.0339 | Val Loss: 0.0182 | LR: 1e-06
Validation loss decreased (0.018913 --> 0.018195).  Saving model ...
Epoch 113 | Train Loss: 0.0356 | Val Loss: 0.0174 | LR: 1e-06
Validation loss decreased (0.018195 --> 0.017419).  Saving model ...
Epoch 114 | Train Loss: 0.0323 | Val Loss: 0.0197 | LR: 1e-06
EarlyStopping counter: 1 out of 320
Epoch 115 | Train Loss: 0.0412 | Val Loss: 0.0145 | LR: 1e-06
Validation loss decreased (0.017419 --> 0.014489).  Saving model ...
Epoch 116 | Train Loss: 0.0318 | Val Loss: 0.0153 | LR: 1e-06
EarlyStopping counter: 1 out of 320
Epoch 117 | Train Loss: 0.0355 | Val Loss: 0.0187 | LR: 1e-06
EarlyStopping counter: 2 out of 320
Epoch 118 | Train Loss: 0.0320 | Val Loss: 0.0136 | LR: 1e-06
Validation loss decreased (0.014489 --> 0.013647).  Saving model ...
Epoch 119 | Train Loss: 0.0379 | Val Loss: 0.0158 | LR: 1e-06
EarlyStopping counter: 1 out of 320
Epoch 120 | Train Loss: 0.0347 | Val Loss: 0.0184 | LR: 1e-06
EarlyStopping counter: 2 out of 320
Epoch 121 | Train Loss: 0.0325 | Val Loss: 0.0160 | LR: 1e-06
EarlyStopping counter: 3 out of 320
Epoch 122 | Train Loss: 0.0366 | Val Loss: 0.0141 | LR: 1e-06
EarlyStopping counter: 4 out of 320
Epoch 123 | Train Loss: 0.0292 | Val Loss: 0.0120 | LR: 1e-06
Validation loss decreased (0.013647 --> 0.012045).  Saving model ...
Epoch 124 | Train Loss: 0.0337 | Val Loss: 0.0138 | LR: 1e-06
EarlyStopping counter: 1 out of 320
Epoch 125 | Train Loss: 0.0368 | Val Loss: 0.0144 | LR: 1e-06
EarlyStopping counter: 2 out of 320
Epoch 126 | Train Loss: 0.0300 | Val Loss: 0.0137 | LR: 1e-06
EarlyStopping counter: 3 out of 320
Epoch 127 | Train Loss: 0.0351 | Val Loss: 0.0173 | LR: 1e-06
EarlyStopping counter: 4 out of 320
Epoch 128 | Train Loss: 0.0312 | Val Loss: 0.0166 | LR: 1e-06
EarlyStopping counter: 5 out of 320
Epoch 129 | Train Loss: 0.0300 | Val Loss: 0.0139 | LR: 1e-06
EarlyStopping counter: 6 out of 320
Epoch 130 | Train Loss: 0.0414 | Val Loss: 0.0135 | LR: 1e-06
EarlyStopping counter: 7 out of 320
Epoch 131 | Train Loss: 0.0316 | Val Loss: 0.0138 | LR: 1e-06
EarlyStopping counter: 8 out of 320
Epoch 132 | Train Loss: 0.0317 | Val Loss: 0.0148 | LR: 1e-06
EarlyStopping counter: 9 out of 320
Epoch 133 | Train Loss: 0.0349 | Val Loss: 0.0156 | LR: 1e-06
EarlyStopping counter: 10 out of 320
Epoch 134 | Train Loss: 0.0335 | Val Loss: 0.0144 | LR: 1e-06
EarlyStopping counter: 11 out of 320
Epoch 135 | Train Loss: 0.0355 | Val Loss: 0.0143 | LR: 1e-06
EarlyStopping counter: 12 out of 320
Epoch 136 | Train Loss: 0.0265 | Val Loss: 0.0132 | LR: 1e-06
EarlyStopping counter: 13 out of 320
Epoch 137 | Train Loss: 0.0328 | Val Loss: 0.0131 | LR: 1e-06
EarlyStopping counter: 14 out of 320
Epoch 138 | Train Loss: 0.0350 | Val Loss: 0.0133 | LR: 1e-06
EarlyStopping counter: 15 out of 320
Epoch 139 | Train Loss: 0.0311 | Val Loss: 0.0160 | LR: 1e-06
EarlyStopping counter: 16 out of 320
Epoch 140 | Train Loss: 0.0317 | Val Loss: 0.0141 | LR: 1e-06
EarlyStopping counter: 17 out of 320
Epoch 141 | Train Loss: 0.0328 | Val Loss: 0.0117 | LR: 1e-06
Validation loss decreased (0.012045 --> 0.011663).  Saving model ...
Epoch 142 | Train Loss: 0.0293 | Val Loss: 0.0177 | LR: 1e-06
EarlyStopping counter: 1 out of 320
Epoch 143 | Train Loss: 0.0370 | Val Loss: 0.0139 | LR: 1e-06
EarlyStopping counter: 2 out of 320
Epoch 144 | Train Loss: 0.0377 | Val Loss: 0.0144 | LR: 1e-06
EarlyStopping counter: 3 out of 320
Epoch 145 | Train Loss: 0.0344 | Val Loss: 0.0120 | LR: 1e-06
EarlyStopping counter: 4 out of 320
Epoch 146 | Train Loss: 0.0285 | Val Loss: 0.0145 | LR: 1e-06
EarlyStopping counter: 5 out of 320
Epoch 147 | Train Loss: 0.0353 | Val Loss: 0.0123 | LR: 1e-06
EarlyStopping counter: 6 out of 320
Epoch 148 | Train Loss: 0.0325 | Val Loss: 0.0118 | LR: 1e-06
EarlyStopping counter: 7 out of 320
Epoch 149 | Train Loss: 0.0318 | Val Loss: 0.0120 | LR: 1e-06
EarlyStopping counter: 8 out of 320
Epoch 150 | Train Loss: 0.0337 | Val Loss: 0.0137 | LR: 1e-06
EarlyStopping counter: 9 out of 320
Epoch 151 | Train Loss: 0.0286 | Val Loss: 0.0139 | LR: 1e-06
EarlyStopping counter: 10 out of 320
Epoch 152 | Train Loss: 0.0294 | Val Loss: 0.0128 | LR: 1e-06
EarlyStopping counter: 11 out of 320
Epoch 153 | Train Loss: 0.0300 | Val Loss: 0.0140 | LR: 1e-06
EarlyStopping counter: 12 out of 320
Epoch 154 | Train Loss: 0.0327 | Val Loss: 0.0130 | LR: 1e-06
EarlyStopping counter: 13 out of 320
Epoch 155 | Train Loss: 0.0288 | Val Loss: 0.0141 | LR: 1e-06
EarlyStopping counter: 14 out of 320
Epoch 156 | Train Loss: 0.0335 | Val Loss: 0.0127 | LR: 1e-06
EarlyStopping counter: 15 out of 320
Epoch 157 | Train Loss: 0.0356 | Val Loss: 0.0124 | LR: 1e-06
EarlyStopping counter: 16 out of 320
Epoch 158 | Train Loss: 0.0344 | Val Loss: 0.0156 | LR: 1e-06
EarlyStopping counter: 17 out of 320
Epoch 159 | Train Loss: 0.0305 | Val Loss: 0.0121 | LR: 1e-06
EarlyStopping counter: 18 out of 320
Epoch 160 | Train Loss: 0.0377 | Val Loss: 0.0107 | LR: 1e-06
Validation loss decreased (0.011663 --> 0.010708).  Saving model ...
Epoch 161 | Train Loss: 0.0340 | Val Loss: 0.0127 | LR: 1e-06
EarlyStopping counter: 1 out of 320
Epoch 162 | Train Loss: 0.0321 | Val Loss: 0.0114 | LR: 1e-06
EarlyStopping counter: 2 out of 320
Epoch 163 | Train Loss: 0.0298 | Val Loss: 0.0123 | LR: 1e-06
EarlyStopping counter: 3 out of 320
Epoch 164 | Train Loss: 0.0304 | Val Loss: 0.0111 | LR: 1e-06
EarlyStopping counter: 4 out of 320
Epoch 165 | Train Loss: 0.0349 | Val Loss: 0.0125 | LR: 1e-06
EarlyStopping counter: 5 out of 320
Epoch 166 | Train Loss: 0.0329 | Val Loss: 0.0124 | LR: 1e-06
EarlyStopping counter: 6 out of 320
Epoch 167 | Train Loss: 0.0256 | Val Loss: 0.0144 | LR: 1e-06
EarlyStopping counter: 7 out of 320
Epoch 168 | Train Loss: 0.0369 | Val Loss: 0.0165 | LR: 1e-06
EarlyStopping counter: 8 out of 320
Epoch 169 | Train Loss: 0.0289 | Val Loss: 0.0142 | LR: 1e-06
EarlyStopping counter: 9 out of 320
Epoch 170 | Train Loss: 0.0357 | Val Loss: 0.0127 | LR: 1e-06
EarlyStopping counter: 10 out of 320
Epoch 171 | Train Loss: 0.0276 | Val Loss: 0.0154 | LR: 1e-06
EarlyStopping counter: 11 out of 320
Epoch 172 | Train Loss: 0.0285 | Val Loss: 0.0153 | LR: 1e-06
EarlyStopping counter: 12 out of 320
Epoch 173 | Train Loss: 0.0295 | Val Loss: 0.0129 | LR: 1e-06
EarlyStopping counter: 13 out of 320
Epoch 174 | Train Loss: 0.0362 | Val Loss: 0.0124 | LR: 1e-06
EarlyStopping counter: 14 out of 320
Epoch 175 | Train Loss: 0.0286 | Val Loss: 0.0146 | LR: 1e-06
EarlyStopping counter: 15 out of 320
Epoch 176 | Train Loss: 0.0281 | Val Loss: 0.0140 | LR: 1e-06
EarlyStopping counter: 16 out of 320
Epoch 177 | Train Loss: 0.0325 | Val Loss: 0.0132 | LR: 1e-06
EarlyStopping counter: 17 out of 320
Epoch 178 | Train Loss: 0.0259 | Val Loss: 0.0131 | LR: 1e-06
EarlyStopping counter: 18 out of 320
Epoch 179 | Train Loss: 0.0278 | Val Loss: 0.0125 | LR: 1e-06
EarlyStopping counter: 19 out of 320
Epoch 180 | Train Loss: 0.0313 | Val Loss: 0.0140 | LR: 1e-06
EarlyStopping counter: 20 out of 320
Epoch 181 | Train Loss: 0.0338 | Val Loss: 0.0118 | LR: 1e-06
EarlyStopping counter: 21 out of 320
Epoch 182 | Train Loss: 0.0312 | Val Loss: 0.0138 | LR: 1e-06
EarlyStopping counter: 22 out of 320
Epoch 183 | Train Loss: 0.0319 | Val Loss: 0.0134 | LR: 1e-06
EarlyStopping counter: 23 out of 320
Epoch 184 | Train Loss: 0.0281 | Val Loss: 0.0124 | LR: 1e-06
EarlyStopping counter: 24 out of 320
Epoch 185 | Train Loss: 0.0346 | Val Loss: 0.0127 | LR: 1e-06
EarlyStopping counter: 25 out of 320
Epoch 186 | Train Loss: 0.0277 | Val Loss: 0.0144 | LR: 1e-06
EarlyStopping counter: 26 out of 320
Epoch 187 | Train Loss: 0.0280 | Val Loss: 0.0149 | LR: 1e-06
EarlyStopping counter: 27 out of 320
Epoch 188 | Train Loss: 0.0304 | Val Loss: 0.0128 | LR: 1e-06
EarlyStopping counter: 28 out of 320
Epoch 189 | Train Loss: 0.0255 | Val Loss: 0.0134 | LR: 1e-06
EarlyStopping counter: 29 out of 320
Epoch 190 | Train Loss: 0.0313 | Val Loss: 0.0116 | LR: 1e-06
EarlyStopping counter: 30 out of 320
Epoch 191 | Train Loss: 0.0322 | Val Loss: 0.0134 | LR: 1e-06
EarlyStopping counter: 31 out of 320
Epoch 192 | Train Loss: 0.0299 | Val Loss: 0.0144 | LR: 1e-06
EarlyStopping counter: 32 out of 320
Epoch 193 | Train Loss: 0.0294 | Val Loss: 0.0137 | LR: 1e-06
EarlyStopping counter: 33 out of 320
Epoch 194 | Train Loss: 0.0340 | Val Loss: 0.0127 | LR: 1e-06
EarlyStopping counter: 34 out of 320
Epoch 195 | Train Loss: 0.0242 | Val Loss: 0.0141 | LR: 1e-06
EarlyStopping counter: 35 out of 320
Epoch 196 | Train Loss: 0.0333 | Val Loss: 0.0154 | LR: 1e-06
EarlyStopping counter: 36 out of 320
Epoch 197 | Train Loss: 0.0294 | Val Loss: 0.0122 | LR: 1e-06
EarlyStopping counter: 37 out of 320
Epoch 198 | Train Loss: 0.0330 | Val Loss: 0.0141 | LR: 1e-06
EarlyStopping counter: 38 out of 320
Epoch 199 | Train Loss: 0.0372 | Val Loss: 0.0128 | LR: 1e-06
EarlyStopping counter: 39 out of 320
Epoch 200 | Train Loss: 0.0326 | Val Loss: 0.0127 | LR: 1e-06
EarlyStopping counter: 40 out of 320
Epoch 201 | Train Loss: 0.0328 | Val Loss: 0.0131 | LR: 1e-06
EarlyStopping counter: 41 out of 320
Epoch 202 | Train Loss: 0.0353 | Val Loss: 0.0141 | LR: 1e-06
EarlyStopping counter: 42 out of 320
Epoch 203 | Train Loss: 0.0279 | Val Loss: 0.0148 | LR: 1e-06
EarlyStopping counter: 43 out of 320
Epoch 204 | Train Loss: 0.0323 | Val Loss: 0.0138 | LR: 1e-06
EarlyStopping counter: 44 out of 320
Epoch 205 | Train Loss: 0.0350 | Val Loss: 0.0135 | LR: 1e-06
EarlyStopping counter: 45 out of 320
Epoch 206 | Train Loss: 0.0326 | Val Loss: 0.0132 | LR: 1e-06
EarlyStopping counter: 46 out of 320
Epoch 207 | Train Loss: 0.0302 | Val Loss: 0.0127 | LR: 1e-06
EarlyStopping counter: 47 out of 320
Epoch 208 | Train Loss: 0.0303 | Val Loss: 0.0120 | LR: 1e-06
EarlyStopping counter: 48 out of 320
Epoch 209 | Train Loss: 0.0275 | Val Loss: 0.0133 | LR: 1e-06
EarlyStopping counter: 49 out of 320
Epoch 210 | Train Loss: 0.0264 | Val Loss: 0.0145 | LR: 1e-06
EarlyStopping counter: 50 out of 320
Epoch 211 | Train Loss: 0.0266 | Val Loss: 0.0149 | LR: 1e-06
EarlyStopping counter: 51 out of 320
Epoch 212 | Train Loss: 0.0311 | Val Loss: 0.0142 | LR: 1e-06
EarlyStopping counter: 52 out of 320
Epoch 213 | Train Loss: 0.0275 | Val Loss: 0.0148 | LR: 1e-06
EarlyStopping counter: 53 out of 320
Epoch 214 | Train Loss: 0.0316 | Val Loss: 0.0117 | LR: 1e-06
EarlyStopping counter: 54 out of 320
Epoch 215 | Train Loss: 0.0282 | Val Loss: 0.0134 | LR: 1e-06
EarlyStopping counter: 55 out of 320
Epoch 216 | Train Loss: 0.0325 | Val Loss: 0.0158 | LR: 1e-06
EarlyStopping counter: 56 out of 320
Epoch 217 | Train Loss: 0.0338 | Val Loss: 0.0133 | LR: 1e-06
EarlyStopping counter: 57 out of 320
Epoch 218 | Train Loss: 0.0289 | Val Loss: 0.0121 | LR: 1e-06
EarlyStopping counter: 58 out of 320
Epoch 219 | Train Loss: 0.0345 | Val Loss: 0.0126 | LR: 1e-06
EarlyStopping counter: 59 out of 320
Epoch 220 | Train Loss: 0.0278 | Val Loss: 0.0149 | LR: 1e-06
EarlyStopping counter: 60 out of 320
Epoch 221 | Train Loss: 0.0376 | Val Loss: 0.0128 | LR: 1e-06
EarlyStopping counter: 61 out of 320
Epoch 222 | Train Loss: 0.0361 | Val Loss: 0.0129 | LR: 1e-06
EarlyStopping counter: 62 out of 320
Epoch 223 | Train Loss: 0.0281 | Val Loss: 0.0116 | LR: 1e-06
EarlyStopping counter: 63 out of 320
Epoch 224 | Train Loss: 0.0306 | Val Loss: 0.0142 | LR: 1e-06
EarlyStopping counter: 64 out of 320
Epoch 225 | Train Loss: 0.0366 | Val Loss: 0.0126 | LR: 1e-06
EarlyStopping counter: 65 out of 320
Epoch 226 | Train Loss: 0.0285 | Val Loss: 0.0139 | LR: 1e-06
EarlyStopping counter: 66 out of 320
Epoch 227 | Train Loss: 0.0317 | Val Loss: 0.0144 | LR: 1e-06
EarlyStopping counter: 67 out of 320
Epoch 228 | Train Loss: 0.0323 | Val Loss: 0.0133 | LR: 1e-06
EarlyStopping counter: 68 out of 320
Epoch 229 | Train Loss: 0.0289 | Val Loss: 0.0138 | LR: 1e-06
EarlyStopping counter: 69 out of 320
Epoch 230 | Train Loss: 0.0311 | Val Loss: 0.0131 | LR: 1e-06
EarlyStopping counter: 70 out of 320
Epoch 231 | Train Loss: 0.0325 | Val Loss: 0.0151 | LR: 1e-06
EarlyStopping counter: 71 out of 320
Epoch 232 | Train Loss: 0.0346 | Val Loss: 0.0139 | LR: 1e-06
EarlyStopping counter: 72 out of 320
Epoch 233 | Train Loss: 0.0355 | Val Loss: 0.0123 | LR: 1e-06
EarlyStopping counter: 73 out of 320
Epoch 234 | Train Loss: 0.0357 | Val Loss: 0.0126 | LR: 1e-06
EarlyStopping counter: 74 out of 320
Epoch 235 | Train Loss: 0.0323 | Val Loss: 0.0121 | LR: 1e-06
EarlyStopping counter: 75 out of 320
Epoch 236 | Train Loss: 0.0326 | Val Loss: 0.0138 | LR: 1e-06
EarlyStopping counter: 76 out of 320
Epoch 237 | Train Loss: 0.0308 | Val Loss: 0.0123 | LR: 1e-06
EarlyStopping counter: 77 out of 320
Epoch 238 | Train Loss: 0.0342 | Val Loss: 0.0108 | LR: 1e-06
EarlyStopping counter: 78 out of 320
Epoch 239 | Train Loss: 0.0275 | Val Loss: 0.0132 | LR: 1e-06
EarlyStopping counter: 79 out of 320
Epoch 240 | Train Loss: 0.0319 | Val Loss: 0.0121 | LR: 1e-06
EarlyStopping counter: 80 out of 320
Epoch 241 | Train Loss: 0.0331 | Val Loss: 0.0128 | LR: 1e-06
EarlyStopping counter: 81 out of 320
Epoch 242 | Train Loss: 0.0341 | Val Loss: 0.0124 | LR: 1e-06
EarlyStopping counter: 82 out of 320
Epoch 243 | Train Loss: 0.0282 | Val Loss: 0.0140 | LR: 1e-06
EarlyStopping counter: 83 out of 320
Epoch 244 | Train Loss: 0.0293 | Val Loss: 0.0140 | LR: 1e-06
EarlyStopping counter: 84 out of 320
Epoch 245 | Train Loss: 0.0285 | Val Loss: 0.0144 | LR: 1e-06
EarlyStopping counter: 85 out of 320
Epoch 246 | Train Loss: 0.0367 | Val Loss: 0.0153 | LR: 1e-06
EarlyStopping counter: 86 out of 320
Epoch 247 | Train Loss: 0.0286 | Val Loss: 0.0137 | LR: 1e-06
EarlyStopping counter: 87 out of 320
Epoch 248 | Train Loss: 0.0311 | Val Loss: 0.0135 | LR: 1e-06
EarlyStopping counter: 88 out of 320
Epoch 249 | Train Loss: 0.0329 | Val Loss: 0.0134 | LR: 1e-06
EarlyStopping counter: 89 out of 320
Epoch 250 | Train Loss: 0.0288 | Val Loss: 0.0120 | LR: 1e-06
EarlyStopping counter: 90 out of 320
Epoch 251 | Train Loss: 0.0357 | Val Loss: 0.0143 | LR: 1e-06
EarlyStopping counter: 91 out of 320
Epoch 252 | Train Loss: 0.0291 | Val Loss: 0.0135 | LR: 1e-06
EarlyStopping counter: 92 out of 320
Epoch 253 | Train Loss: 0.0277 | Val Loss: 0.0143 | LR: 1e-06
EarlyStopping counter: 93 out of 320
Epoch 254 | Train Loss: 0.0298 | Val Loss: 0.0140 | LR: 1e-06
EarlyStopping counter: 94 out of 320
Epoch 255 | Train Loss: 0.0374 | Val Loss: 0.0157 | LR: 1e-06
EarlyStopping counter: 95 out of 320
Epoch 256 | Train Loss: 0.0334 | Val Loss: 0.0138 | LR: 1e-06
EarlyStopping counter: 96 out of 320
Epoch 257 | Train Loss: 0.0259 | Val Loss: 0.0136 | LR: 1e-06
EarlyStopping counter: 97 out of 320
Epoch 258 | Train Loss: 0.0392 | Val Loss: 0.0116 | LR: 1e-06
EarlyStopping counter: 98 out of 320
Epoch 259 | Train Loss: 0.0302 | Val Loss: 0.0135 | LR: 1e-06
EarlyStopping counter: 99 out of 320
Epoch 260 | Train Loss: 0.0272 | Val Loss: 0.0136 | LR: 1e-06
EarlyStopping counter: 100 out of 320
Epoch 261 | Train Loss: 0.0326 | Val Loss: 0.0137 | LR: 1e-06
EarlyStopping counter: 101 out of 320
Epoch 262 | Train Loss: 0.0362 | Val Loss: 0.0137 | LR: 1e-06
EarlyStopping counter: 102 out of 320
Epoch 263 | Train Loss: 0.0281 | Val Loss: 0.0134 | LR: 1e-06
EarlyStopping counter: 103 out of 320
Epoch 264 | Train Loss: 0.0330 | Val Loss: 0.0122 | LR: 1e-06
EarlyStopping counter: 104 out of 320
Epoch 265 | Train Loss: 0.0257 | Val Loss: 0.0118 | LR: 1e-06
EarlyStopping counter: 105 out of 320
Epoch 266 | Train Loss: 0.0289 | Val Loss: 0.0148 | LR: 1e-06
EarlyStopping counter: 106 out of 320
Epoch 267 | Train Loss: 0.0275 | Val Loss: 0.0145 | LR: 1e-06
EarlyStopping counter: 107 out of 320
Epoch 268 | Train Loss: 0.0305 | Val Loss: 0.0133 | LR: 1e-06
EarlyStopping counter: 108 out of 320
Epoch 269 | Train Loss: 0.0328 | Val Loss: 0.0130 | LR: 1e-06
EarlyStopping counter: 109 out of 320
Epoch 270 | Train Loss: 0.0298 | Val Loss: 0.0152 | LR: 1e-06
EarlyStopping counter: 110 out of 320
Epoch 271 | Train Loss: 0.0275 | Val Loss: 0.0129 | LR: 1e-06
EarlyStopping counter: 111 out of 320
Epoch 272 | Train Loss: 0.0365 | Val Loss: 0.0128 | LR: 1e-06
EarlyStopping counter: 112 out of 320
Epoch 273 | Train Loss: 0.0316 | Val Loss: 0.0132 | LR: 1e-06
EarlyStopping counter: 113 out of 320
Epoch 274 | Train Loss: 0.0326 | Val Loss: 0.0117 | LR: 1e-06
EarlyStopping counter: 114 out of 320
Epoch 275 | Train Loss: 0.0299 | Val Loss: 0.0111 | LR: 1e-06
EarlyStopping counter: 115 out of 320
Epoch 276 | Train Loss: 0.0222 | Val Loss: 0.0136 | LR: 1e-06
EarlyStopping counter: 116 out of 320
Epoch 277 | Train Loss: 0.0300 | Val Loss: 0.0147 | LR: 1e-06
EarlyStopping counter: 117 out of 320
Epoch 278 | Train Loss: 0.0288 | Val Loss: 0.0126 | LR: 1e-06
EarlyStopping counter: 118 out of 320
Epoch 279 | Train Loss: 0.0340 | Val Loss: 0.0121 | LR: 1e-06
EarlyStopping counter: 119 out of 320
Epoch 280 | Train Loss: 0.0290 | Val Loss: 0.0138 | LR: 1e-06
EarlyStopping counter: 120 out of 320
Epoch 281 | Train Loss: 0.0335 | Val Loss: 0.0125 | LR: 1e-06
EarlyStopping counter: 121 out of 320
Epoch 282 | Train Loss: 0.0327 | Val Loss: 0.0117 | LR: 1e-06
EarlyStopping counter: 122 out of 320
Epoch 283 | Train Loss: 0.0289 | Val Loss: 0.0126 | LR: 1e-06
EarlyStopping counter: 123 out of 320
Epoch 284 | Train Loss: 0.0332 | Val Loss: 0.0136 | LR: 1e-06
EarlyStopping counter: 124 out of 320
Epoch 285 | Train Loss: 0.0321 | Val Loss: 0.0133 | LR: 1e-06
EarlyStopping counter: 125 out of 320
Epoch 286 | Train Loss: 0.0284 | Val Loss: 0.0138 | LR: 1e-06
EarlyStopping counter: 126 out of 320
Epoch 287 | Train Loss: 0.0327 | Val Loss: 0.0126 | LR: 1e-06
EarlyStopping counter: 127 out of 320
Epoch 288 | Train Loss: 0.0285 | Val Loss: 0.0121 | LR: 1e-06
EarlyStopping counter: 128 out of 320
Epoch 289 | Train Loss: 0.0308 | Val Loss: 0.0128 | LR: 1e-06
EarlyStopping counter: 129 out of 320
Epoch 290 | Train Loss: 0.0357 | Val Loss: 0.0151 | LR: 1e-06
EarlyStopping counter: 130 out of 320
Epoch 291 | Train Loss: 0.0289 | Val Loss: 0.0134 | LR: 1e-06
EarlyStopping counter: 131 out of 320
Epoch 292 | Train Loss: 0.0333 | Val Loss: 0.0126 | LR: 1e-06
EarlyStopping counter: 132 out of 320
Epoch 293 | Train Loss: 0.0338 | Val Loss: 0.0140 | LR: 1e-06
EarlyStopping counter: 133 out of 320
Epoch 294 | Train Loss: 0.0315 | Val Loss: 0.0138 | LR: 1e-06
EarlyStopping counter: 134 out of 320
Epoch 295 | Train Loss: 0.0336 | Val Loss: 0.0145 | LR: 1e-06
EarlyStopping counter: 135 out of 320
Epoch 296 | Train Loss: 0.0352 | Val Loss: 0.0127 | LR: 1e-06
EarlyStopping counter: 136 out of 320
Epoch 297 | Train Loss: 0.0292 | Val Loss: 0.0146 | LR: 1e-06
EarlyStopping counter: 137 out of 320
Epoch 298 | Train Loss: 0.0318 | Val Loss: 0.0131 | LR: 1e-06
EarlyStopping counter: 138 out of 320
Epoch 299 | Train Loss: 0.0374 | Val Loss: 0.0136 | LR: 1e-06
EarlyStopping counter: 139 out of 320
Epoch 300 | Train Loss: 0.0294 | Val Loss: 0.0127 | LR: 1e-06
EarlyStopping counter: 140 out of 320
Epoch 301 | Train Loss: 0.0300 | Val Loss: 0.0140 | LR: 1e-06
EarlyStopping counter: 141 out of 320
Epoch 302 | Train Loss: 0.0328 | Val Loss: 0.0139 | LR: 1e-06
EarlyStopping counter: 142 out of 320
Epoch 303 | Train Loss: 0.0292 | Val Loss: 0.0119 | LR: 1e-06
EarlyStopping counter: 143 out of 320
Epoch 304 | Train Loss: 0.0329 | Val Loss: 0.0130 | LR: 1e-06
EarlyStopping counter: 144 out of 320
Epoch 305 | Train Loss: 0.0339 | Val Loss: 0.0125 | LR: 1e-06
EarlyStopping counter: 145 out of 320
Epoch 306 | Train Loss: 0.0302 | Val Loss: 0.0137 | LR: 1e-06
EarlyStopping counter: 146 out of 320
Epoch 307 | Train Loss: 0.0314 | Val Loss: 0.0130 | LR: 1e-06
EarlyStopping counter: 147 out of 320
Epoch 308 | Train Loss: 0.0289 | Val Loss: 0.0125 | LR: 1e-06
EarlyStopping counter: 148 out of 320
Epoch 309 | Train Loss: 0.0305 | Val Loss: 0.0147 | LR: 1e-06
EarlyStopping counter: 149 out of 320
Epoch 310 | Train Loss: 0.0297 | Val Loss: 0.0112 | LR: 1e-06
EarlyStopping counter: 150 out of 320
Epoch 311 | Train Loss: 0.0283 | Val Loss: 0.0127 | LR: 1e-06
EarlyStopping counter: 151 out of 320
Epoch 312 | Train Loss: 0.0339 | Val Loss: 0.0144 | LR: 1e-06
EarlyStopping counter: 152 out of 320
Epoch 313 | Train Loss: 0.0268 | Val Loss: 0.0138 | LR: 1e-06
EarlyStopping counter: 153 out of 320
Epoch 314 | Train Loss: 0.0267 | Val Loss: 0.0152 | LR: 1e-06
EarlyStopping counter: 154 out of 320
Epoch 315 | Train Loss: 0.0327 | Val Loss: 0.0136 | LR: 1e-06
EarlyStopping counter: 155 out of 320
Epoch 316 | Train Loss: 0.0327 | Val Loss: 0.0135 | LR: 1e-06
EarlyStopping counter: 156 out of 320
Epoch 317 | Train Loss: 0.0308 | Val Loss: 0.0120 | LR: 1e-06
EarlyStopping counter: 157 out of 320
Epoch 318 | Train Loss: 0.0275 | Val Loss: 0.0142 | LR: 1e-06
EarlyStopping counter: 158 out of 320
Epoch 319 | Train Loss: 0.0288 | Val Loss: 0.0145 | LR: 1e-06
EarlyStopping counter: 159 out of 320
Epoch 320 | Train Loss: 0.0305 | Val Loss: 0.0130 | LR: 1e-06
EarlyStopping counter: 160 out of 320
Epoch 321 | Train Loss: 0.0287 | Val Loss: 0.0126 | LR: 1e-06
EarlyStopping counter: 161 out of 320
Epoch 322 | Train Loss: 0.0302 | Val Loss: 0.0130 | LR: 5e-07
EarlyStopping counter: 162 out of 320
Epoch 323 | Train Loss: 0.0331 | Val Loss: 0.0135 | LR: 5e-07
EarlyStopping counter: 163 out of 320
Epoch 324 | Train Loss: 0.0341 | Val Loss: 0.0137 | LR: 5e-07
EarlyStopping counter: 164 out of 320
Epoch 325 | Train Loss: 0.0319 | Val Loss: 0.0122 | LR: 5e-07
EarlyStopping counter: 165 out of 320
Epoch 326 | Train Loss: 0.0299 | Val Loss: 0.0135 | LR: 5e-07
EarlyStopping counter: 166 out of 320
Epoch 327 | Train Loss: 0.0326 | Val Loss: 0.0137 | LR: 5e-07
EarlyStopping counter: 167 out of 320
Epoch 328 | Train Loss: 0.0288 | Val Loss: 0.0135 | LR: 5e-07
EarlyStopping counter: 168 out of 320
Epoch 329 | Train Loss: 0.0380 | Val Loss: 0.0129 | LR: 5e-07
EarlyStopping counter: 169 out of 320
Epoch 330 | Train Loss: 0.0300 | Val Loss: 0.0125 | LR: 5e-07
EarlyStopping counter: 170 out of 320
Epoch 331 | Train Loss: 0.0300 | Val Loss: 0.0133 | LR: 5e-07
EarlyStopping counter: 171 out of 320
Epoch 332 | Train Loss: 0.0331 | Val Loss: 0.0160 | LR: 5e-07
EarlyStopping counter: 172 out of 320
Epoch 333 | Train Loss: 0.0330 | Val Loss: 0.0122 | LR: 5e-07
EarlyStopping counter: 173 out of 320
Epoch 334 | Train Loss: 0.0267 | Val Loss: 0.0114 | LR: 5e-07
EarlyStopping counter: 174 out of 320
Epoch 335 | Train Loss: 0.0316 | Val Loss: 0.0136 | LR: 5e-07
EarlyStopping counter: 175 out of 320
Epoch 336 | Train Loss: 0.0336 | Val Loss: 0.0123 | LR: 5e-07
EarlyStopping counter: 176 out of 320
Epoch 337 | Train Loss: 0.0351 | Val Loss: 0.0145 | LR: 5e-07
EarlyStopping counter: 177 out of 320
Epoch 338 | Train Loss: 0.0316 | Val Loss: 0.0142 | LR: 5e-07
EarlyStopping counter: 178 out of 320
Epoch 339 | Train Loss: 0.0320 | Val Loss: 0.0109 | LR: 5e-07
EarlyStopping counter: 179 out of 320
Epoch 340 | Train Loss: 0.0290 | Val Loss: 0.0126 | LR: 5e-07
EarlyStopping counter: 180 out of 320
Epoch 341 | Train Loss: 0.0298 | Val Loss: 0.0136 | LR: 5e-07
EarlyStopping counter: 181 out of 320
Epoch 342 | Train Loss: 0.0315 | Val Loss: 0.0165 | LR: 5e-07
EarlyStopping counter: 182 out of 320
Epoch 343 | Train Loss: 0.0358 | Val Loss: 0.0117 | LR: 5e-07
EarlyStopping counter: 183 out of 320
Epoch 344 | Train Loss: 0.0283 | Val Loss: 0.0142 | LR: 5e-07
EarlyStopping counter: 184 out of 320
Epoch 345 | Train Loss: 0.0315 | Val Loss: 0.0135 | LR: 5e-07
EarlyStopping counter: 185 out of 320
Epoch 346 | Train Loss: 0.0283 | Val Loss: 0.0128 | LR: 5e-07
EarlyStopping counter: 186 out of 320
Epoch 347 | Train Loss: 0.0303 | Val Loss: 0.0150 | LR: 5e-07
EarlyStopping counter: 187 out of 320
Epoch 348 | Train Loss: 0.0282 | Val Loss: 0.0134 | LR: 5e-07
EarlyStopping counter: 188 out of 320
Epoch 349 | Train Loss: 0.0308 | Val Loss: 0.0127 | LR: 5e-07
EarlyStopping counter: 189 out of 320
Epoch 350 | Train Loss: 0.0362 | Val Loss: 0.0145 | LR: 5e-07
EarlyStopping counter: 190 out of 320
Epoch 351 | Train Loss: 0.0311 | Val Loss: 0.0144 | LR: 5e-07
EarlyStopping counter: 191 out of 320
Epoch 352 | Train Loss: 0.0291 | Val Loss: 0.0132 | LR: 5e-07
EarlyStopping counter: 192 out of 320
Epoch 353 | Train Loss: 0.0287 | Val Loss: 0.0133 | LR: 5e-07
EarlyStopping counter: 193 out of 320
Epoch 354 | Train Loss: 0.0252 | Val Loss: 0.0151 | LR: 5e-07
EarlyStopping counter: 194 out of 320
Epoch 355 | Train Loss: 0.0286 | Val Loss: 0.0165 | LR: 5e-07
EarlyStopping counter: 195 out of 320
Epoch 356 | Train Loss: 0.0303 | Val Loss: 0.0129 | LR: 5e-07
EarlyStopping counter: 196 out of 320
Epoch 357 | Train Loss: 0.0242 | Val Loss: 0.0139 | LR: 5e-07
EarlyStopping counter: 197 out of 320
Epoch 358 | Train Loss: 0.0326 | Val Loss: 0.0132 | LR: 5e-07
EarlyStopping counter: 198 out of 320
Epoch 359 | Train Loss: 0.0305 | Val Loss: 0.0136 | LR: 5e-07
EarlyStopping counter: 199 out of 320
Epoch 360 | Train Loss: 0.0325 | Val Loss: 0.0126 | LR: 5e-07
EarlyStopping counter: 200 out of 320
Epoch 361 | Train Loss: 0.0253 | Val Loss: 0.0138 | LR: 5e-07
EarlyStopping counter: 201 out of 320
Epoch 362 | Train Loss: 0.0324 | Val Loss: 0.0120 | LR: 5e-07
EarlyStopping counter: 202 out of 320
Epoch 363 | Train Loss: 0.0302 | Val Loss: 0.0143 | LR: 5e-07
EarlyStopping counter: 203 out of 320
Epoch 364 | Train Loss: 0.0290 | Val Loss: 0.0134 | LR: 5e-07
EarlyStopping counter: 204 out of 320
Epoch 365 | Train Loss: 0.0333 | Val Loss: 0.0132 | LR: 5e-07
EarlyStopping counter: 205 out of 320
Epoch 366 | Train Loss: 0.0315 | Val Loss: 0.0126 | LR: 5e-07
EarlyStopping counter: 206 out of 320
Epoch 367 | Train Loss: 0.0301 | Val Loss: 0.0134 | LR: 5e-07
EarlyStopping counter: 207 out of 320
Epoch 368 | Train Loss: 0.0323 | Val Loss: 0.0132 | LR: 5e-07
EarlyStopping counter: 208 out of 320
Epoch 369 | Train Loss: 0.0286 | Val Loss: 0.0154 | LR: 5e-07
EarlyStopping counter: 209 out of 320
Epoch 370 | Train Loss: 0.0310 | Val Loss: 0.0139 | LR: 5e-07
EarlyStopping counter: 210 out of 320
Epoch 371 | Train Loss: 0.0312 | Val Loss: 0.0128 | LR: 5e-07
EarlyStopping counter: 211 out of 320
Epoch 372 | Train Loss: 0.0309 | Val Loss: 0.0134 | LR: 5e-07
EarlyStopping counter: 212 out of 320
Epoch 373 | Train Loss: 0.0325 | Val Loss: 0.0141 | LR: 5e-07
EarlyStopping counter: 213 out of 320
Epoch 374 | Train Loss: 0.0331 | Val Loss: 0.0141 | LR: 5e-07
EarlyStopping counter: 214 out of 320
Epoch 375 | Train Loss: 0.0316 | Val Loss: 0.0128 | LR: 5e-07
EarlyStopping counter: 215 out of 320
Epoch 376 | Train Loss: 0.0368 | Val Loss: 0.0131 | LR: 5e-07
EarlyStopping counter: 216 out of 320
Epoch 377 | Train Loss: 0.0343 | Val Loss: 0.0133 | LR: 5e-07
EarlyStopping counter: 217 out of 320
Epoch 378 | Train Loss: 0.0254 | Val Loss: 0.0142 | LR: 5e-07
EarlyStopping counter: 218 out of 320
Epoch 379 | Train Loss: 0.0301 | Val Loss: 0.0129 | LR: 5e-07
EarlyStopping counter: 219 out of 320
Epoch 380 | Train Loss: 0.0370 | Val Loss: 0.0152 | LR: 5e-07
EarlyStopping counter: 220 out of 320
Epoch 381 | Train Loss: 0.0305 | Val Loss: 0.0129 | LR: 5e-07
EarlyStopping counter: 221 out of 320
Epoch 382 | Train Loss: 0.0304 | Val Loss: 0.0135 | LR: 5e-07
EarlyStopping counter: 222 out of 320
Epoch 383 | Train Loss: 0.0284 | Val Loss: 0.0122 | LR: 5e-07
EarlyStopping counter: 223 out of 320
Epoch 384 | Train Loss: 0.0312 | Val Loss: 0.0135 | LR: 5e-07
EarlyStopping counter: 224 out of 320
Epoch 385 | Train Loss: 0.0284 | Val Loss: 0.0133 | LR: 5e-07
EarlyStopping counter: 225 out of 320
Epoch 386 | Train Loss: 0.0261 | Val Loss: 0.0150 | LR: 5e-07
EarlyStopping counter: 226 out of 320
Epoch 387 | Train Loss: 0.0316 | Val Loss: 0.0127 | LR: 5e-07
EarlyStopping counter: 227 out of 320
Epoch 388 | Train Loss: 0.0265 | Val Loss: 0.0122 | LR: 5e-07
EarlyStopping counter: 228 out of 320
Epoch 389 | Train Loss: 0.0270 | Val Loss: 0.0132 | LR: 5e-07
EarlyStopping counter: 229 out of 320
Epoch 390 | Train Loss: 0.0331 | Val Loss: 0.0154 | LR: 5e-07
EarlyStopping counter: 230 out of 320
Epoch 391 | Train Loss: 0.0292 | Val Loss: 0.0135 | LR: 5e-07
EarlyStopping counter: 231 out of 320
Epoch 392 | Train Loss: 0.0317 | Val Loss: 0.0128 | LR: 5e-07
EarlyStopping counter: 232 out of 320
Epoch 393 | Train Loss: 0.0306 | Val Loss: 0.0122 | LR: 5e-07
EarlyStopping counter: 233 out of 320
Epoch 394 | Train Loss: 0.0336 | Val Loss: 0.0131 | LR: 5e-07
EarlyStopping counter: 234 out of 320
Epoch 395 | Train Loss: 0.0352 | Val Loss: 0.0133 | LR: 5e-07
EarlyStopping counter: 235 out of 320
Epoch 396 | Train Loss: 0.0291 | Val Loss: 0.0124 | LR: 5e-07
EarlyStopping counter: 236 out of 320
Epoch 397 | Train Loss: 0.0331 | Val Loss: 0.0136 | LR: 5e-07
EarlyStopping counter: 237 out of 320
Epoch 398 | Train Loss: 0.0302 | Val Loss: 0.0133 | LR: 5e-07
EarlyStopping counter: 238 out of 320
Epoch 399 | Train Loss: 0.0255 | Val Loss: 0.0127 | LR: 5e-07
EarlyStopping counter: 239 out of 320
Epoch 400 | Train Loss: 0.0295 | Val Loss: 0.0140 | LR: 5e-07
EarlyStopping counter: 240 out of 320
Epoch 401 | Train Loss: 0.0356 | Val Loss: 0.0148 | LR: 5e-07
EarlyStopping counter: 241 out of 320
Epoch 402 | Train Loss: 0.0321 | Val Loss: 0.0129 | LR: 5e-07
EarlyStopping counter: 242 out of 320
Epoch 403 | Train Loss: 0.0350 | Val Loss: 0.0129 | LR: 5e-07
EarlyStopping counter: 243 out of 320
Epoch 404 | Train Loss: 0.0342 | Val Loss: 0.0125 | LR: 5e-07
EarlyStopping counter: 244 out of 320
Epoch 405 | Train Loss: 0.0290 | Val Loss: 0.0136 | LR: 5e-07
EarlyStopping counter: 245 out of 320
Epoch 406 | Train Loss: 0.0310 | Val Loss: 0.0128 | LR: 5e-07
EarlyStopping counter: 246 out of 320
Epoch 407 | Train Loss: 0.0319 | Val Loss: 0.0139 | LR: 5e-07
EarlyStopping counter: 247 out of 320
Epoch 408 | Train Loss: 0.0339 | Val Loss: 0.0129 | LR: 5e-07
EarlyStopping counter: 248 out of 320
Epoch 409 | Train Loss: 0.0294 | Val Loss: 0.0139 | LR: 5e-07
EarlyStopping counter: 249 out of 320
Epoch 410 | Train Loss: 0.0303 | Val Loss: 0.0166 | LR: 5e-07
EarlyStopping counter: 250 out of 320
Epoch 411 | Train Loss: 0.0346 | Val Loss: 0.0108 | LR: 5e-07
EarlyStopping counter: 251 out of 320
Epoch 412 | Train Loss: 0.0295 | Val Loss: 0.0130 | LR: 5e-07
EarlyStopping counter: 252 out of 320
Epoch 413 | Train Loss: 0.0297 | Val Loss: 0.0125 | LR: 5e-07
EarlyStopping counter: 253 out of 320
Epoch 414 | Train Loss: 0.0315 | Val Loss: 0.0137 | LR: 5e-07
EarlyStopping counter: 254 out of 320
Epoch 415 | Train Loss: 0.0279 | Val Loss: 0.0142 | LR: 5e-07
EarlyStopping counter: 255 out of 320
Epoch 416 | Train Loss: 0.0278 | Val Loss: 0.0127 | LR: 5e-07
EarlyStopping counter: 256 out of 320
Epoch 417 | Train Loss: 0.0286 | Val Loss: 0.0136 | LR: 5e-07
EarlyStopping counter: 257 out of 320
Epoch 418 | Train Loss: 0.0314 | Val Loss: 0.0146 | LR: 5e-07
EarlyStopping counter: 258 out of 320
Epoch 419 | Train Loss: 0.0311 | Val Loss: 0.0169 | LR: 5e-07
EarlyStopping counter: 259 out of 320
Epoch 420 | Train Loss: 0.0262 | Val Loss: 0.0122 | LR: 5e-07
EarlyStopping counter: 260 out of 320
Epoch 421 | Train Loss: 0.0264 | Val Loss: 0.0135 | LR: 5e-07
EarlyStopping counter: 261 out of 320
Epoch 422 | Train Loss: 0.0302 | Val Loss: 0.0146 | LR: 5e-07
EarlyStopping counter: 262 out of 320
Epoch 423 | Train Loss: 0.0281 | Val Loss: 0.0142 | LR: 5e-07
EarlyStopping counter: 263 out of 320
Epoch 424 | Train Loss: 0.0306 | Val Loss: 0.0138 | LR: 5e-07
EarlyStopping counter: 264 out of 320
Epoch 425 | Train Loss: 0.0281 | Val Loss: 0.0124 | LR: 5e-07
EarlyStopping counter: 265 out of 320
Epoch 426 | Train Loss: 0.0346 | Val Loss: 0.0140 | LR: 5e-07
EarlyStopping counter: 266 out of 320
Epoch 427 | Train Loss: 0.0267 | Val Loss: 0.0113 | LR: 5e-07
EarlyStopping counter: 267 out of 320
Epoch 428 | Train Loss: 0.0298 | Val Loss: 0.0147 | LR: 5e-07
EarlyStopping counter: 268 out of 320
Epoch 429 | Train Loss: 0.0359 | Val Loss: 0.0111 | LR: 5e-07
EarlyStopping counter: 269 out of 320
Epoch 430 | Train Loss: 0.0303 | Val Loss: 0.0119 | LR: 5e-07
EarlyStopping counter: 270 out of 320
Epoch 431 | Train Loss: 0.0333 | Val Loss: 0.0129 | LR: 5e-07
EarlyStopping counter: 271 out of 320
Epoch 432 | Train Loss: 0.0395 | Val Loss: 0.0124 | LR: 5e-07
EarlyStopping counter: 272 out of 320
Epoch 433 | Train Loss: 0.0337 | Val Loss: 0.0139 | LR: 5e-07
EarlyStopping counter: 273 out of 320
Epoch 434 | Train Loss: 0.0336 | Val Loss: 0.0136 | LR: 5e-07
EarlyStopping counter: 274 out of 320
Epoch 435 | Train Loss: 0.0328 | Val Loss: 0.0134 | LR: 5e-07
EarlyStopping counter: 275 out of 320
Epoch 436 | Train Loss: 0.0316 | Val Loss: 0.0130 | LR: 5e-07
EarlyStopping counter: 276 out of 320
Epoch 437 | Train Loss: 0.0338 | Val Loss: 0.0133 | LR: 5e-07
EarlyStopping counter: 277 out of 320
Epoch 438 | Train Loss: 0.0306 | Val Loss: 0.0120 | LR: 5e-07
EarlyStopping counter: 278 out of 320
Epoch 439 | Train Loss: 0.0314 | Val Loss: 0.0122 | LR: 5e-07
EarlyStopping counter: 279 out of 320
Epoch 440 | Train Loss: 0.0253 | Val Loss: 0.0140 | LR: 5e-07
EarlyStopping counter: 280 out of 320
Epoch 441 | Train Loss: 0.0287 | Val Loss: 0.0136 | LR: 5e-07
EarlyStopping counter: 281 out of 320
Epoch 442 | Train Loss: 0.0317 | Val Loss: 0.0108 | LR: 5e-07
EarlyStopping counter: 282 out of 320
Epoch 443 | Train Loss: 0.0344 | Val Loss: 0.0140 | LR: 5e-07
EarlyStopping counter: 283 out of 320
Epoch 444 | Train Loss: 0.0337 | Val Loss: 0.0108 | LR: 5e-07
EarlyStopping counter: 284 out of 320
Epoch 445 | Train Loss: 0.0309 | Val Loss: 0.0126 | LR: 5e-07
EarlyStopping counter: 285 out of 320
Epoch 446 | Train Loss: 0.0288 | Val Loss: 0.0131 | LR: 5e-07
EarlyStopping counter: 286 out of 320
Epoch 447 | Train Loss: 0.0265 | Val Loss: 0.0129 | LR: 5e-07
EarlyStopping counter: 287 out of 320
Epoch 448 | Train Loss: 0.0269 | Val Loss: 0.0119 | LR: 5e-07
EarlyStopping counter: 288 out of 320
Epoch 449 | Train Loss: 0.0337 | Val Loss: 0.0133 | LR: 5e-07
EarlyStopping counter: 289 out of 320
Epoch 450 | Train Loss: 0.0278 | Val Loss: 0.0137 | LR: 5e-07
EarlyStopping counter: 290 out of 320
Epoch 451 | Train Loss: 0.0273 | Val Loss: 0.0129 | LR: 5e-07
EarlyStopping counter: 291 out of 320
Epoch 452 | Train Loss: 0.0308 | Val Loss: 0.0147 | LR: 5e-07
EarlyStopping counter: 292 out of 320
Epoch 453 | Train Loss: 0.0294 | Val Loss: 0.0135 | LR: 5e-07
EarlyStopping counter: 293 out of 320
Epoch 454 | Train Loss: 0.0273 | Val Loss: 0.0141 | LR: 5e-07
EarlyStopping counter: 294 out of 320
Epoch 455 | Train Loss: 0.0288 | Val Loss: 0.0128 | LR: 5e-07
EarlyStopping counter: 295 out of 320
Epoch 456 | Train Loss: 0.0326 | Val Loss: 0.0130 | LR: 5e-07
EarlyStopping counter: 296 out of 320
Epoch 457 | Train Loss: 0.0320 | Val Loss: 0.0154 | LR: 5e-07
EarlyStopping counter: 297 out of 320
Epoch 458 | Train Loss: 0.0277 | Val Loss: 0.0127 | LR: 5e-07
EarlyStopping counter: 298 out of 320
Epoch 459 | Train Loss: 0.0314 | Val Loss: 0.0126 | LR: 5e-07
EarlyStopping counter: 299 out of 320
Epoch 460 | Train Loss: 0.0329 | Val Loss: 0.0116 | LR: 5e-07
EarlyStopping counter: 300 out of 320
Epoch 461 | Train Loss: 0.0268 | Val Loss: 0.0144 | LR: 5e-07
EarlyStopping counter: 301 out of 320
Epoch 462 | Train Loss: 0.0321 | Val Loss: 0.0131 | LR: 5e-07
EarlyStopping counter: 302 out of 320
Epoch 463 | Train Loss: 0.0258 | Val Loss: 0.0124 | LR: 5e-07
EarlyStopping counter: 303 out of 320
Epoch 464 | Train Loss: 0.0317 | Val Loss: 0.0129 | LR: 5e-07
EarlyStopping counter: 304 out of 320
Epoch 465 | Train Loss: 0.0375 | Val Loss: 0.0132 | LR: 5e-07
EarlyStopping counter: 305 out of 320
Epoch 466 | Train Loss: 0.0319 | Val Loss: 0.0133 | LR: 5e-07
EarlyStopping counter: 306 out of 320
Epoch 467 | Train Loss: 0.0304 | Val Loss: 0.0138 | LR: 5e-07
EarlyStopping counter: 307 out of 320
Epoch 468 | Train Loss: 0.0263 | Val Loss: 0.0134 | LR: 5e-07
EarlyStopping counter: 308 out of 320
Epoch 469 | Train Loss: 0.0313 | Val Loss: 0.0120 | LR: 5e-07
EarlyStopping counter: 309 out of 320
Epoch 470 | Train Loss: 0.0290 | Val Loss: 0.0140 | LR: 5e-07
EarlyStopping counter: 310 out of 320
Epoch 471 | Train Loss: 0.0278 | Val Loss: 0.0136 | LR: 5e-07
EarlyStopping counter: 311 out of 320
Epoch 472 | Train Loss: 0.0261 | Val Loss: 0.0130 | LR: 5e-07
EarlyStopping counter: 312 out of 320
Epoch 473 | Train Loss: 0.0292 | Val Loss: 0.0157 | LR: 5e-07
EarlyStopping counter: 313 out of 320
Epoch 474 | Train Loss: 0.0342 | Val Loss: 0.0139 | LR: 5e-07
EarlyStopping counter: 314 out of 320
Epoch 475 | Train Loss: 0.0299 | Val Loss: 0.0140 | LR: 5e-07
EarlyStopping counter: 315 out of 320
Epoch 476 | Train Loss: 0.0357 | Val Loss: 0.0141 | LR: 5e-07
EarlyStopping counter: 316 out of 320
Epoch 477 | Train Loss: 0.0281 | Val Loss: 0.0137 | LR: 5e-07
EarlyStopping counter: 317 out of 320
Epoch 478 | Train Loss: 0.0296 | Val Loss: 0.0121 | LR: 5e-07
EarlyStopping counter: 318 out of 320
Epoch 479 | Train Loss: 0.0293 | Val Loss: 0.0131 | LR: 5e-07
EarlyStopping counter: 319 out of 320
Epoch 480 | Train Loss: 0.0337 | Val Loss: 0.0141 | LR: 5e-07
EarlyStopping counter: 320 out of 320
Early stopping triggered. Training stopped.
Generating 4-Hour Overlapping Heatmap for Home 89...
Traceback (most recent call last):
  File "<frozen runpy>", line 198, in _run_module_as_main
  File "<frozen runpy>", line 88, in _run_code
  File "/userhome/cs/u3566665/urban-electricity-load-forecasting/train_temporal_fusion.py", line 108, in <module>
    visualize_density_heatmap(model, test_dataset, test_id, device=DEVICE)
    ~~~~~~~~~~~~~~~~~~~~~~~~~^^^^^^^^^^^^^^^^^^^^^^^^^^^^^^^^^^^^^^^^^^^^^
  File "/userhome/cs/u3566665/urban-electricity-load-forecasting/src/interpret.py", line 240, in visualize_density_heatmap
    dataset.get_full_home_stream(home_id)
    ~~~~~~~~~~~~~~~~~~~~~~~~~~~~^^^^^^^^^
  File "/userhome/cs/u3566665/urban-electricity-load-forecasting/src/PytorchDataset/IdealPytorchDataset.py", line 224, in get_full_home_stream
    if target_sample is None:
       ^^^^^^^^^^^^^
UnboundLocalError: cannot access local variable 'target_sample' where it is not associated with a value
